ARM GAS  /var/tmp//ccBOW5D7.s 			page 1


   1              		.cpu cortex-m4
   2              		.arch armv7e-m
   3              		.fpu fpv4-sp-d16
   4              		.eabi_attribute 27, 1
   5              		.eabi_attribute 28, 1
   6              		.eabi_attribute 20, 1
   7              		.eabi_attribute 21, 1
   8              		.eabi_attribute 23, 3
   9              		.eabi_attribute 24, 1
  10              		.eabi_attribute 25, 1
  11              		.eabi_attribute 26, 1
  12              		.eabi_attribute 30, 1
  13              		.eabi_attribute 34, 1
  14              		.eabi_attribute 18, 4
  15              		.file	"freertos.c"
  16              		.text
  17              	.Ltext0:
  18              		.cfi_sections	.debug_frame
  19              		.file 1 "common/Src/freertos.c"
  20              		.section	.text.vApplicationGetIdleTaskMemory,"ax",%progbits
  21              		.align	1
  22              		.global	vApplicationGetIdleTaskMemory
  23              		.syntax unified
  24              		.thumb
  25              		.thumb_func
  27              	vApplicationGetIdleTaskMemory:
  28              	.LVL0:
  29              	.LFB5:
   1:common/Src/freertos.c **** #include "FreeRTOS.h"
   2:common/Src/freertos.c **** 
   3:common/Src/freertos.c **** static StaticTask_t xIdleTaskTCBBuffer;
   4:common/Src/freertos.c **** static StackType_t xIdleStack[configMINIMAL_STACK_SIZE];
   5:common/Src/freertos.c **** 
   6:common/Src/freertos.c **** /**
   7:common/Src/freertos.c ****  * @brief Create memory for Idle task
   8:common/Src/freertos.c ****  * 
   9:common/Src/freertos.c ****  * @param ppxIdleTaskTCBBuffer 
  10:common/Src/freertos.c ****  * @param ppxIdleTaskStackBuffer 
  11:common/Src/freertos.c ****  * @param pulIdleTaskStackSize 
  12:common/Src/freertos.c ****  */
  13:common/Src/freertos.c **** void vApplicationGetIdleTaskMemory( StaticTask_t **ppxIdleTaskTCBBuffer, StackType_t **ppxIdleTaskS
  14:common/Src/freertos.c **** {
  30              		.loc 1 14 1 view -0
  31              		.cfi_startproc
  32              		@ args = 0, pretend = 0, frame = 0
  33              		@ frame_needed = 0, uses_anonymous_args = 0
  34              		@ link register save eliminated.
  15:common/Src/freertos.c ****   *ppxIdleTaskTCBBuffer = &xIdleTaskTCBBuffer;
  35              		.loc 1 15 3 view .LVU1
  36              		.loc 1 15 25 is_stmt 0 view .LVU2
  37 0000 034B     		ldr	r3, .L2
  38 0002 0360     		str	r3, [r0]
  16:common/Src/freertos.c ****   *ppxIdleTaskStackBuffer = &xIdleStack[0];
  39              		.loc 1 16 3 is_stmt 1 view .LVU3
  40              		.loc 1 16 27 is_stmt 0 view .LVU4
  41 0004 034B     		ldr	r3, .L2+4
  42 0006 0B60     		str	r3, [r1]
ARM GAS  /var/tmp//ccBOW5D7.s 			page 2


  17:common/Src/freertos.c ****   *pulIdleTaskStackSize = configMINIMAL_STACK_SIZE;
  43              		.loc 1 17 3 is_stmt 1 view .LVU5
  44              		.loc 1 17 25 is_stmt 0 view .LVU6
  45 0008 8023     		movs	r3, #128
  46 000a 1360     		str	r3, [r2]
  18:common/Src/freertos.c **** }
  47              		.loc 1 18 1 view .LVU7
  48 000c 7047     		bx	lr
  49              	.L3:
  50 000e 00BF     		.align	2
  51              	.L2:
  52 0010 00000000 		.word	xIdleTaskTCBBuffer
  53 0014 00000000 		.word	xIdleStack
  54              		.cfi_endproc
  55              	.LFE5:
  57              		.section	.text.vApplicationGetTimerTaskMemory,"ax",%progbits
  58              		.align	1
  59              		.global	vApplicationGetTimerTaskMemory
  60              		.syntax unified
  61              		.thumb
  62              		.thumb_func
  64              	vApplicationGetTimerTaskMemory:
  65              	.LVL1:
  66              	.LFB6:
  19:common/Src/freertos.c **** 
  20:common/Src/freertos.c **** static StaticTask_t xTimerTaskTCBBuffer;
  21:common/Src/freertos.c **** static StackType_t xTimerStack[configTIMER_TASK_STACK_DEPTH];
  22:common/Src/freertos.c **** 
  23:common/Src/freertos.c **** /**
  24:common/Src/freertos.c ****  * @brief Create memory for Timer task
  25:common/Src/freertos.c ****  * 
  26:common/Src/freertos.c ****  * @param ppxTimerTaskTCBBuffer 
  27:common/Src/freertos.c ****  * @param ppxTimerTaskStackBuffer 
  28:common/Src/freertos.c ****  * @param pulTimerTaskStackSize 
  29:common/Src/freertos.c ****  */
  30:common/Src/freertos.c **** void vApplicationGetTimerTaskMemory( StaticTask_t **ppxTimerTaskTCBBuffer, StackType_t **ppxTimerTa
  31:common/Src/freertos.c **** {
  67              		.loc 1 31 1 is_stmt 1 view -0
  68              		.cfi_startproc
  69              		@ args = 0, pretend = 0, frame = 0
  70              		@ frame_needed = 0, uses_anonymous_args = 0
  71              		@ link register save eliminated.
  32:common/Src/freertos.c ****   *ppxTimerTaskTCBBuffer = &xTimerTaskTCBBuffer;
  72              		.loc 1 32 3 view .LVU9
  73              		.loc 1 32 26 is_stmt 0 view .LVU10
  74 0000 034B     		ldr	r3, .L5
  75 0002 0360     		str	r3, [r0]
  33:common/Src/freertos.c ****   *ppxTimerTaskStackBuffer = &xTimerStack[0];
  76              		.loc 1 33 3 is_stmt 1 view .LVU11
  77              		.loc 1 33 28 is_stmt 0 view .LVU12
  78 0004 034B     		ldr	r3, .L5+4
  79 0006 0B60     		str	r3, [r1]
  34:common/Src/freertos.c ****   *pulTimerTaskStackSize = configTIMER_TASK_STACK_DEPTH;
  80              		.loc 1 34 3 is_stmt 1 view .LVU13
  81              		.loc 1 34 26 is_stmt 0 view .LVU14
  82 0008 4FF48073 		mov	r3, #256
  83 000c 1360     		str	r3, [r2]
ARM GAS  /var/tmp//ccBOW5D7.s 			page 3


  35:common/Src/freertos.c **** }...
  84              		.loc 1 35 1 view .LVU15
  85 000e 7047     		bx	lr
  86              	.L6:
  87              		.align	2
  88              	.L5:
  89 0010 00000000 		.word	xTimerTaskTCBBuffer
  90 0014 00000000 		.word	xTimerStack
  91              		.cfi_endproc
  92              	.LFE6:
  94              		.section	.bss.xTimerStack,"aw",%nobits
  95              		.align	2
  98              	xTimerStack:
  99 0000 00000000 		.space	1024
  99      00000000 
  99      00000000 
  99      00000000 
  99      00000000 
 100              		.section	.bss.xTimerTaskTCBBuffer,"aw",%nobits
 101              		.align	2
 104              	xTimerTaskTCBBuffer:
 105 0000 00000000 		.space	84
 105      00000000 
 105      00000000 
 105      00000000 
 105      00000000 
 106              		.section	.bss.xIdleStack,"aw",%nobits
 107              		.align	2
 110              	xIdleStack:
 111 0000 00000000 		.space	512
 111      00000000 
 111      00000000 
 111      00000000 
 111      00000000 
 112              		.section	.bss.xIdleTaskTCBBuffer,"aw",%nobits
 113              		.align	2
 116              	xIdleTaskTCBBuffer:
 117 0000 00000000 		.space	84
 117      00000000 
 117      00000000 
 117      00000000 
 117      00000000 
 118              		.text
 119              	.Letext0:
 120              		.file 2 "/nix/store/wlyks4zmr4x2sj2nrg9xhhdmjyhqk7ql-gcc-arm-embedded-12.2.rel1/arm-none-eabi/incl
 121              		.file 3 "/nix/store/wlyks4zmr4x2sj2nrg9xhhdmjyhqk7ql-gcc-arm-embedded-12.2.rel1/arm-none-eabi/incl
 122              		.file 4 "middleware/FreeRTOS-Kernel/portable/GCC/ARM_CM4F/portmacro.h"
 123              		.file 5 "middleware/FreeRTOS-Kernel/include/FreeRTOS.h"
ARM GAS  /var/tmp//ccBOW5D7.s 			page 4


DEFINED SYMBOLS
                            *ABS*:0000000000000000 freertos.c
/var/tmp//ccBOW5D7.s:21     .text.vApplicationGetIdleTaskMemory:0000000000000000 $t
/var/tmp//ccBOW5D7.s:27     .text.vApplicationGetIdleTaskMemory:0000000000000000 vApplicationGetIdleTaskMemory
/var/tmp//ccBOW5D7.s:52     .text.vApplicationGetIdleTaskMemory:0000000000000010 $d
/var/tmp//ccBOW5D7.s:116    .bss.xIdleTaskTCBBuffer:0000000000000000 xIdleTaskTCBBuffer
/var/tmp//ccBOW5D7.s:110    .bss.xIdleStack:0000000000000000 xIdleStack
/var/tmp//ccBOW5D7.s:58     .text.vApplicationGetTimerTaskMemory:0000000000000000 $t
/var/tmp//ccBOW5D7.s:64     .text.vApplicationGetTimerTaskMemory:0000000000000000 vApplicationGetTimerTaskMemory
/var/tmp//ccBOW5D7.s:89     .text.vApplicationGetTimerTaskMemory:0000000000000010 $d
/var/tmp//ccBOW5D7.s:104    .bss.xTimerTaskTCBBuffer:0000000000000000 xTimerTaskTCBBuffer
/var/tmp//ccBOW5D7.s:98     .bss.xTimerStack:0000000000000000 xTimerStack
/var/tmp//ccBOW5D7.s:95     .bss.xTimerStack:0000000000000000 $d
/var/tmp//ccBOW5D7.s:101    .bss.xTimerTaskTCBBuffer:0000000000000000 $d
/var/tmp//ccBOW5D7.s:107    .bss.xIdleStack:0000000000000000 $d
/var/tmp//ccBOW5D7.s:113    .bss.xIdleTaskTCBBuffer:0000000000000000 $d

NO UNDEFINED SYMBOLS
