ARM GAS  /var/tmp//ccvgs88y.s 			page 1


   1              		.cpu cortex-m4
   2              		.arch armv7e-m
   3              		.fpu fpv4-sp-d16
   4              		.eabi_attribute 27, 1
   5              		.eabi_attribute 28, 1
   6              		.eabi_attribute 20, 1
   7              		.eabi_attribute 21, 1
   8              		.eabi_attribute 23, 3
   9              		.eabi_attribute 24, 1
  10              		.eabi_attribute 25, 1
  11              		.eabi_attribute 26, 1
  12              		.eabi_attribute 30, 1
  13              		.eabi_attribute 34, 1
  14              		.eabi_attribute 18, 4
  15              		.file	"SevenSegment.c"
  16              		.text
  17              	.Ltext0:
  18              		.cfi_sections	.debug_frame
  19              		.file 1 "driver/Src/SevenSegment.c"
  20              		.section	.text.SevenSegment_Init,"ax",%progbits
  21              		.align	1
  22              		.global	SevenSegment_Init
  23              		.syntax unified
  24              		.thumb
  25              		.thumb_func
  27              	SevenSegment_Init:
  28              	.LFB293:
   1:driver/Src/SevenSegment.c **** #include "stm32xx_hal.h"
   2:driver/Src/SevenSegment.c **** #include "SevenSegment.h"
   3:driver/Src/SevenSegment.c **** 
   4:driver/Src/SevenSegment.c **** static GPIO_InitTypeDef led_configA = {
   5:driver/Src/SevenSegment.c ****     .Mode = GPIO_MODE_OUTPUT_PP,
   6:driver/Src/SevenSegment.c ****     .Pull = GPIO_NOPULL,
   7:driver/Src/SevenSegment.c ****     .Pin = 0 
   8:driver/Src/SevenSegment.c **** }; 
   9:driver/Src/SevenSegment.c **** static GPIO_InitTypeDef led_configB = {
  10:driver/Src/SevenSegment.c ****     .Mode = GPIO_MODE_OUTPUT_PP,
  11:driver/Src/SevenSegment.c ****     .Pull = GPIO_NOPULL,
  12:driver/Src/SevenSegment.c ****     .Pin = 0
  13:driver/Src/SevenSegment.c **** }; 
  14:driver/Src/SevenSegment.c **** 
  15:driver/Src/SevenSegment.c **** static GPIO_InitTypeDef led_configC = {
  16:driver/Src/SevenSegment.c ****     .Mode = GPIO_MODE_OUTPUT_PP,
  17:driver/Src/SevenSegment.c ****     .Pull = GPIO_NOPULL,
  18:driver/Src/SevenSegment.c ****     .Pin = 0
  19:driver/Src/SevenSegment.c **** }; 
  20:driver/Src/SevenSegment.c **** 
  21:driver/Src/SevenSegment.c **** const led_t seven_segment_led[NUMBER_SEVEN_SEGMENTS][NUMBER_SEGMENTS] = {{{GPIO_PIN_10, GPIOB}, {GP
  22:driver/Src/SevenSegment.c ****    {{GPIO_PIN_6, GPIOC}, {GPIO_PIN_7, GPIOC}, {GPIO_PIN_15, GPIOB}, {GPIO_PIN_15, GPIOA}, {GPIO_PIN
  23:driver/Src/SevenSegment.c **** 
  24:driver/Src/SevenSegment.c **** //Initializes the LEDs for the Seven Segment LED.
  25:driver/Src/SevenSegment.c **** void SevenSegment_Init(){ 
  29              		.loc 1 25 25 view -0
  30              		.cfi_startproc
  31              		@ args = 0, pretend = 0, frame = 16
  32              		@ frame_needed = 0, uses_anonymous_args = 0
  33 0000 00B5     		push	{lr}
ARM GAS  /var/tmp//ccvgs88y.s 			page 2


  34              	.LCFI0:
  35              		.cfi_def_cfa_offset 4
  36              		.cfi_offset 14, -4
  37 0002 85B0     		sub	sp, sp, #20
  38              	.LCFI1:
  39              		.cfi_def_cfa_offset 24
  26:driver/Src/SevenSegment.c ****     __HAL_RCC_GPIOA_CLK_ENABLE(); // enable clock for GPIOA
  40              		.loc 1 26 5 view .LVU1
  41              	.LBB2:
  42              		.loc 1 26 5 view .LVU2
  43              		.loc 1 26 5 view .LVU3
  44 0004 364B     		ldr	r3, .L12
  45 0006 DA6C     		ldr	r2, [r3, #76]
  46 0008 42F00102 		orr	r2, r2, #1
  47 000c DA64     		str	r2, [r3, #76]
  48              		.loc 1 26 5 view .LVU4
  49 000e DA6C     		ldr	r2, [r3, #76]
  50 0010 02F00102 		and	r2, r2, #1
  51 0014 0192     		str	r2, [sp, #4]
  52              		.loc 1 26 5 view .LVU5
  53 0016 019A     		ldr	r2, [sp, #4]
  54              	.LBE2:
  55              		.loc 1 26 5 view .LVU6
  27:driver/Src/SevenSegment.c ****     __HAL_RCC_GPIOB_CLK_ENABLE(); // enable clock for GPIOB
  56              		.loc 1 27 5 view .LVU7
  57              	.LBB3:
  58              		.loc 1 27 5 view .LVU8
  59              		.loc 1 27 5 view .LVU9
  60 0018 DA6C     		ldr	r2, [r3, #76]
  61 001a 42F00202 		orr	r2, r2, #2
  62 001e DA64     		str	r2, [r3, #76]
  63              		.loc 1 27 5 view .LVU10
  64 0020 DA6C     		ldr	r2, [r3, #76]
  65 0022 02F00202 		and	r2, r2, #2
  66 0026 0292     		str	r2, [sp, #8]
  67              		.loc 1 27 5 view .LVU11
  68 0028 029A     		ldr	r2, [sp, #8]
  69              	.LBE3:
  70              		.loc 1 27 5 view .LVU12
  28:driver/Src/SevenSegment.c ****     __HAL_RCC_GPIOC_CLK_ENABLE(); // enable clock for GPIOC
  71              		.loc 1 28 5 view .LVU13
  72              	.LBB4:
  73              		.loc 1 28 5 view .LVU14
  74              		.loc 1 28 5 view .LVU15
  75 002a DA6C     		ldr	r2, [r3, #76]
  76 002c 42F00402 		orr	r2, r2, #4
  77 0030 DA64     		str	r2, [r3, #76]
  78              		.loc 1 28 5 view .LVU16
  79 0032 DB6C     		ldr	r3, [r3, #76]
  80 0034 03F00403 		and	r3, r3, #4
  81 0038 0393     		str	r3, [sp, #12]
  82              		.loc 1 28 5 view .LVU17
  83 003a 039B     		ldr	r3, [sp, #12]
  84              	.LBE4:
  85              		.loc 1 28 5 view .LVU18
  29:driver/Src/SevenSegment.c **** 
  30:driver/Src/SevenSegment.c ****     for (uint8_t i = 0; i < NUMBER_SEVEN_SEGMENTS; i++) {
ARM GAS  /var/tmp//ccvgs88y.s 			page 3


  86              		.loc 1 30 5 view .LVU19
  87              	.LBB5:
  88              		.loc 1 30 10 view .LVU20
  89              	.LVL0:
  90              		.loc 1 30 18 is_stmt 0 view .LVU21
  91 003c 4FF0000C 		mov	ip, #0
  92              		.loc 1 30 5 view .LVU22
  93 0040 38E0     		b	.L2
  94              	.LVL1:
  95              	.L3:
  96              	.LBB6:
  31:driver/Src/SevenSegment.c ****         for (uint8_t j = 0; j < NUMBER_SEGMENTS; j++){
  32:driver/Src/SevenSegment.c ****             switch ((uint32_t)seven_segment_led[i][j].Port){
  33:driver/Src/SevenSegment.c ****                 case (uint32_t)GPIOA:
  34:driver/Src/SevenSegment.c ****                     led_configA.Pin = (seven_segment_led[i][j].Pin | led_configA.Pin);  
  35:driver/Src/SevenSegment.c ****                     break; 
  36:driver/Src/SevenSegment.c ****                 case (uint32_t)GPIOB:
  37:driver/Src/SevenSegment.c ****                     led_configB.Pin = (seven_segment_led[i][j].Pin | led_configB.Pin);   
  97              		.loc 1 37 21 is_stmt 1 view .LVU23
  98              		.loc 1 37 63 is_stmt 0 view .LVU24
  99 0042 CCEBCC02 		rsb	r2, ip, ip, lsl #3
 100 0046 1A44     		add	r2, r2, r3
 101 0048 2649     		ldr	r1, .L12+4
 102 004a 51F83220 		ldr	r2, [r1, r2, lsl #3]
 103              		.loc 1 37 81 view .LVU25
 104 004e 2649     		ldr	r1, .L12+8
 105 0050 0868     		ldr	r0, [r1]
 106              		.loc 1 37 68 view .LVU26
 107 0052 0243     		orrs	r2, r2, r0
 108              		.loc 1 37 37 view .LVU27
 109 0054 0A60     		str	r2, [r1]
  38:driver/Src/SevenSegment.c ****                     break;
 110              		.loc 1 38 21 is_stmt 1 view .LVU28
 111              	.L5:
  31:driver/Src/SevenSegment.c ****         for (uint8_t j = 0; j < NUMBER_SEGMENTS; j++){
 112              		.loc 1 31 51 discriminator 2 view .LVU29
 113 0056 0133     		adds	r3, r3, #1
 114              	.LVL2:
  31:driver/Src/SevenSegment.c ****         for (uint8_t j = 0; j < NUMBER_SEGMENTS; j++){
 115              		.loc 1 31 51 is_stmt 0 discriminator 2 view .LVU30
 116 0058 DBB2     		uxtb	r3, r3
 117              	.LVL3:
 118              	.L7:
  31:driver/Src/SevenSegment.c ****         for (uint8_t j = 0; j < NUMBER_SEGMENTS; j++){
 119              		.loc 1 31 31 is_stmt 1 discriminator 1 view .LVU31
 120 005a 062B     		cmp	r3, #6
 121 005c 26D8     		bhi	.L10
  32:driver/Src/SevenSegment.c ****                 case (uint32_t)GPIOA:
 122              		.loc 1 32 13 view .LVU32
  32:driver/Src/SevenSegment.c ****                 case (uint32_t)GPIOA:
 123              		.loc 1 32 54 is_stmt 0 view .LVU33
 124 005e CCEBCC01 		rsb	r1, ip, ip, lsl #3
 125 0062 1944     		add	r1, r1, r3
 126 0064 1F4A     		ldr	r2, .L12+4
 127 0066 02EBC102 		add	r2, r2, r1, lsl #3
 128 006a 5268     		ldr	r2, [r2, #4]
  32:driver/Src/SevenSegment.c ****                 case (uint32_t)GPIOA:
ARM GAS  /var/tmp//ccvgs88y.s 			page 4


 129              		.loc 1 32 13 view .LVU34
 130 006c 1F49     		ldr	r1, .L12+12
 131 006e 8A42     		cmp	r2, r1
 132 0070 E7D0     		beq	.L3
 133 0072 01F58061 		add	r1, r1, #1024
 134 0076 8A42     		cmp	r2, r1
 135 0078 0DD0     		beq	.L4
 136 007a B2F1904F 		cmp	r2, #1207959552
 137 007e EAD1     		bne	.L5
  34:driver/Src/SevenSegment.c ****                     break; 
 138              		.loc 1 34 21 is_stmt 1 view .LVU35
  34:driver/Src/SevenSegment.c ****                     break; 
 139              		.loc 1 34 63 is_stmt 0 view .LVU36
 140 0080 CCEBCC00 		rsb	r0, ip, ip, lsl #3
 141 0084 1844     		add	r0, r0, r3
 142 0086 174A     		ldr	r2, .L12+4
 143 0088 52F83020 		ldr	r2, [r2, r0, lsl #3]
  34:driver/Src/SevenSegment.c ****                     break; 
 144              		.loc 1 34 81 view .LVU37
 145 008c 1849     		ldr	r1, .L12+16
 146 008e 0868     		ldr	r0, [r1]
  34:driver/Src/SevenSegment.c ****                     break; 
 147              		.loc 1 34 68 view .LVU38
 148 0090 0243     		orrs	r2, r2, r0
  34:driver/Src/SevenSegment.c ****                     break; 
 149              		.loc 1 34 37 view .LVU39
 150 0092 0A60     		str	r2, [r1]
  35:driver/Src/SevenSegment.c ****                 case (uint32_t)GPIOB:
 151              		.loc 1 35 21 is_stmt 1 view .LVU40
 152 0094 DFE7     		b	.L5
 153              	.L4:
  39:driver/Src/SevenSegment.c ****                 case (uint32_t)GPIOC:
  40:driver/Src/SevenSegment.c ****                     led_configC.Pin = (seven_segment_led[i][j].Pin | led_configC.Pin);   
 154              		.loc 1 40 21 view .LVU41
 155              		.loc 1 40 63 is_stmt 0 view .LVU42
 156 0096 CCEBCC00 		rsb	r0, ip, ip, lsl #3
 157 009a 1844     		add	r0, r0, r3
 158 009c 114A     		ldr	r2, .L12+4
 159 009e 52F83020 		ldr	r2, [r2, r0, lsl #3]
 160              		.loc 1 40 81 view .LVU43
 161 00a2 1449     		ldr	r1, .L12+20
 162 00a4 0868     		ldr	r0, [r1]
 163              		.loc 1 40 68 view .LVU44
 164 00a6 0243     		orrs	r2, r2, r0
 165              		.loc 1 40 37 view .LVU45
 166 00a8 0A60     		str	r2, [r1]
  41:driver/Src/SevenSegment.c ****                     break;
 167              		.loc 1 41 21 is_stmt 1 view .LVU46
 168 00aa D4E7     		b	.L5
 169              	.L10:
 170              	.LBE6:
  30:driver/Src/SevenSegment.c ****         for (uint8_t j = 0; j < NUMBER_SEGMENTS; j++){
 171              		.loc 1 30 53 discriminator 2 view .LVU47
 172 00ac 0CF1010C 		add	ip, ip, #1
 173              	.LVL4:
  30:driver/Src/SevenSegment.c ****         for (uint8_t j = 0; j < NUMBER_SEGMENTS; j++){
 174              		.loc 1 30 53 is_stmt 0 discriminator 2 view .LVU48
ARM GAS  /var/tmp//ccvgs88y.s 			page 5


 175 00b0 5FFA8CFC 		uxtb	ip, ip
 176              	.LVL5:
 177              	.L2:
  30:driver/Src/SevenSegment.c ****         for (uint8_t j = 0; j < NUMBER_SEGMENTS; j++){
 178              		.loc 1 30 27 is_stmt 1 discriminator 1 view .LVU49
 179 00b4 BCF1010F 		cmp	ip, #1
 180 00b8 01D8     		bhi	.L11
 181              	.LBB7:
  31:driver/Src/SevenSegment.c ****             switch ((uint32_t)seven_segment_led[i][j].Port){
 182              		.loc 1 31 22 is_stmt 0 view .LVU50
 183 00ba 0023     		movs	r3, #0
 184 00bc CDE7     		b	.L7
 185              	.L11:
 186              	.LBE7:
 187              	.LBE5:
  42:driver/Src/SevenSegment.c ****             }
  43:driver/Src/SevenSegment.c ****         } 
  44:driver/Src/SevenSegment.c ****     }
  45:driver/Src/SevenSegment.c ****     HAL_GPIO_Init(GPIOA, &led_configA); // initialize GPIOA with led_configA 
 188              		.loc 1 45 5 is_stmt 1 view .LVU51
 189 00be 0C49     		ldr	r1, .L12+16
 190 00c0 4FF09040 		mov	r0, #1207959552
 191 00c4 FFF7FEFF 		bl	HAL_GPIO_Init
 192              	.LVL6:
  46:driver/Src/SevenSegment.c ****     HAL_GPIO_Init(GPIOB, &led_configB); // initialize GPIOB with led_configB
 193              		.loc 1 46 5 view .LVU52
 194 00c8 0749     		ldr	r1, .L12+8
 195 00ca 0848     		ldr	r0, .L12+12
 196 00cc FFF7FEFF 		bl	HAL_GPIO_Init
 197              	.LVL7:
  47:driver/Src/SevenSegment.c ****     HAL_GPIO_Init(GPIOC, &led_configC); // initialize GPIOC with led_configC
 198              		.loc 1 47 5 view .LVU53
 199 00d0 0849     		ldr	r1, .L12+20
 200 00d2 0948     		ldr	r0, .L12+24
 201 00d4 FFF7FEFF 		bl	HAL_GPIO_Init
 202              	.LVL8:
  48:driver/Src/SevenSegment.c **** 
  49:driver/Src/SevenSegment.c ****     //DISPLAY1 LED1 PB10, LED2 PB1, LED3 PB14, LED4 PB2, LED5 PB0, LED6 PC5, LED7 PC4
  50:driver/Src/SevenSegment.c ****     //DISPLAY2 LED8 PC6, LED9 PC7, LED10 PB15, LED11 PA15, LED12 PC10, LED13 PC11, LED14 PC12
  51:driver/Src/SevenSegment.c **** }
 203              		.loc 1 51 1 is_stmt 0 view .LVU54
 204 00d8 05B0     		add	sp, sp, #20
 205              	.LCFI2:
 206              		.cfi_def_cfa_offset 4
 207              		@ sp needed
 208 00da 5DF804FB 		ldr	pc, [sp], #4
 209              	.L13:
 210 00de 00BF     		.align	2
 211              	.L12:
 212 00e0 00100240 		.word	1073876992
 213 00e4 00000000 		.word	seven_segment_led
 214 00e8 00000000 		.word	led_configB
 215 00ec 00040048 		.word	1207960576
 216 00f0 00000000 		.word	led_configA
 217 00f4 00000000 		.word	led_configC
 218 00f8 00080048 		.word	1207961600
 219              		.cfi_endproc
ARM GAS  /var/tmp//ccvgs88y.s 			page 6


 220              	.LFE293:
 222              		.section	.text.displayNum_SevenSegment,"ax",%progbits
 223              		.align	1
 224              		.global	displayNum_SevenSegment
 225              		.syntax unified
 226              		.thumb
 227              		.thumb_func
 229              	displayNum_SevenSegment:
 230              	.LVL9:
 231              	.LFB294:
  52:driver/Src/SevenSegment.c **** 
  53:driver/Src/SevenSegment.c **** 
  54:driver/Src/SevenSegment.c **** /*Displays a number on the Seven Segment LEDs. Display refers to display_0 or display_1 
  55:driver/Src/SevenSegment.c ****  and number is the number 0-99 that the LEDs will display. 
  56:driver/Src/SevenSegment.c ****  If the number is larger than 10, display input does not matter since it will use both displays. 
  57:driver/Src/SevenSegment.c ****  Returns 1 for success and 0 for failure.*/
  58:driver/Src/SevenSegment.c **** 
  59:driver/Src/SevenSegment.c ****  uint8_t displayNum_SevenSegment(display_t display, uint8_t number){ //display is 0 or 1
 232              		.loc 1 59 68 is_stmt 1 view -0
 233              		.cfi_startproc
 234              		@ args = 0, pretend = 0, frame = 0
 235              		@ frame_needed = 0, uses_anonymous_args = 0
  60:driver/Src/SevenSegment.c ****     uint8_t digit = 0;
 236              		.loc 1 60 5 view .LVU56
  61:driver/Src/SevenSegment.c ****     if (number > MAX_NUM){
 237              		.loc 1 61 5 view .LVU57
 238              		.loc 1 61 8 is_stmt 0 view .LVU58
 239 0000 6329     		cmp	r1, #99
 240 0002 00F29581 		bhi	.L64
  59:driver/Src/SevenSegment.c ****     uint8_t digit = 0;
 241              		.loc 1 59 68 view .LVU59
 242 0006 2DE9F843 		push	{r3, r4, r5, r6, r7, r8, r9, lr}
 243              	.LCFI3:
 244              		.cfi_def_cfa_offset 32
 245              		.cfi_offset 3, -32
 246              		.cfi_offset 4, -28
 247              		.cfi_offset 5, -24
 248              		.cfi_offset 6, -20
 249              		.cfi_offset 7, -16
 250              		.cfi_offset 8, -12
 251              		.cfi_offset 9, -8
 252              		.cfi_offset 14, -4
 253 000a 0446     		mov	r4, r0
 254 000c 0F46     		mov	r7, r1
 255              	.LBB8:
  62:driver/Src/SevenSegment.c ****         return 0;
  63:driver/Src/SevenSegment.c ****     }
  64:driver/Src/SevenSegment.c ****    for (uint8_t i = 0; i < NUMBER_SEVEN_SEGMENTS; i++){
 256              		.loc 1 64 17 view .LVU60
 257 000e 0025     		movs	r5, #0
 258              	.LBE8:
  60:driver/Src/SevenSegment.c ****     if (number > MAX_NUM){
 259              		.loc 1 60 13 view .LVU61
 260 0010 A846     		mov	r8, r5
 261 0012 35E0     		b	.L16
 262              	.LVL10:
 263              	.L17:
ARM GAS  /var/tmp//ccvgs88y.s 			page 7


 264              	.LBB21:
  65:driver/Src/SevenSegment.c ****         if ((number/10) == 0){
  66:driver/Src/SevenSegment.c ****             if (display > display_1){
  67:driver/Src/SevenSegment.c ****                 return 0;
  68:driver/Src/SevenSegment.c ****             }
  69:driver/Src/SevenSegment.c ****             digit = number;
  70:driver/Src/SevenSegment.c ****         }
  71:driver/Src/SevenSegment.c ****         else if ((number/10) != 0 && i == 0) {
 265              		.loc 1 71 14 is_stmt 1 discriminator 1 view .LVU62
 266              		.loc 1 71 35 is_stmt 0 discriminator 1 view .LVU63
 267 0014 75B1     		cbz	r5, .L80
  72:driver/Src/SevenSegment.c ****             digit = number / 10;
  73:driver/Src/SevenSegment.c ****             display = display_1;
  74:driver/Src/SevenSegment.c ****         }
  75:driver/Src/SevenSegment.c ****         else if ((number/10) != 0 && i == 1){
 268              		.loc 1 75 14 is_stmt 1 discriminator 1 view .LVU64
 269              		.loc 1 75 35 is_stmt 0 discriminator 1 view .LVU65
 270 0016 012D     		cmp	r5, #1
 271 0018 3BD1     		bne	.L18
  76:driver/Src/SevenSegment.c ****             digit = number % 10;
 272              		.loc 1 76 13 is_stmt 1 view .LVU66
 273              		.loc 1 76 19 is_stmt 0 view .LVU67
 274 001a C34B     		ldr	r3, .L86
 275 001c A3FB0738 		umull	r3, r8, r3, r7
 276              	.LVL11:
 277              		.loc 1 76 19 view .LVU68
 278 0020 4FEAD808 		lsr	r8, r8, #3
 279 0024 08EB8808 		add	r8, r8, r8, lsl #2
 280 0028 A7EB4808 		sub	r8, r7, r8, lsl #1
 281 002c 5FFA88F8 		uxtb	r8, r8
 282              	.LVL12:
  77:driver/Src/SevenSegment.c ****             display = display_0;
 283              		.loc 1 77 13 is_stmt 1 view .LVU69
 284              		.loc 1 77 21 is_stmt 0 view .LVU70
 285 0030 0024     		movs	r4, #0
 286 0032 2EE0     		b	.L18
 287              	.LVL13:
 288              	.L80:
  72:driver/Src/SevenSegment.c ****             digit = number / 10;
 289              		.loc 1 72 13 is_stmt 1 view .LVU71
  72:driver/Src/SevenSegment.c ****             digit = number / 10;
 290              		.loc 1 72 19 is_stmt 0 view .LVU72
 291 0034 BC4B     		ldr	r3, .L86
 292 0036 A3FB0738 		umull	r3, r8, r3, r7
 293              	.LVL14:
  72:driver/Src/SevenSegment.c ****             digit = number / 10;
 294              		.loc 1 72 19 view .LVU73
 295 003a 4FEAD808 		lsr	r8, r8, #3
 296              	.LVL15:
  73:driver/Src/SevenSegment.c ****         }
 297              		.loc 1 73 13 is_stmt 1 view .LVU74
  73:driver/Src/SevenSegment.c ****         }
 298              		.loc 1 73 21 is_stmt 0 view .LVU75
 299 003e 0124     		movs	r4, #1
 300 0040 27E0     		b	.L18
 301              	.LVL16:
 302              	.L31:
ARM GAS  /var/tmp//ccvgs88y.s 			page 8


  78:driver/Src/SevenSegment.c ****         }
  79:driver/Src/SevenSegment.c ****     switch (digit){
  80:driver/Src/SevenSegment.c ****          case 0:
  81:driver/Src/SevenSegment.c ****             HAL_GPIO_WritePin(seven_segment_led[display][6].Port, seven_segment_led[display][6].Pin
 303              		.loc 1 81 13 is_stmt 1 view .LVU76
 304 0042 A146     		mov	r9, r4
 305              		.loc 1 81 60 is_stmt 0 view .LVU77
 306 0044 C4EBC402 		rsb	r2, r4, r4, lsl #3
 307 0048 B84B     		ldr	r3, .L86+4
 308 004a 03EBC203 		add	r3, r3, r2, lsl #3
 309              		.loc 1 81 13 view .LVU78
 310 004e 0122     		movs	r2, #1
 311 0050 198E     		ldrh	r1, [r3, #48]
 312 0052 586B     		ldr	r0, [r3, #52]
 313 0054 FFF7FEFF 		bl	HAL_GPIO_WritePin
 314              	.LVL17:
  82:driver/Src/SevenSegment.c ****             for (uint8_t i = 0; i < 6; i++){
 315              		.loc 1 82 13 is_stmt 1 view .LVU79
 316              	.LBB9:
 317              		.loc 1 82 18 view .LVU80
 318              		.loc 1 82 26 is_stmt 0 view .LVU81
 319 0058 4646     		mov	r6, r8
 320              		.loc 1 82 13 view .LVU82
 321 005a 0DE0     		b	.L32
 322              	.LVL18:
 323              	.L33:
  83:driver/Src/SevenSegment.c ****                 HAL_GPIO_WritePin(seven_segment_led[display][i].Port, seven_segment_led[display][i]
 324              		.loc 1 83 17 is_stmt 1 discriminator 3 view .LVU83
 325              		.loc 1 83 64 is_stmt 0 discriminator 3 view .LVU84
 326 005c B349     		ldr	r1, .L86+4
 327 005e C9EBC903 		rsb	r3, r9, r9, lsl #3
 328 0062 3344     		add	r3, r3, r6
 329 0064 01EBC300 		add	r0, r1, r3, lsl #3
 330              		.loc 1 83 17 discriminator 3 view .LVU85
 331 0068 0022     		movs	r2, #0
 332 006a 31F83310 		ldrh	r1, [r1, r3, lsl #3]
 333 006e 4068     		ldr	r0, [r0, #4]
 334 0070 FFF7FEFF 		bl	HAL_GPIO_WritePin
 335              	.LVL19:
  82:driver/Src/SevenSegment.c ****             for (uint8_t i = 0; i < 6; i++){
 336              		.loc 1 82 41 is_stmt 1 discriminator 3 view .LVU86
 337 0074 0136     		adds	r6, r6, #1
 338              	.LVL20:
  82:driver/Src/SevenSegment.c ****             for (uint8_t i = 0; i < 6; i++){
 339              		.loc 1 82 41 is_stmt 0 discriminator 3 view .LVU87
 340 0076 F6B2     		uxtb	r6, r6
 341              	.LVL21:
 342              	.L32:
  82:driver/Src/SevenSegment.c ****             for (uint8_t i = 0; i < 6; i++){
 343              		.loc 1 82 35 is_stmt 1 discriminator 1 view .LVU88
 344 0078 052E     		cmp	r6, #5
 345 007a EFD9     		bls	.L33
 346              	.LVL22:
 347              	.L20:
  82:driver/Src/SevenSegment.c ****             for (uint8_t i = 0; i < 6; i++){
 348              		.loc 1 82 35 is_stmt 0 discriminator 1 view .LVU89
 349              	.LBE9:
ARM GAS  /var/tmp//ccvgs88y.s 			page 9


  64:driver/Src/SevenSegment.c ****         if ((number/10) == 0){
 350              		.loc 1 64 52 is_stmt 1 discriminator 2 view .LVU90
 351 007c 0135     		adds	r5, r5, #1
 352              	.LVL23:
  64:driver/Src/SevenSegment.c ****         if ((number/10) == 0){
 353              		.loc 1 64 52 is_stmt 0 discriminator 2 view .LVU91
 354 007e EDB2     		uxtb	r5, r5
 355              	.LVL24:
 356              	.L16:
  64:driver/Src/SevenSegment.c ****         if ((number/10) == 0){
 357              		.loc 1 64 26 is_stmt 1 discriminator 1 view .LVU92
 358 0080 012D     		cmp	r5, #1
 359 0082 00F24D81 		bhi	.L81
  65:driver/Src/SevenSegment.c ****             if (display > display_1){
 360              		.loc 1 65 9 view .LVU93
  65:driver/Src/SevenSegment.c ****             if (display > display_1){
 361              		.loc 1 65 12 is_stmt 0 view .LVU94
 362 0086 092F     		cmp	r7, #9
 363 0088 C4D8     		bhi	.L17
  66:driver/Src/SevenSegment.c ****                 return 0;
 364              		.loc 1 66 13 is_stmt 1 view .LVU95
  66:driver/Src/SevenSegment.c ****                 return 0;
 365              		.loc 1 66 16 is_stmt 0 view .LVU96
 366 008a 012C     		cmp	r4, #1
 367 008c 00F25281 		bhi	.L65
  69:driver/Src/SevenSegment.c ****         }
 368              		.loc 1 69 19 view .LVU97
 369 0090 B846     		mov	r8, r7
 370              	.LVL25:
 371              	.L18:
  79:driver/Src/SevenSegment.c ****          case 0:
 372              		.loc 1 79 5 is_stmt 1 view .LVU98
 373 0092 B8F1090F 		cmp	r8, #9
 374 0096 F1D8     		bhi	.L20
 375 0098 01A3     		adr	r3, .L22
 376 009a 53F828F0 		ldr	pc, [r3, r8, lsl #2]
 377 009e 00BF     		.p2align 2
 378              	.L22:
 379 00a0 43000000 		.word	.L31+1
 380 00a4 E3000000 		.word	.L66+1
 381 00a8 51010000 		.word	.L67+1
 382 00ac 6F010000 		.word	.L68+1
 383 00b0 DF010000 		.word	.L69+1
 384 00b4 27020000 		.word	.L70+1
 385 00b8 6B020000 		.word	.L71+1
 386 00bc B3020000 		.word	.L72+1
 387 00c0 B7020000 		.word	.L73+1
 388 00c4 1D030000 		.word	.L74+1
 389              	.LVL26:
 390              		.p2align 1
 391              	.L82:
 392              	.LBB10:
  84:driver/Src/SevenSegment.c ****             }
  85:driver/Src/SevenSegment.c ****            
  86:driver/Src/SevenSegment.c ****             //On:LED1 PB10, LED2 PB1, LED3 PB14, LED4 PB2, LED5 PB0, LED6 PC5
  87:driver/Src/SevenSegment.c ****             //On:LED8 PC6, LED9 PC7, LED10 PB15, LED11 PA15, LED12 PC10, LED13 PC11
  88:driver/Src/SevenSegment.c ****             break;
ARM GAS  /var/tmp//ccvgs88y.s 			page 10


  89:driver/Src/SevenSegment.c ****          case 1:
  90:driver/Src/SevenSegment.c ****              for (uint8_t i = 0; i <= 6; i++){
  91:driver/Src/SevenSegment.c ****                 if (i !=4 && i !=5){
  92:driver/Src/SevenSegment.c ****                     HAL_GPIO_WritePin(seven_segment_led[display][i].Port, seven_segment_led[display
 393              		.loc 1 92 21 view .LVU99
 394              		.loc 1 92 68 is_stmt 0 view .LVU100
 395 00c8 9849     		ldr	r1, .L86+4
 396 00ca C4EBC403 		rsb	r3, r4, r4, lsl #3
 397 00ce 3344     		add	r3, r3, r6
 398 00d0 01EBC300 		add	r0, r1, r3, lsl #3
 399              		.loc 1 92 21 view .LVU101
 400 00d4 0122     		movs	r2, #1
 401 00d6 31F83310 		ldrh	r1, [r1, r3, lsl #3]
 402 00da 4068     		ldr	r0, [r0, #4]
 403 00dc FFF7FEFF 		bl	HAL_GPIO_WritePin
 404              	.LVL27:
 405 00e0 12E0     		b	.L35
 406              	.LVL28:
 407              	.L66:
 408              		.loc 1 92 21 view .LVU102
 409              	.LBE10:
  79:driver/Src/SevenSegment.c ****          case 0:
 410              		.loc 1 79 5 view .LVU103
 411 00e2 0026     		movs	r6, #0
 412              	.L30:
 413              	.LVL29:
 414              	.LBB11:
  90:driver/Src/SevenSegment.c ****                 if (i !=4 && i !=5){
 415              		.loc 1 90 36 is_stmt 1 discriminator 1 view .LVU104
 416 00e4 062E     		cmp	r6, #6
 417 00e6 C9D8     		bhi	.L20
  91:driver/Src/SevenSegment.c ****                     HAL_GPIO_WritePin(seven_segment_led[display][i].Port, seven_segment_led[display
 418              		.loc 1 91 17 view .LVU105
  91:driver/Src/SevenSegment.c ****                     HAL_GPIO_WritePin(seven_segment_led[display][i].Port, seven_segment_led[display
 419              		.loc 1 91 27 is_stmt 0 view .LVU106
 420 00e8 331F     		subs	r3, r6, #4
 421 00ea DBB2     		uxtb	r3, r3
  91:driver/Src/SevenSegment.c ****                     HAL_GPIO_WritePin(seven_segment_led[display][i].Port, seven_segment_led[display
 422              		.loc 1 91 20 view .LVU107
 423 00ec 012B     		cmp	r3, #1
 424 00ee EBD8     		bhi	.L82
  93:driver/Src/SevenSegment.c ****                 }
  94:driver/Src/SevenSegment.c ****                 else{
  95:driver/Src/SevenSegment.c ****                     HAL_GPIO_WritePin(seven_segment_led[display][i].Port, seven_segment_led[display
 425              		.loc 1 95 21 is_stmt 1 view .LVU108
 426              		.loc 1 95 68 is_stmt 0 view .LVU109
 427 00f0 8E49     		ldr	r1, .L86+4
 428 00f2 C4EBC403 		rsb	r3, r4, r4, lsl #3
 429 00f6 3344     		add	r3, r3, r6
 430 00f8 01EBC300 		add	r0, r1, r3, lsl #3
 431              		.loc 1 95 21 view .LVU110
 432 00fc 0022     		movs	r2, #0
 433 00fe 31F83310 		ldrh	r1, [r1, r3, lsl #3]
 434 0102 4068     		ldr	r0, [r0, #4]
 435 0104 FFF7FEFF 		bl	HAL_GPIO_WritePin
 436              	.LVL30:
 437              	.L35:
ARM GAS  /var/tmp//ccvgs88y.s 			page 11


  90:driver/Src/SevenSegment.c ****                 if (i !=4 && i !=5){
 438              		.loc 1 90 43 is_stmt 1 discriminator 2 view .LVU111
 439 0108 0136     		adds	r6, r6, #1
 440              	.LVL31:
  90:driver/Src/SevenSegment.c ****                 if (i !=4 && i !=5){
 441              		.loc 1 90 43 is_stmt 0 discriminator 2 view .LVU112
 442 010a F6B2     		uxtb	r6, r6
 443              	.LVL32:
  90:driver/Src/SevenSegment.c ****                 if (i !=4 && i !=5){
 444              		.loc 1 90 43 discriminator 2 view .LVU113
 445 010c EAE7     		b	.L30
 446              	.LVL33:
 447              	.L37:
  90:driver/Src/SevenSegment.c ****                 if (i !=4 && i !=5){
 448              		.loc 1 90 43 discriminator 2 view .LVU114
 449              	.LBE11:
 450              	.LBB12:
  96:driver/Src/SevenSegment.c ****                 }
  97:driver/Src/SevenSegment.c ****              }
  98:driver/Src/SevenSegment.c ****              //On: LED2 PB1, LED3 PB14
  99:driver/Src/SevenSegment.c ****              //On: LED9 PC7, LED10 PB15
 100:driver/Src/SevenSegment.c ****              break;
 101:driver/Src/SevenSegment.c ****         case 2:
 102:driver/Src/SevenSegment.c ****             for (uint8_t i = 0; i <= 6; i++){
 103:driver/Src/SevenSegment.c ****                 if ((i == 2) || (i == 5)) {
 104:driver/Src/SevenSegment.c ****                     HAL_GPIO_WritePin(seven_segment_led[display][i].Port, seven_segment_led[display
 451              		.loc 1 104 21 is_stmt 1 view .LVU115
 452              		.loc 1 104 68 is_stmt 0 view .LVU116
 453 010e 8749     		ldr	r1, .L86+4
 454 0110 C4EBC403 		rsb	r3, r4, r4, lsl #3
 455 0114 3344     		add	r3, r3, r6
 456 0116 01EBC300 		add	r0, r1, r3, lsl #3
 457              		.loc 1 104 21 view .LVU117
 458 011a 0122     		movs	r2, #1
 459 011c 31F83310 		ldrh	r1, [r1, r3, lsl #3]
 460 0120 4068     		ldr	r0, [r0, #4]
 461 0122 FFF7FEFF 		bl	HAL_GPIO_WritePin
 462              	.LVL34:
 463              	.L39:
 102:driver/Src/SevenSegment.c ****                 if ((i == 2) || (i == 5)) {
 464              		.loc 1 102 42 is_stmt 1 discriminator 2 view .LVU118
 465 0126 0136     		adds	r6, r6, #1
 466              	.LVL35:
 102:driver/Src/SevenSegment.c ****                 if ((i == 2) || (i == 5)) {
 467              		.loc 1 102 42 is_stmt 0 discriminator 2 view .LVU119
 468 0128 F6B2     		uxtb	r6, r6
 469              	.LVL36:
 470              	.L29:
 102:driver/Src/SevenSegment.c ****                 if ((i == 2) || (i == 5)) {
 471              		.loc 1 102 35 is_stmt 1 discriminator 1 view .LVU120
 472 012a 062E     		cmp	r6, #6
 473 012c A6D8     		bhi	.L20
 103:driver/Src/SevenSegment.c ****                     HAL_GPIO_WritePin(seven_segment_led[display][i].Port, seven_segment_led[display
 474              		.loc 1 103 17 view .LVU121
 103:driver/Src/SevenSegment.c ****                     HAL_GPIO_WritePin(seven_segment_led[display][i].Port, seven_segment_led[display
 475              		.loc 1 103 20 is_stmt 0 view .LVU122
 476 012e 022E     		cmp	r6, #2
ARM GAS  /var/tmp//ccvgs88y.s 			page 12


 477 0130 EDD0     		beq	.L37
 103:driver/Src/SevenSegment.c ****                     HAL_GPIO_WritePin(seven_segment_led[display][i].Port, seven_segment_led[display
 478              		.loc 1 103 30 discriminator 1 view .LVU123
 479 0132 052E     		cmp	r6, #5
 480 0134 EBD0     		beq	.L37
 105:driver/Src/SevenSegment.c ****                 }
 106:driver/Src/SevenSegment.c ****                 else{
 107:driver/Src/SevenSegment.c ****                     HAL_GPIO_WritePin(seven_segment_led[display][i].Port, seven_segment_led[display
 481              		.loc 1 107 21 is_stmt 1 view .LVU124
 482              		.loc 1 107 68 is_stmt 0 view .LVU125
 483 0136 7D49     		ldr	r1, .L86+4
 484 0138 C4EBC403 		rsb	r3, r4, r4, lsl #3
 485 013c 3344     		add	r3, r3, r6
 486 013e 01EBC300 		add	r0, r1, r3, lsl #3
 487              		.loc 1 107 21 view .LVU126
 488 0142 0022     		movs	r2, #0
 489 0144 31F83310 		ldrh	r1, [r1, r3, lsl #3]
 490 0148 4068     		ldr	r0, [r0, #4]
 491 014a FFF7FEFF 		bl	HAL_GPIO_WritePin
 492              	.LVL37:
 493 014e EAE7     		b	.L39
 494              	.LVL38:
 495              	.L67:
 496              		.loc 1 107 21 view .LVU127
 497              	.LBE12:
  79:driver/Src/SevenSegment.c ****          case 0:
 498              		.loc 1 79 5 view .LVU128
 499 0150 0026     		movs	r6, #0
 500 0152 EAE7     		b	.L29
 501              	.LVL39:
 502              	.L83:
 503              	.LBB13:
 108:driver/Src/SevenSegment.c ****                 }
 109:driver/Src/SevenSegment.c ****             }
 110:driver/Src/SevenSegment.c **** 
 111:driver/Src/SevenSegment.c ****             //On:LED1 PB10, LED2 PB1, LED4 PB2, LED5 PB0, LED7 PC4
 112:driver/Src/SevenSegment.c ****             //On:LED8 PC6, LED9 PC7, LED11 PA15, LED12 PC10, LED14 PC12
 113:driver/Src/SevenSegment.c ****             break;
 114:driver/Src/SevenSegment.c ****         case 3:
 115:driver/Src/SevenSegment.c ****             for (uint8_t i = 0; i <= 6; i++){ 
 116:driver/Src/SevenSegment.c ****                 if (i == 2 || i == 1) {
 117:driver/Src/SevenSegment.c ****                     HAL_GPIO_WritePin(seven_segment_led[display][i].Port, seven_segment_led[display
 504              		.loc 1 117 21 is_stmt 1 view .LVU129
 505              		.loc 1 117 68 is_stmt 0 view .LVU130
 506 0154 7549     		ldr	r1, .L86+4
 507 0156 C4EBC403 		rsb	r3, r4, r4, lsl #3
 508 015a 3344     		add	r3, r3, r6
 509 015c 01EBC300 		add	r0, r1, r3, lsl #3
 510              		.loc 1 117 21 view .LVU131
 511 0160 0122     		movs	r2, #1
 512 0162 31F83310 		ldrh	r1, [r1, r3, lsl #3]
 513 0166 4068     		ldr	r0, [r0, #4]
 514 0168 FFF7FEFF 		bl	HAL_GPIO_WritePin
 515              	.LVL40:
 516 016c 12E0     		b	.L42
 517              	.LVL41:
 518              	.L68:
ARM GAS  /var/tmp//ccvgs88y.s 			page 13


 519              		.loc 1 117 21 view .LVU132
 520              	.LBE13:
  79:driver/Src/SevenSegment.c ****          case 0:
 521              		.loc 1 79 5 view .LVU133
 522 016e 0026     		movs	r6, #0
 523              	.L28:
 524              	.LVL42:
 525              	.LBB14:
 115:driver/Src/SevenSegment.c ****                 if (i == 2 || i == 1) {
 526              		.loc 1 115 35 is_stmt 1 discriminator 1 view .LVU134
 527 0170 062E     		cmp	r6, #6
 528 0172 83D8     		bhi	.L20
 116:driver/Src/SevenSegment.c ****                     HAL_GPIO_WritePin(seven_segment_led[display][i].Port, seven_segment_led[display
 529              		.loc 1 116 17 view .LVU135
 116:driver/Src/SevenSegment.c ****                     HAL_GPIO_WritePin(seven_segment_led[display][i].Port, seven_segment_led[display
 530              		.loc 1 116 28 is_stmt 0 view .LVU136
 531 0174 731E     		subs	r3, r6, #1
 532 0176 DBB2     		uxtb	r3, r3
 116:driver/Src/SevenSegment.c ****                     HAL_GPIO_WritePin(seven_segment_led[display][i].Port, seven_segment_led[display
 533              		.loc 1 116 20 view .LVU137
 534 0178 012B     		cmp	r3, #1
 535 017a EBD9     		bls	.L83
 118:driver/Src/SevenSegment.c ****                 }
 119:driver/Src/SevenSegment.c ****                 else{
 120:driver/Src/SevenSegment.c ****                     HAL_GPIO_WritePin(seven_segment_led[display][i].Port, seven_segment_led[display
 536              		.loc 1 120 21 is_stmt 1 view .LVU138
 537              		.loc 1 120 68 is_stmt 0 view .LVU139
 538 017c 6B49     		ldr	r1, .L86+4
 539 017e C4EBC403 		rsb	r3, r4, r4, lsl #3
 540 0182 3344     		add	r3, r3, r6
 541 0184 01EBC300 		add	r0, r1, r3, lsl #3
 542              		.loc 1 120 21 view .LVU140
 543 0188 0022     		movs	r2, #0
 544 018a 31F83310 		ldrh	r1, [r1, r3, lsl #3]
 545 018e 4068     		ldr	r0, [r0, #4]
 546 0190 FFF7FEFF 		bl	HAL_GPIO_WritePin
 547              	.LVL43:
 548              	.L42:
 115:driver/Src/SevenSegment.c ****                 if (i == 2 || i == 1) {
 549              		.loc 1 115 42 is_stmt 1 discriminator 2 view .LVU141
 550 0194 0136     		adds	r6, r6, #1
 551              	.LVL44:
 115:driver/Src/SevenSegment.c ****                 if (i == 2 || i == 1) {
 552              		.loc 1 115 42 is_stmt 0 discriminator 2 view .LVU142
 553 0196 F6B2     		uxtb	r6, r6
 554              	.LVL45:
 115:driver/Src/SevenSegment.c ****                 if (i == 2 || i == 1) {
 555              		.loc 1 115 42 discriminator 2 view .LVU143
 556 0198 EAE7     		b	.L28
 557              	.LVL46:
 558              	.L44:
 115:driver/Src/SevenSegment.c ****                 if (i == 2 || i == 1) {
 559              		.loc 1 115 42 discriminator 2 view .LVU144
 560              	.LBE14:
 561              	.LBB15:
 121:driver/Src/SevenSegment.c ****                 }
 122:driver/Src/SevenSegment.c ****             }
ARM GAS  /var/tmp//ccvgs88y.s 			page 14


 123:driver/Src/SevenSegment.c ****     
 124:driver/Src/SevenSegment.c ****             //On:LED1 PB10, LED2 PB1, LED3 PB14, LED4 PB2, LED7 PC4
 125:driver/Src/SevenSegment.c ****             //On:LED8 PC6, LED9 PC7, LED10 PB15, LED11 PA15, LED14 PC12
 126:driver/Src/SevenSegment.c ****             break;
 127:driver/Src/SevenSegment.c ****         case 4:
 128:driver/Src/SevenSegment.c ****             for (uint8_t i = 0; i <= 6; i++){ 
 129:driver/Src/SevenSegment.c ****                 if ((i <= 1) || (i == 3)) {
 130:driver/Src/SevenSegment.c ****                     HAL_GPIO_WritePin(seven_segment_led[display][i].Port, seven_segment_led[display
 562              		.loc 1 130 21 is_stmt 1 view .LVU145
 563              		.loc 1 130 68 is_stmt 0 view .LVU146
 564 019a 6449     		ldr	r1, .L86+4
 565 019c C4EBC403 		rsb	r3, r4, r4, lsl #3
 566 01a0 3344     		add	r3, r3, r6
 567 01a2 01EBC300 		add	r0, r1, r3, lsl #3
 568              		.loc 1 130 21 view .LVU147
 569 01a6 0122     		movs	r2, #1
 570 01a8 31F83310 		ldrh	r1, [r1, r3, lsl #3]
 571 01ac 4068     		ldr	r0, [r0, #4]
 572 01ae FFF7FEFF 		bl	HAL_GPIO_WritePin
 573              	.LVL47:
 574              	.L46:
 128:driver/Src/SevenSegment.c ****                 if ((i <= 1) || (i == 3)) {
 575              		.loc 1 128 42 is_stmt 1 discriminator 2 view .LVU148
 576 01b2 0136     		adds	r6, r6, #1
 577              	.LVL48:
 128:driver/Src/SevenSegment.c ****                 if ((i <= 1) || (i == 3)) {
 578              		.loc 1 128 42 is_stmt 0 discriminator 2 view .LVU149
 579 01b4 F6B2     		uxtb	r6, r6
 580              	.LVL49:
 581              	.L27:
 128:driver/Src/SevenSegment.c ****                 if ((i <= 1) || (i == 3)) {
 582              		.loc 1 128 35 is_stmt 1 discriminator 1 view .LVU150
 583 01b6 062E     		cmp	r6, #6
 584 01b8 3FF660AF 		bhi	.L20
 129:driver/Src/SevenSegment.c ****                     HAL_GPIO_WritePin(seven_segment_led[display][i].Port, seven_segment_led[display
 585              		.loc 1 129 17 view .LVU151
 129:driver/Src/SevenSegment.c ****                     HAL_GPIO_WritePin(seven_segment_led[display][i].Port, seven_segment_led[display
 586              		.loc 1 129 20 is_stmt 0 view .LVU152
 587 01bc 012E     		cmp	r6, #1
 588 01be ECD9     		bls	.L44
 129:driver/Src/SevenSegment.c ****                     HAL_GPIO_WritePin(seven_segment_led[display][i].Port, seven_segment_led[display
 589              		.loc 1 129 30 discriminator 1 view .LVU153
 590 01c0 032E     		cmp	r6, #3
 591 01c2 EAD0     		beq	.L44
 131:driver/Src/SevenSegment.c ****                 }
 132:driver/Src/SevenSegment.c ****                 else{
 133:driver/Src/SevenSegment.c ****                     HAL_GPIO_WritePin(seven_segment_led[display][i].Port, seven_segment_led[display
 592              		.loc 1 133 21 is_stmt 1 view .LVU154
 593              		.loc 1 133 68 is_stmt 0 view .LVU155
 594 01c4 5949     		ldr	r1, .L86+4
 595 01c6 C4EBC403 		rsb	r3, r4, r4, lsl #3
 596 01ca 3344     		add	r3, r3, r6
 597 01cc 01EBC300 		add	r0, r1, r3, lsl #3
 598              		.loc 1 133 21 view .LVU156
 599 01d0 0022     		movs	r2, #0
 600 01d2 31F83310 		ldrh	r1, [r1, r3, lsl #3]
 601 01d6 4068     		ldr	r0, [r0, #4]
ARM GAS  /var/tmp//ccvgs88y.s 			page 15


 602 01d8 FFF7FEFF 		bl	HAL_GPIO_WritePin
 603              	.LVL50:
 604 01dc E9E7     		b	.L46
 605              	.LVL51:
 606              	.L69:
 607              		.loc 1 133 21 view .LVU157
 608              	.LBE15:
  79:driver/Src/SevenSegment.c ****          case 0:
 609              		.loc 1 79 5 view .LVU158
 610 01de 0026     		movs	r6, #0
 611 01e0 E9E7     		b	.L27
 612              	.LVL52:
 613              	.L48:
 614              	.LBB16:
 134:driver/Src/SevenSegment.c ****                 }
 135:driver/Src/SevenSegment.c ****             }
 136:driver/Src/SevenSegment.c ****            
 137:driver/Src/SevenSegment.c ****             //On: LED2 PB1, LED3 PB14, LED6 PC5, LED7 PC4
 138:driver/Src/SevenSegment.c ****             //On: LED9 PC7, LED10 PB15, LED13 PC11, LED14 PC12
 139:driver/Src/SevenSegment.c ****             break;
 140:driver/Src/SevenSegment.c ****         case 5:
 141:driver/Src/SevenSegment.c ****             for (uint8_t i = 0; i <= 6; i++){ 
 142:driver/Src/SevenSegment.c ****                 if ((i == 1) || (i == 4)) {
 143:driver/Src/SevenSegment.c ****                     HAL_GPIO_WritePin(seven_segment_led[display][i].Port, seven_segment_led[display
 615              		.loc 1 143 21 is_stmt 1 view .LVU159
 616              		.loc 1 143 68 is_stmt 0 view .LVU160
 617 01e2 5249     		ldr	r1, .L86+4
 618 01e4 C4EBC403 		rsb	r3, r4, r4, lsl #3
 619 01e8 3344     		add	r3, r3, r6
 620 01ea 01EBC300 		add	r0, r1, r3, lsl #3
 621              		.loc 1 143 21 view .LVU161
 622 01ee 0122     		movs	r2, #1
 623 01f0 31F83310 		ldrh	r1, [r1, r3, lsl #3]
 624 01f4 4068     		ldr	r0, [r0, #4]
 625 01f6 FFF7FEFF 		bl	HAL_GPIO_WritePin
 626              	.LVL53:
 627              	.L50:
 141:driver/Src/SevenSegment.c ****                 if ((i == 1) || (i == 4)) {
 628              		.loc 1 141 42 is_stmt 1 discriminator 2 view .LVU162
 629 01fa 0136     		adds	r6, r6, #1
 630              	.LVL54:
 141:driver/Src/SevenSegment.c ****                 if ((i == 1) || (i == 4)) {
 631              		.loc 1 141 42 is_stmt 0 discriminator 2 view .LVU163
 632 01fc F6B2     		uxtb	r6, r6
 633              	.LVL55:
 634              	.L26:
 141:driver/Src/SevenSegment.c ****                 if ((i == 1) || (i == 4)) {
 635              		.loc 1 141 35 is_stmt 1 discriminator 1 view .LVU164
 636 01fe 062E     		cmp	r6, #6
 637 0200 3FF63CAF 		bhi	.L20
 142:driver/Src/SevenSegment.c ****                     HAL_GPIO_WritePin(seven_segment_led[display][i].Port, seven_segment_led[display
 638              		.loc 1 142 17 view .LVU165
 142:driver/Src/SevenSegment.c ****                     HAL_GPIO_WritePin(seven_segment_led[display][i].Port, seven_segment_led[display
 639              		.loc 1 142 20 is_stmt 0 view .LVU166
 640 0204 012E     		cmp	r6, #1
 641 0206 ECD0     		beq	.L48
 142:driver/Src/SevenSegment.c ****                     HAL_GPIO_WritePin(seven_segment_led[display][i].Port, seven_segment_led[display
ARM GAS  /var/tmp//ccvgs88y.s 			page 16


 642              		.loc 1 142 30 discriminator 1 view .LVU167
 643 0208 042E     		cmp	r6, #4
 644 020a EAD0     		beq	.L48
 144:driver/Src/SevenSegment.c ****                 }
 145:driver/Src/SevenSegment.c ****                 else{
 146:driver/Src/SevenSegment.c ****                     HAL_GPIO_WritePin(seven_segment_led[display][i].Port, seven_segment_led[display
 645              		.loc 1 146 21 is_stmt 1 view .LVU168
 646              		.loc 1 146 68 is_stmt 0 view .LVU169
 647 020c 4749     		ldr	r1, .L86+4
 648 020e C4EBC403 		rsb	r3, r4, r4, lsl #3
 649 0212 3344     		add	r3, r3, r6
 650 0214 01EBC300 		add	r0, r1, r3, lsl #3
 651              		.loc 1 146 21 view .LVU170
 652 0218 0022     		movs	r2, #0
 653 021a 31F83310 		ldrh	r1, [r1, r3, lsl #3]
 654 021e 4068     		ldr	r0, [r0, #4]
 655 0220 FFF7FEFF 		bl	HAL_GPIO_WritePin
 656              	.LVL56:
 657 0224 E9E7     		b	.L50
 658              	.LVL57:
 659              	.L70:
 660              		.loc 1 146 21 view .LVU171
 661              	.LBE16:
  79:driver/Src/SevenSegment.c ****          case 0:
 662              		.loc 1 79 5 view .LVU172
 663 0226 0026     		movs	r6, #0
 664 0228 E9E7     		b	.L26
 665              	.LVL58:
 666              	.L84:
 667              	.LBB17:
 147:driver/Src/SevenSegment.c ****                 }
 148:driver/Src/SevenSegment.c ****             }
 149:driver/Src/SevenSegment.c ****             
 150:driver/Src/SevenSegment.c ****             //On:LED1 PB10, LED3 PB14, LED4 PB2, LED6 PC5, LED7 PC4
 151:driver/Src/SevenSegment.c ****             //On:LED8 PC6, LED10 PB15, LED11 PA15, LED13 PC11, LED14 PC12
 152:driver/Src/SevenSegment.c ****             break;
 153:driver/Src/SevenSegment.c ****         case 6:
 154:driver/Src/SevenSegment.c ****             for (uint8_t i = 0; i <= 6; i++){ 
 155:driver/Src/SevenSegment.c ****                 if (i == 4) {
 156:driver/Src/SevenSegment.c ****                     HAL_GPIO_WritePin(seven_segment_led[display][i].Port, seven_segment_led[display
 668              		.loc 1 156 21 is_stmt 1 view .LVU173
 669              		.loc 1 156 68 is_stmt 0 view .LVU174
 670 022a 4049     		ldr	r1, .L86+4
 671 022c C4EBC403 		rsb	r3, r4, r4, lsl #3
 672 0230 3344     		add	r3, r3, r6
 673 0232 01EBC300 		add	r0, r1, r3, lsl #3
 674              		.loc 1 156 21 view .LVU175
 675 0236 0122     		movs	r2, #1
 676 0238 31F83310 		ldrh	r1, [r1, r3, lsl #3]
 677 023c 4068     		ldr	r0, [r0, #4]
 678 023e FFF7FEFF 		bl	HAL_GPIO_WritePin
 679              	.LVL59:
 680              	.L53:
 154:driver/Src/SevenSegment.c ****                 if (i == 4) {
 681              		.loc 1 154 42 is_stmt 1 discriminator 2 view .LVU176
 682 0242 0136     		adds	r6, r6, #1
 683              	.LVL60:
ARM GAS  /var/tmp//ccvgs88y.s 			page 17


 154:driver/Src/SevenSegment.c ****                 if (i == 4) {
 684              		.loc 1 154 42 is_stmt 0 discriminator 2 view .LVU177
 685 0244 F6B2     		uxtb	r6, r6
 686              	.LVL61:
 687              	.L25:
 154:driver/Src/SevenSegment.c ****                 if (i == 4) {
 688              		.loc 1 154 35 is_stmt 1 discriminator 1 view .LVU178
 689 0246 062E     		cmp	r6, #6
 690 0248 3FF618AF 		bhi	.L20
 155:driver/Src/SevenSegment.c ****                     HAL_GPIO_WritePin(seven_segment_led[display][i].Port, seven_segment_led[display
 691              		.loc 1 155 17 view .LVU179
 155:driver/Src/SevenSegment.c ****                     HAL_GPIO_WritePin(seven_segment_led[display][i].Port, seven_segment_led[display
 692              		.loc 1 155 20 is_stmt 0 view .LVU180
 693 024c 042E     		cmp	r6, #4
 694 024e ECD0     		beq	.L84
 157:driver/Src/SevenSegment.c ****                 }
 158:driver/Src/SevenSegment.c ****                 else{
 159:driver/Src/SevenSegment.c ****                     HAL_GPIO_WritePin(seven_segment_led[display][i].Port, seven_segment_led[display
 695              		.loc 1 159 21 is_stmt 1 view .LVU181
 696              		.loc 1 159 68 is_stmt 0 view .LVU182
 697 0250 3649     		ldr	r1, .L86+4
 698 0252 C4EBC403 		rsb	r3, r4, r4, lsl #3
 699 0256 3344     		add	r3, r3, r6
 700 0258 01EBC300 		add	r0, r1, r3, lsl #3
 701              		.loc 1 159 21 view .LVU183
 702 025c 0022     		movs	r2, #0
 703 025e 31F83310 		ldrh	r1, [r1, r3, lsl #3]
 704 0262 4068     		ldr	r0, [r0, #4]
 705 0264 FFF7FEFF 		bl	HAL_GPIO_WritePin
 706              	.LVL62:
 707 0268 EBE7     		b	.L53
 708              	.LVL63:
 709              	.L71:
 710              		.loc 1 159 21 view .LVU184
 711              	.LBE17:
  79:driver/Src/SevenSegment.c ****          case 0:
 712              		.loc 1 79 5 view .LVU185
 713 026a 0026     		movs	r6, #0
 714 026c EBE7     		b	.L25
 715              	.LVL64:
 716              	.L55:
 717              	.LBB18:
 160:driver/Src/SevenSegment.c ****                 }
 161:driver/Src/SevenSegment.c ****             }
 162:driver/Src/SevenSegment.c ****     
 163:driver/Src/SevenSegment.c ****             //On:LED1 PB10, LED3 PB14, LED4 PB2, LED5 PB0, LED6 PC5, LED7 PC4
 164:driver/Src/SevenSegment.c ****             //On:LED8 PC6, LED10 PB15, LED11 PA15, LED12 PC10, LED13 PC11, LED14 PC12
 165:driver/Src/SevenSegment.c ****             break;
 166:driver/Src/SevenSegment.c ****         case 7:
 167:driver/Src/SevenSegment.c ****             for (uint8_t i = 0; i <= 6; i++){ 
 168:driver/Src/SevenSegment.c ****                 if ((i <= 2) || i == 6){
 169:driver/Src/SevenSegment.c ****                     HAL_GPIO_WritePin(seven_segment_led[display][i].Port, seven_segment_led[display
 718              		.loc 1 169 21 is_stmt 1 view .LVU186
 719              		.loc 1 169 68 is_stmt 0 view .LVU187
 720 026e 2F49     		ldr	r1, .L86+4
 721 0270 C4EBC403 		rsb	r3, r4, r4, lsl #3
 722 0274 3344     		add	r3, r3, r6
ARM GAS  /var/tmp//ccvgs88y.s 			page 18


 723 0276 01EBC300 		add	r0, r1, r3, lsl #3
 724              		.loc 1 169 21 view .LVU188
 725 027a 0122     		movs	r2, #1
 726 027c 31F83310 		ldrh	r1, [r1, r3, lsl #3]
 727 0280 4068     		ldr	r0, [r0, #4]
 728 0282 FFF7FEFF 		bl	HAL_GPIO_WritePin
 729              	.LVL65:
 730              	.L57:
 167:driver/Src/SevenSegment.c ****                 if ((i <= 2) || i == 6){
 731              		.loc 1 167 42 is_stmt 1 discriminator 2 view .LVU189
 732 0286 0136     		adds	r6, r6, #1
 733              	.LVL66:
 167:driver/Src/SevenSegment.c ****                 if ((i <= 2) || i == 6){
 734              		.loc 1 167 42 is_stmt 0 discriminator 2 view .LVU190
 735 0288 F6B2     		uxtb	r6, r6
 736              	.LVL67:
 737              	.L24:
 167:driver/Src/SevenSegment.c ****                 if ((i <= 2) || i == 6){
 738              		.loc 1 167 35 is_stmt 1 discriminator 1 view .LVU191
 739 028a 062E     		cmp	r6, #6
 740 028c 3FF6F6AE 		bhi	.L20
 168:driver/Src/SevenSegment.c ****                     HAL_GPIO_WritePin(seven_segment_led[display][i].Port, seven_segment_led[display
 741              		.loc 1 168 17 view .LVU192
 168:driver/Src/SevenSegment.c ****                     HAL_GPIO_WritePin(seven_segment_led[display][i].Port, seven_segment_led[display
 742              		.loc 1 168 20 is_stmt 0 view .LVU193
 743 0290 022E     		cmp	r6, #2
 744 0292 ECD9     		bls	.L55
 168:driver/Src/SevenSegment.c ****                     HAL_GPIO_WritePin(seven_segment_led[display][i].Port, seven_segment_led[display
 745              		.loc 1 168 30 discriminator 1 view .LVU194
 746 0294 062E     		cmp	r6, #6
 747 0296 EAD0     		beq	.L55
 170:driver/Src/SevenSegment.c ****                 }
 171:driver/Src/SevenSegment.c ****                 else{
 172:driver/Src/SevenSegment.c ****                     HAL_GPIO_WritePin(seven_segment_led[display][i].Port, seven_segment_led[display
 748              		.loc 1 172 21 is_stmt 1 view .LVU195
 749              		.loc 1 172 68 is_stmt 0 view .LVU196
 750 0298 2449     		ldr	r1, .L86+4
 751 029a C4EBC403 		rsb	r3, r4, r4, lsl #3
 752 029e 3344     		add	r3, r3, r6
 753 02a0 01EBC300 		add	r0, r1, r3, lsl #3
 754              		.loc 1 172 21 view .LVU197
 755 02a4 0022     		movs	r2, #0
 756 02a6 31F83310 		ldrh	r1, [r1, r3, lsl #3]
 757 02aa 4068     		ldr	r0, [r0, #4]
 758 02ac FFF7FEFF 		bl	HAL_GPIO_WritePin
 759              	.LVL68:
 760 02b0 E9E7     		b	.L57
 761              	.LVL69:
 762              	.L72:
 763              		.loc 1 172 21 view .LVU198
 764              	.LBE18:
  79:driver/Src/SevenSegment.c ****          case 0:
 765              		.loc 1 79 5 view .LVU199
 766 02b2 0026     		movs	r6, #0
 767 02b4 E9E7     		b	.L24
 768              	.L73:
 769 02b6 0026     		movs	r6, #0
ARM GAS  /var/tmp//ccvgs88y.s 			page 19


 770              	.L23:
 771              	.LVL70:
 772              	.LBB19:
 173:driver/Src/SevenSegment.c ****                 }
 174:driver/Src/SevenSegment.c ****             }
 175:driver/Src/SevenSegment.c ****             
 176:driver/Src/SevenSegment.c ****             //On:LED1 PB10, LED2 PB1, LED3 PB14
 177:driver/Src/SevenSegment.c ****             //On:LED8 PC6, LED9 PC7, LED10 PB15
 178:driver/Src/SevenSegment.c ****             break;
 179:driver/Src/SevenSegment.c ****         case 8:
 180:driver/Src/SevenSegment.c ****             for (uint8_t i = 0; i <= 6; i++){
 773              		.loc 1 180 35 is_stmt 1 discriminator 1 view .LVU200
 774 02b8 062E     		cmp	r6, #6
 775 02ba 3FF6DFAE 		bhi	.L20
 181:driver/Src/SevenSegment.c ****                 HAL_GPIO_WritePin(seven_segment_led[display][i].Port, seven_segment_led[display][i]
 776              		.loc 1 181 17 discriminator 3 view .LVU201
 777              		.loc 1 181 64 is_stmt 0 discriminator 3 view .LVU202
 778 02be 1B49     		ldr	r1, .L86+4
 779 02c0 C4EBC403 		rsb	r3, r4, r4, lsl #3
 780 02c4 3344     		add	r3, r3, r6
 781 02c6 01EBC300 		add	r0, r1, r3, lsl #3
 782              		.loc 1 181 17 discriminator 3 view .LVU203
 783 02ca 0022     		movs	r2, #0
 784 02cc 31F83310 		ldrh	r1, [r1, r3, lsl #3]
 785 02d0 4068     		ldr	r0, [r0, #4]
 786 02d2 FFF7FEFF 		bl	HAL_GPIO_WritePin
 787              	.LVL71:
 180:driver/Src/SevenSegment.c ****                 HAL_GPIO_WritePin(seven_segment_led[display][i].Port, seven_segment_led[display][i]
 788              		.loc 1 180 42 is_stmt 1 discriminator 3 view .LVU204
 789 02d6 0136     		adds	r6, r6, #1
 790              	.LVL72:
 180:driver/Src/SevenSegment.c ****                 HAL_GPIO_WritePin(seven_segment_led[display][i].Port, seven_segment_led[display][i]
 791              		.loc 1 180 42 is_stmt 0 discriminator 3 view .LVU205
 792 02d8 F6B2     		uxtb	r6, r6
 793              	.LVL73:
 180:driver/Src/SevenSegment.c ****                 HAL_GPIO_WritePin(seven_segment_led[display][i].Port, seven_segment_led[display][i]
 794              		.loc 1 180 42 discriminator 3 view .LVU206
 795 02da EDE7     		b	.L23
 796              	.LVL74:
 797              	.L85:
 180:driver/Src/SevenSegment.c ****                 HAL_GPIO_WritePin(seven_segment_led[display][i].Port, seven_segment_led[display][i]
 798              		.loc 1 180 42 discriminator 3 view .LVU207
 799              	.LBE19:
 800              	.LBB20:
 182:driver/Src/SevenSegment.c ****             } 
 183:driver/Src/SevenSegment.c ****             //On:LED1 PB10, LED2 PB1, LED3 PB14, LED4 PB2, LED5 PB0, LED6 PC5, LED7 PC4
 184:driver/Src/SevenSegment.c ****             //On:LED8 PC6, LED9 PC7, LED10 PB15, LED11 PA15, LED12 PC10, LED13 PC11, LED14 PC12
 185:driver/Src/SevenSegment.c ****             break;
 186:driver/Src/SevenSegment.c ****         case 9:
 187:driver/Src/SevenSegment.c ****             for (uint8_t i = 0; i <= 6; i++){ 
 188:driver/Src/SevenSegment.c ****                 if (i == 1){
 189:driver/Src/SevenSegment.c ****                     HAL_GPIO_WritePin(seven_segment_led[display][i].Port, seven_segment_led[display
 801              		.loc 1 189 21 is_stmt 1 view .LVU208
 802              		.loc 1 189 68 is_stmt 0 view .LVU209
 803 02dc 1349     		ldr	r1, .L86+4
 804 02de C4EBC403 		rsb	r3, r4, r4, lsl #3
 805 02e2 3344     		add	r3, r3, r6
ARM GAS  /var/tmp//ccvgs88y.s 			page 20


 806 02e4 01EBC300 		add	r0, r1, r3, lsl #3
 807              		.loc 1 189 21 view .LVU210
 808 02e8 0122     		movs	r2, #1
 809 02ea 31F83310 		ldrh	r1, [r1, r3, lsl #3]
 810 02ee 4068     		ldr	r0, [r0, #4]
 811 02f0 FFF7FEFF 		bl	HAL_GPIO_WritePin
 812              	.LVL75:
 813              	.L61:
 187:driver/Src/SevenSegment.c ****                 if (i == 1){
 814              		.loc 1 187 42 is_stmt 1 discriminator 2 view .LVU211
 815 02f4 0136     		adds	r6, r6, #1
 816              	.LVL76:
 187:driver/Src/SevenSegment.c ****                 if (i == 1){
 817              		.loc 1 187 42 is_stmt 0 discriminator 2 view .LVU212
 818 02f6 F6B2     		uxtb	r6, r6
 819              	.LVL77:
 820              	.L21:
 187:driver/Src/SevenSegment.c ****                 if (i == 1){
 821              		.loc 1 187 35 is_stmt 1 discriminator 1 view .LVU213
 822 02f8 062E     		cmp	r6, #6
 823 02fa 3FF6BFAE 		bhi	.L20
 188:driver/Src/SevenSegment.c ****                     HAL_GPIO_WritePin(seven_segment_led[display][i].Port, seven_segment_led[display
 824              		.loc 1 188 17 view .LVU214
 188:driver/Src/SevenSegment.c ****                     HAL_GPIO_WritePin(seven_segment_led[display][i].Port, seven_segment_led[display
 825              		.loc 1 188 20 is_stmt 0 view .LVU215
 826 02fe 012E     		cmp	r6, #1
 827 0300 ECD0     		beq	.L85
 190:driver/Src/SevenSegment.c ****                 }
 191:driver/Src/SevenSegment.c ****                 else{
 192:driver/Src/SevenSegment.c ****                     HAL_GPIO_WritePin(seven_segment_led[display][i].Port, seven_segment_led[display
 828              		.loc 1 192 21 is_stmt 1 view .LVU216
 829              		.loc 1 192 68 is_stmt 0 view .LVU217
 830 0302 0A49     		ldr	r1, .L86+4
 831 0304 C4EBC403 		rsb	r3, r4, r4, lsl #3
 832 0308 3344     		add	r3, r3, r6
 833 030a 01EBC300 		add	r0, r1, r3, lsl #3
 834              		.loc 1 192 21 view .LVU218
 835 030e 0022     		movs	r2, #0
 836 0310 31F83310 		ldrh	r1, [r1, r3, lsl #3]
 837 0314 4068     		ldr	r0, [r0, #4]
 838 0316 FFF7FEFF 		bl	HAL_GPIO_WritePin
 839              	.LVL78:
 840 031a EBE7     		b	.L61
 841              	.LVL79:
 842              	.L74:
 843              		.loc 1 192 21 view .LVU219
 844              	.LBE20:
  79:driver/Src/SevenSegment.c ****          case 0:
 845              		.loc 1 79 5 view .LVU220
 846 031c 0026     		movs	r6, #0
 847 031e EBE7     		b	.L21
 848              	.L81:
  79:driver/Src/SevenSegment.c ****          case 0:
 849              		.loc 1 79 5 view .LVU221
 850              	.LBE21:
 193:driver/Src/SevenSegment.c ****                 }
 194:driver/Src/SevenSegment.c ****             }
ARM GAS  /var/tmp//ccvgs88y.s 			page 21


 195:driver/Src/SevenSegment.c ****             
 196:driver/Src/SevenSegment.c ****             //On:LED1 PB10, LED2 PB1, LED3 PB14, LED4 PB2, LED6 PC5, LED7 PC4
 197:driver/Src/SevenSegment.c ****             //On:LED8 PC6, LED9 PC7, LED10 PB15, LED11 PA15, LED13 PC11, LED14 PC12
 198:driver/Src/SevenSegment.c ****             break;
 199:driver/Src/SevenSegment.c ****     }
 200:driver/Src/SevenSegment.c ****     }
 201:driver/Src/SevenSegment.c ****     return 1;
 851              		.loc 1 201 12 view .LVU222
 852 0320 0120     		movs	r0, #1
 853              	.L15:
 202:driver/Src/SevenSegment.c **** }
 854              		.loc 1 202 1 view .LVU223
 855 0322 BDE8F883 		pop	{r3, r4, r5, r6, r7, r8, r9, pc}
 856              	.LVL80:
 857              	.L87:
 858              		.loc 1 202 1 view .LVU224
 859 0326 00BF     		.align	2
 860              	.L86:
 861 0328 CDCCCCCC 		.word	-858993459
 862 032c 00000000 		.word	seven_segment_led
 863              	.LVL81:
 864              	.L64:
 865              	.LCFI4:
 866              		.cfi_def_cfa_offset 0
 867              		.cfi_restore 3
 868              		.cfi_restore 4
 869              		.cfi_restore 5
 870              		.cfi_restore 6
 871              		.cfi_restore 7
 872              		.cfi_restore 8
 873              		.cfi_restore 9
 874              		.cfi_restore 14
  62:driver/Src/SevenSegment.c ****     }
 875              		.loc 1 62 16 view .LVU225
 876 0330 0020     		movs	r0, #0
 877              	.LVL82:
 878              		.loc 1 202 1 view .LVU226
 879 0332 7047     		bx	lr
 880              	.LVL83:
 881              	.L65:
 882              	.LCFI5:
 883              		.cfi_def_cfa_offset 32
 884              		.cfi_offset 3, -32
 885              		.cfi_offset 4, -28
 886              		.cfi_offset 5, -24
 887              		.cfi_offset 6, -20
 888              		.cfi_offset 7, -16
 889              		.cfi_offset 8, -12
 890              		.cfi_offset 9, -8
 891              		.cfi_offset 14, -4
 892              	.LBB22:
  67:driver/Src/SevenSegment.c ****             }
 893              		.loc 1 67 24 view .LVU227
 894 0334 0020     		movs	r0, #0
 895 0336 F4E7     		b	.L15
 896              	.LBE22:
 897              		.cfi_endproc
ARM GAS  /var/tmp//ccvgs88y.s 			page 22


 898              	.LFE294:
 900              		.section	.text.displayTwoNum_SevenSegment,"ax",%progbits
 901              		.align	1
 902              		.global	displayTwoNum_SevenSegment
 903              		.syntax unified
 904              		.thumb
 905              		.thumb_func
 907              	displayTwoNum_SevenSegment:
 908              	.LVL84:
 909              	.LFB295:
 203:driver/Src/SevenSegment.c **** 
 204:driver/Src/SevenSegment.c **** //Displays a 2 number input and returns 0 for failure and 1 for success
 205:driver/Src/SevenSegment.c **** uint8_t displayTwoNum_SevenSegment(uint8_t number){
 910              		.loc 1 205 51 is_stmt 1 view -0
 911              		.cfi_startproc
 912              		@ args = 0, pretend = 0, frame = 0
 913              		@ frame_needed = 0, uses_anonymous_args = 0
 914              		.loc 1 205 51 is_stmt 0 view .LVU229
 915 0000 08B5     		push	{r3, lr}
 916              	.LCFI6:
 917              		.cfi_def_cfa_offset 8
 918              		.cfi_offset 3, -8
 919              		.cfi_offset 14, -4
 920 0002 0146     		mov	r1, r0
 206:driver/Src/SevenSegment.c ****     return displayNum_SevenSegment(0, number);
 921              		.loc 1 206 5 is_stmt 1 view .LVU230
 922              		.loc 1 206 12 is_stmt 0 view .LVU231
 923 0004 0020     		movs	r0, #0
 924              	.LVL85:
 925              		.loc 1 206 12 view .LVU232
 926 0006 FFF7FEFF 		bl	displayNum_SevenSegment
 927              	.LVL86:
 207:driver/Src/SevenSegment.c ****  }
 928              		.loc 1 207 2 view .LVU233
 929 000a 08BD     		pop	{r3, pc}
 930              		.cfi_endproc
 931              	.LFE295:
 933              		.section	.text.off_SevenSegment,"ax",%progbits
 934              		.align	1
 935              		.global	off_SevenSegment
 936              		.syntax unified
 937              		.thumb
 938              		.thumb_func
 940              	off_SevenSegment:
 941              	.LVL87:
 942              	.LFB296:
 208:driver/Src/SevenSegment.c **** 
 209:driver/Src/SevenSegment.c **** /* This function turns off the LEDs in one or both displays. 
 210:driver/Src/SevenSegment.c **** Input is display_0, display_1, or display_off */
 211:driver/Src/SevenSegment.c **** void off_SevenSegment(uint8_t display){
 943              		.loc 1 211 39 is_stmt 1 view -0
 944              		.cfi_startproc
 945              		@ args = 0, pretend = 0, frame = 0
 946              		@ frame_needed = 0, uses_anonymous_args = 0
 947              		.loc 1 211 39 is_stmt 0 view .LVU235
 948 0000 38B5     		push	{r3, r4, r5, lr}
 949              	.LCFI7:
ARM GAS  /var/tmp//ccvgs88y.s 			page 23


 950              		.cfi_def_cfa_offset 16
 951              		.cfi_offset 3, -16
 952              		.cfi_offset 4, -12
 953              		.cfi_offset 5, -8
 954              		.cfi_offset 14, -4
 212:driver/Src/SevenSegment.c ****     switch (display){
 955              		.loc 1 212 5 is_stmt 1 view .LVU236
 956 0002 0546     		mov	r5, r0
 957 0004 0128     		cmp	r0, #1
 958 0006 26D0     		beq	.L100
 959 0008 0446     		mov	r4, r0
 960 000a 0228     		cmp	r0, #2
 961 000c 34D0     		beq	.L101
 962 000e 70B1     		cbz	r0, .L93
 963              	.LVL88:
 964              	.L90:
 213:driver/Src/SevenSegment.c ****         case display_0:
 214:driver/Src/SevenSegment.c ****             for (uint8_t i = 0; i <= 6; i++){
 215:driver/Src/SevenSegment.c ****                 HAL_GPIO_WritePin(seven_segment_led[display][i].Port, seven_segment_led[display][i]
 216:driver/Src/SevenSegment.c ****             }
 217:driver/Src/SevenSegment.c ****             break;
 218:driver/Src/SevenSegment.c ****         case display_1:
 219:driver/Src/SevenSegment.c ****             for (uint8_t i = 0; i <= 6; i++){
 220:driver/Src/SevenSegment.c ****                 HAL_GPIO_WritePin(seven_segment_led[display][i].Port, seven_segment_led[display][i]
 221:driver/Src/SevenSegment.c ****             }   
 222:driver/Src/SevenSegment.c ****             break; 
 223:driver/Src/SevenSegment.c ****         case display_off:
 224:driver/Src/SevenSegment.c ****             for (uint8_t i = 0; i <= 6; i++){
 225:driver/Src/SevenSegment.c ****                 HAL_GPIO_WritePin(seven_segment_led[0][i].Port, seven_segment_led[0][i].Pin, 1);
 226:driver/Src/SevenSegment.c ****             }  
 227:driver/Src/SevenSegment.c ****             for (uint8_t i = 0; i <= 6; i++){
 228:driver/Src/SevenSegment.c ****                 HAL_GPIO_WritePin(seven_segment_led[1][i].Port, seven_segment_led[1][i].Pin, 1);
 229:driver/Src/SevenSegment.c ****             } 
 230:driver/Src/SevenSegment.c ****             break;
 231:driver/Src/SevenSegment.c ****     }
 232:driver/Src/SevenSegment.c **** }...
 965              		.loc 1 232 1 is_stmt 0 view .LVU237
 966 0010 38BD     		pop	{r3, r4, r5, pc}
 967              	.LVL89:
 968              	.L95:
 969              	.LBB23:
 215:driver/Src/SevenSegment.c ****                 HAL_GPIO_WritePin(seven_segment_led[display][i].Port, seven_segment_led[display][i]
 970              		.loc 1 215 17 is_stmt 1 discriminator 3 view .LVU238
 215:driver/Src/SevenSegment.c ****                 HAL_GPIO_WritePin(seven_segment_led[display][i].Port, seven_segment_led[display][i]
 971              		.loc 1 215 64 is_stmt 0 discriminator 3 view .LVU239
 972 0012 2249     		ldr	r1, .L103
 973 0014 C5EBC503 		rsb	r3, r5, r5, lsl #3
 974 0018 2344     		add	r3, r3, r4
 975 001a 01EBC300 		add	r0, r1, r3, lsl #3
 215:driver/Src/SevenSegment.c ****                 HAL_GPIO_WritePin(seven_segment_led[display][i].Port, seven_segment_led[display][i]
 976              		.loc 1 215 17 discriminator 3 view .LVU240
 977 001e 0122     		movs	r2, #1
 978 0020 31F83310 		ldrh	r1, [r1, r3, lsl #3]
 979 0024 4068     		ldr	r0, [r0, #4]
 980 0026 FFF7FEFF 		bl	HAL_GPIO_WritePin
 981              	.LVL90:
 214:driver/Src/SevenSegment.c ****             for (uint8_t i = 0; i <= 6; i++){
ARM GAS  /var/tmp//ccvgs88y.s 			page 24


 982              		.loc 1 214 42 is_stmt 1 discriminator 3 view .LVU241
 983 002a 0134     		adds	r4, r4, #1
 984              	.LVL91:
 214:driver/Src/SevenSegment.c ****             for (uint8_t i = 0; i <= 6; i++){
 985              		.loc 1 214 42 is_stmt 0 discriminator 3 view .LVU242
 986 002c E4B2     		uxtb	r4, r4
 987              	.LVL92:
 988              	.L93:
 214:driver/Src/SevenSegment.c ****             for (uint8_t i = 0; i <= 6; i++){
 989              		.loc 1 214 35 is_stmt 1 discriminator 1 view .LVU243
 990 002e 062C     		cmp	r4, #6
 991 0030 EFD9     		bls	.L95
 992 0032 EDE7     		b	.L90
 993              	.LVL93:
 994              	.L96:
 214:driver/Src/SevenSegment.c ****             for (uint8_t i = 0; i <= 6; i++){
 995              		.loc 1 214 35 is_stmt 0 discriminator 1 view .LVU244
 996              	.LBE23:
 997              	.LBB24:
 220:driver/Src/SevenSegment.c ****                 HAL_GPIO_WritePin(seven_segment_led[display][i].Port, seven_segment_led[display][i]
 998              		.loc 1 220 17 is_stmt 1 discriminator 3 view .LVU245
 220:driver/Src/SevenSegment.c ****                 HAL_GPIO_WritePin(seven_segment_led[display][i].Port, seven_segment_led[display][i]
 999              		.loc 1 220 64 is_stmt 0 discriminator 3 view .LVU246
 1000 0034 1949     		ldr	r1, .L103
 1001 0036 C5EBC503 		rsb	r3, r5, r5, lsl #3
 1002 003a 2344     		add	r3, r3, r4
 1003 003c 01EBC300 		add	r0, r1, r3, lsl #3
 220:driver/Src/SevenSegment.c ****                 HAL_GPIO_WritePin(seven_segment_led[display][i].Port, seven_segment_led[display][i]
 1004              		.loc 1 220 17 discriminator 3 view .LVU247
 1005 0040 0122     		movs	r2, #1
 1006 0042 31F83310 		ldrh	r1, [r1, r3, lsl #3]
 1007 0046 4068     		ldr	r0, [r0, #4]
 1008 0048 FFF7FEFF 		bl	HAL_GPIO_WritePin
 1009              	.LVL94:
 219:driver/Src/SevenSegment.c ****             for (uint8_t i = 0; i <= 6; i++){
 1010              		.loc 1 219 42 is_stmt 1 discriminator 3 view .LVU248
 1011 004c 0134     		adds	r4, r4, #1
 1012              	.LVL95:
 219:driver/Src/SevenSegment.c ****             for (uint8_t i = 0; i <= 6; i++){
 1013              		.loc 1 219 42 is_stmt 0 discriminator 3 view .LVU249
 1014 004e E4B2     		uxtb	r4, r4
 1015              	.LVL96:
 1016              	.L91:
 219:driver/Src/SevenSegment.c ****             for (uint8_t i = 0; i <= 6; i++){
 1017              		.loc 1 219 35 is_stmt 1 discriminator 1 view .LVU250
 1018 0050 062C     		cmp	r4, #6
 1019 0052 EFD9     		bls	.L96
 1020 0054 DCE7     		b	.L90
 1021              	.LVL97:
 1022              	.L100:
 219:driver/Src/SevenSegment.c ****             for (uint8_t i = 0; i <= 6; i++){
 1023              		.loc 1 219 35 is_stmt 0 discriminator 1 view .LVU251
 1024              	.LBE24:
 212:driver/Src/SevenSegment.c ****     switch (display){
 1025              		.loc 1 212 5 view .LVU252
 1026 0056 0024     		movs	r4, #0
 1027 0058 FAE7     		b	.L91
ARM GAS  /var/tmp//ccvgs88y.s 			page 25


 1028              	.LVL98:
 1029              	.L97:
 1030              	.LBB25:
 225:driver/Src/SevenSegment.c ****                 HAL_GPIO_WritePin(seven_segment_led[0][i].Port, seven_segment_led[0][i].Pin, 1);
 1031              		.loc 1 225 17 is_stmt 1 discriminator 3 view .LVU253
 225:driver/Src/SevenSegment.c ****                 HAL_GPIO_WritePin(seven_segment_led[0][i].Port, seven_segment_led[0][i].Pin, 1);
 1032              		.loc 1 225 58 is_stmt 0 discriminator 3 view .LVU254
 1033 005a 104B     		ldr	r3, .L103
 1034 005c 03EBC400 		add	r0, r3, r4, lsl #3
 225:driver/Src/SevenSegment.c ****                 HAL_GPIO_WritePin(seven_segment_led[0][i].Port, seven_segment_led[0][i].Pin, 1);
 1035              		.loc 1 225 17 discriminator 3 view .LVU255
 1036 0060 0122     		movs	r2, #1
 1037 0062 33F83410 		ldrh	r1, [r3, r4, lsl #3]
 1038 0066 4068     		ldr	r0, [r0, #4]
 1039 0068 FFF7FEFF 		bl	HAL_GPIO_WritePin
 1040              	.LVL99:
 224:driver/Src/SevenSegment.c ****             for (uint8_t i = 0; i <= 6; i++){
 1041              		.loc 1 224 42 is_stmt 1 discriminator 3 view .LVU256
 1042 006c 0134     		adds	r4, r4, #1
 1043              	.LVL100:
 224:driver/Src/SevenSegment.c ****             for (uint8_t i = 0; i <= 6; i++){
 1044              		.loc 1 224 42 is_stmt 0 discriminator 3 view .LVU257
 1045 006e E4B2     		uxtb	r4, r4
 1046              	.LVL101:
 1047              	.L92:
 224:driver/Src/SevenSegment.c ****             for (uint8_t i = 0; i <= 6; i++){
 1048              		.loc 1 224 35 is_stmt 1 discriminator 1 view .LVU258
 1049 0070 062C     		cmp	r4, #6
 1050 0072 F2D9     		bls	.L97
 1051              	.LBE25:
 1052              	.LBB26:
 227:driver/Src/SevenSegment.c ****             for (uint8_t i = 0; i <= 6; i++){
 1053              		.loc 1 227 26 is_stmt 0 view .LVU259
 1054 0074 0024     		movs	r4, #0
 1055              	.LVL102:
 227:driver/Src/SevenSegment.c ****             for (uint8_t i = 0; i <= 6; i++){
 1056              		.loc 1 227 26 view .LVU260
 1057 0076 0DE0     		b	.L98
 1058              	.LVL103:
 1059              	.L101:
 227:driver/Src/SevenSegment.c ****             for (uint8_t i = 0; i <= 6; i++){
 1060              		.loc 1 227 26 view .LVU261
 1061              	.LBE26:
 212:driver/Src/SevenSegment.c ****     switch (display){
 1062              		.loc 1 212 5 view .LVU262
 1063 0078 0024     		movs	r4, #0
 1064 007a F9E7     		b	.L92
 1065              	.LVL104:
 1066              	.L99:
 1067              	.LBB27:
 228:driver/Src/SevenSegment.c ****                 HAL_GPIO_WritePin(seven_segment_led[1][i].Port, seven_segment_led[1][i].Pin, 1);
 1068              		.loc 1 228 17 is_stmt 1 discriminator 3 view .LVU263
 228:driver/Src/SevenSegment.c ****                 HAL_GPIO_WritePin(seven_segment_led[1][i].Port, seven_segment_led[1][i].Pin, 1);
 1069              		.loc 1 228 58 is_stmt 0 discriminator 3 view .LVU264
 1070 007c 074B     		ldr	r3, .L103
 1071 007e E11D     		adds	r1, r4, #7
 1072 0080 03EBC100 		add	r0, r3, r1, lsl #3
ARM GAS  /var/tmp//ccvgs88y.s 			page 26


 228:driver/Src/SevenSegment.c ****                 HAL_GPIO_WritePin(seven_segment_led[1][i].Port, seven_segment_led[1][i].Pin, 1);
 1073              		.loc 1 228 17 discriminator 3 view .LVU265
 1074 0084 0122     		movs	r2, #1
 1075 0086 33F83110 		ldrh	r1, [r3, r1, lsl #3]
 1076 008a 4068     		ldr	r0, [r0, #4]
 1077 008c FFF7FEFF 		bl	HAL_GPIO_WritePin
 1078              	.LVL105:
 227:driver/Src/SevenSegment.c ****             for (uint8_t i = 0; i <= 6; i++){
 1079              		.loc 1 227 42 is_stmt 1 discriminator 3 view .LVU266
 1080 0090 0134     		adds	r4, r4, #1
 1081              	.LVL106:
 227:driver/Src/SevenSegment.c ****             for (uint8_t i = 0; i <= 6; i++){
 1082              		.loc 1 227 42 is_stmt 0 discriminator 3 view .LVU267
 1083 0092 E4B2     		uxtb	r4, r4
 1084              	.LVL107:
 1085              	.L98:
 227:driver/Src/SevenSegment.c ****             for (uint8_t i = 0; i <= 6; i++){
 1086              		.loc 1 227 35 is_stmt 1 discriminator 1 view .LVU268
 1087 0094 062C     		cmp	r4, #6
 1088 0096 F1D9     		bls	.L99
 1089 0098 BAE7     		b	.L90
 1090              	.L104:
 1091 009a 00BF     		.align	2
 1092              	.L103:
 1093 009c 00000000 		.word	seven_segment_led
 1094              	.LBE27:
 1095              		.cfi_endproc
 1096              	.LFE296:
 1098              		.global	seven_segment_led
 1099              		.section	.rodata.seven_segment_led,"a"
 1100              		.align	2
 1103              	seven_segment_led:
 1104 0000 00040000 		.word	1024
 1105 0004 00040048 		.word	1207960576
 1106 0008 02000000 		.word	2
 1107 000c 00040048 		.word	1207960576
 1108 0010 00400000 		.word	16384
 1109 0014 00040048 		.word	1207960576
 1110 0018 04000000 		.word	4
 1111 001c 00040048 		.word	1207960576
 1112 0020 01000000 		.word	1
 1113 0024 00040048 		.word	1207960576
 1114 0028 20000000 		.word	32
 1115 002c 00080048 		.word	1207961600
 1116 0030 10000000 		.word	16
 1117 0034 00080048 		.word	1207961600
 1118 0038 40000000 		.word	64
 1119 003c 00080048 		.word	1207961600
 1120 0040 80000000 		.word	128
 1121 0044 00080048 		.word	1207961600
 1122 0048 00800000 		.word	32768
 1123 004c 00040048 		.word	1207960576
 1124 0050 00800000 		.word	32768
 1125 0054 00000048 		.word	1207959552
 1126 0058 00040000 		.word	1024
 1127 005c 00080048 		.word	1207961600
 1128 0060 00080000 		.word	2048
ARM GAS  /var/tmp//ccvgs88y.s 			page 27


 1129 0064 00080048 		.word	1207961600
 1130 0068 00100000 		.word	4096
 1131 006c 00080048 		.word	1207961600
 1132              		.section	.data.led_configC,"aw"
 1133              		.align	2
 1136              	led_configC:
 1137 0000 00000000 		.word	0
 1138 0004 01000000 		.word	1
 1139 0008 00000000 		.word	0
 1140 000c 00000000 		.space	8
 1140      00000000 
 1141              		.section	.data.led_configB,"aw"
 1142              		.align	2
 1145              	led_configB:
 1146 0000 00000000 		.word	0
 1147 0004 01000000 		.word	1
 1148 0008 00000000 		.word	0
 1149 000c 00000000 		.space	8
 1149      00000000 
 1150              		.section	.data.led_configA,"aw"
 1151              		.align	2
 1154              	led_configA:
 1155 0000 00000000 		.word	0
 1156 0004 01000000 		.word	1
 1157 0008 00000000 		.word	0
 1158 000c 00000000 		.space	8
 1158      00000000 
 1159              		.text
 1160              	.Letext0:
 1161              		.file 2 "/nix/store/wlyks4zmr4x2sj2nrg9xhhdmjyhqk7ql-gcc-arm-embedded-12.2.rel1/arm-none-eabi/incl
 1162              		.file 3 "/nix/store/wlyks4zmr4x2sj2nrg9xhhdmjyhqk7ql-gcc-arm-embedded-12.2.rel1/arm-none-eabi/incl
 1163              		.file 4 "stm/stm32l4xx/CMSIS/Device/ST/STM32L4xx/Include/stm32l431xx.h"
 1164              		.file 5 "stm/stm32l4xx/STM32L4xx_HAL_Driver/Inc/stm32l4xx_hal_gpio.h"
 1165              		.file 6 "driver/Inc/SevenSegment.h"
ARM GAS  /var/tmp//ccvgs88y.s 			page 28


DEFINED SYMBOLS
                            *ABS*:0000000000000000 SevenSegment.c
/var/tmp//ccvgs88y.s:21     .text.SevenSegment_Init:0000000000000000 $t
/var/tmp//ccvgs88y.s:27     .text.SevenSegment_Init:0000000000000000 SevenSegment_Init
/var/tmp//ccvgs88y.s:212    .text.SevenSegment_Init:00000000000000e0 $d
/var/tmp//ccvgs88y.s:1103   .rodata.seven_segment_led:0000000000000000 seven_segment_led
/var/tmp//ccvgs88y.s:1145   .data.led_configB:0000000000000000 led_configB
/var/tmp//ccvgs88y.s:1154   .data.led_configA:0000000000000000 led_configA
/var/tmp//ccvgs88y.s:1136   .data.led_configC:0000000000000000 led_configC
/var/tmp//ccvgs88y.s:223    .text.displayNum_SevenSegment:0000000000000000 $t
/var/tmp//ccvgs88y.s:229    .text.displayNum_SevenSegment:0000000000000000 displayNum_SevenSegment
/var/tmp//ccvgs88y.s:379    .text.displayNum_SevenSegment:00000000000000a0 $d
/var/tmp//ccvgs88y.s:390    .text.displayNum_SevenSegment:00000000000000c8 $t
/var/tmp//ccvgs88y.s:861    .text.displayNum_SevenSegment:0000000000000328 $d
/var/tmp//ccvgs88y.s:876    .text.displayNum_SevenSegment:0000000000000330 $t
/var/tmp//ccvgs88y.s:901    .text.displayTwoNum_SevenSegment:0000000000000000 $t
/var/tmp//ccvgs88y.s:907    .text.displayTwoNum_SevenSegment:0000000000000000 displayTwoNum_SevenSegment
/var/tmp//ccvgs88y.s:934    .text.off_SevenSegment:0000000000000000 $t
/var/tmp//ccvgs88y.s:940    .text.off_SevenSegment:0000000000000000 off_SevenSegment
/var/tmp//ccvgs88y.s:1093   .text.off_SevenSegment:000000000000009c $d
/var/tmp//ccvgs88y.s:1100   .rodata.seven_segment_led:0000000000000000 $d
/var/tmp//ccvgs88y.s:1133   .data.led_configC:0000000000000000 $d
/var/tmp//ccvgs88y.s:1142   .data.led_configB:0000000000000000 $d
/var/tmp//ccvgs88y.s:1151   .data.led_configA:0000000000000000 $d

UNDEFINED SYMBOLS
HAL_GPIO_Init
HAL_GPIO_WritePin
