Archive member included to satisfy reference by file (symbol)

/nix/store/wlyks4zmr4x2sj2nrg9xhhdmjyhqk7ql-gcc-arm-embedded-12.2.rel1/bin/../lib/gcc/arm-none-eabi/12.2.1/../../../../arm-none-eabi/lib/thumb/v7e-m+fp/hard/libc_nano.a(libc_a-exit.o)
                              /nix/store/wlyks4zmr4x2sj2nrg9xhhdmjyhqk7ql-gcc-arm-embedded-12.2.rel1/bin/../lib/gcc/arm-none-eabi/12.2.1/../../../../arm-none-eabi/lib/thumb/v7e-m+fp/hard/crt0.o (exit)
/nix/store/wlyks4zmr4x2sj2nrg9xhhdmjyhqk7ql-gcc-arm-embedded-12.2.rel1/bin/../lib/gcc/arm-none-eabi/12.2.1/../../../../arm-none-eabi/lib/thumb/v7e-m+fp/hard/libc_nano.a(libc_a-nano-vfprintf_float.o)
                              (_printf_float)
/nix/store/wlyks4zmr4x2sj2nrg9xhhdmjyhqk7ql-gcc-arm-embedded-12.2.rel1/bin/../lib/gcc/arm-none-eabi/12.2.1/../../../../arm-none-eabi/lib/thumb/v7e-m+fp/hard/libc_nano.a(libc_a-nano-vfprintf_i.o)
                              /nix/store/wlyks4zmr4x2sj2nrg9xhhdmjyhqk7ql-gcc-arm-embedded-12.2.rel1/bin/../lib/gcc/arm-none-eabi/12.2.1/../../../../arm-none-eabi/lib/thumb/v7e-m+fp/hard/libc_nano.a(libc_a-nano-vfprintf_float.o) (_printf_common)
/nix/store/wlyks4zmr4x2sj2nrg9xhhdmjyhqk7ql-gcc-arm-embedded-12.2.rel1/bin/../lib/gcc/arm-none-eabi/12.2.1/../../../../arm-none-eabi/lib/thumb/v7e-m+fp/hard/libc_nano.a(libc_a-findfp.o)
                              /nix/store/wlyks4zmr4x2sj2nrg9xhhdmjyhqk7ql-gcc-arm-embedded-12.2.rel1/bin/../lib/gcc/arm-none-eabi/12.2.1/../../../../arm-none-eabi/lib/thumb/v7e-m+fp/hard/libc_nano.a(libc_a-exit.o) (__stdio_exit_handler)
/nix/store/wlyks4zmr4x2sj2nrg9xhhdmjyhqk7ql-gcc-arm-embedded-12.2.rel1/bin/../lib/gcc/arm-none-eabi/12.2.1/../../../../arm-none-eabi/lib/thumb/v7e-m+fp/hard/libc_nano.a(libc_a-fwalk.o)
                              /nix/store/wlyks4zmr4x2sj2nrg9xhhdmjyhqk7ql-gcc-arm-embedded-12.2.rel1/bin/../lib/gcc/arm-none-eabi/12.2.1/../../../../arm-none-eabi/lib/thumb/v7e-m+fp/hard/libc_nano.a(libc_a-findfp.o) (_fwalk_sglue)
/nix/store/wlyks4zmr4x2sj2nrg9xhhdmjyhqk7ql-gcc-arm-embedded-12.2.rel1/bin/../lib/gcc/arm-none-eabi/12.2.1/../../../../arm-none-eabi/lib/thumb/v7e-m+fp/hard/libc_nano.a(libc_a-memset.o)
                              /nix/store/wlyks4zmr4x2sj2nrg9xhhdmjyhqk7ql-gcc-arm-embedded-12.2.rel1/bin/../lib/gcc/arm-none-eabi/12.2.1/../../../../arm-none-eabi/lib/thumb/v7e-m+fp/hard/crt0.o (memset)
/nix/store/wlyks4zmr4x2sj2nrg9xhhdmjyhqk7ql-gcc-arm-embedded-12.2.rel1/bin/../lib/gcc/arm-none-eabi/12.2.1/../../../../arm-none-eabi/lib/thumb/v7e-m+fp/hard/libc_nano.a(libc_a-localeconv.o)
                              /nix/store/wlyks4zmr4x2sj2nrg9xhhdmjyhqk7ql-gcc-arm-embedded-12.2.rel1/bin/../lib/gcc/arm-none-eabi/12.2.1/../../../../arm-none-eabi/lib/thumb/v7e-m+fp/hard/libc_nano.a(libc_a-nano-vfprintf_float.o) (_localeconv_r)
/nix/store/wlyks4zmr4x2sj2nrg9xhhdmjyhqk7ql-gcc-arm-embedded-12.2.rel1/bin/../lib/gcc/arm-none-eabi/12.2.1/../../../../arm-none-eabi/lib/thumb/v7e-m+fp/hard/libc_nano.a(libc_a-impure.o)
                              /nix/store/wlyks4zmr4x2sj2nrg9xhhdmjyhqk7ql-gcc-arm-embedded-12.2.rel1/bin/../lib/gcc/arm-none-eabi/12.2.1/../../../../arm-none-eabi/lib/thumb/v7e-m+fp/hard/libc_nano.a(libc_a-findfp.o) (_impure_data)
/nix/store/wlyks4zmr4x2sj2nrg9xhhdmjyhqk7ql-gcc-arm-embedded-12.2.rel1/bin/../lib/gcc/arm-none-eabi/12.2.1/../../../../arm-none-eabi/lib/thumb/v7e-m+fp/hard/libc_nano.a(libc_a-errno.o)
                              /Users/jenniferli/Desktop/LHR/PS-MotorControllerInterfacePCB/Firmware/Build/syscalls.o (__errno)
/nix/store/wlyks4zmr4x2sj2nrg9xhhdmjyhqk7ql-gcc-arm-embedded-12.2.rel1/bin/../lib/gcc/arm-none-eabi/12.2.1/../../../../arm-none-eabi/lib/thumb/v7e-m+fp/hard/libc_nano.a(libc_a-init.o)
                              /nix/store/wlyks4zmr4x2sj2nrg9xhhdmjyhqk7ql-gcc-arm-embedded-12.2.rel1/bin/../lib/gcc/arm-none-eabi/12.2.1/../../../../arm-none-eabi/lib/thumb/v7e-m+fp/hard/crt0.o (__libc_init_array)
/nix/store/wlyks4zmr4x2sj2nrg9xhhdmjyhqk7ql-gcc-arm-embedded-12.2.rel1/bin/../lib/gcc/arm-none-eabi/12.2.1/../../../../arm-none-eabi/lib/thumb/v7e-m+fp/hard/libc_nano.a(libc_a-lock.o)
                              /nix/store/wlyks4zmr4x2sj2nrg9xhhdmjyhqk7ql-gcc-arm-embedded-12.2.rel1/bin/../lib/gcc/arm-none-eabi/12.2.1/../../../../arm-none-eabi/lib/thumb/v7e-m+fp/hard/libc_nano.a(libc_a-findfp.o) (__retarget_lock_init_recursive)
/nix/store/wlyks4zmr4x2sj2nrg9xhhdmjyhqk7ql-gcc-arm-embedded-12.2.rel1/bin/../lib/gcc/arm-none-eabi/12.2.1/../../../../arm-none-eabi/lib/thumb/v7e-m+fp/hard/libc_nano.a(libc_a-memchr.o)
                              /nix/store/wlyks4zmr4x2sj2nrg9xhhdmjyhqk7ql-gcc-arm-embedded-12.2.rel1/bin/../lib/gcc/arm-none-eabi/12.2.1/../../../../arm-none-eabi/lib/thumb/v7e-m+fp/hard/libc_nano.a(libc_a-nano-vfprintf_i.o) (memchr)
/nix/store/wlyks4zmr4x2sj2nrg9xhhdmjyhqk7ql-gcc-arm-embedded-12.2.rel1/bin/../lib/gcc/arm-none-eabi/12.2.1/../../../../arm-none-eabi/lib/thumb/v7e-m+fp/hard/libc_nano.a(libc_a-memcpy-stub.o)
[...]
Memory Configuration

Name             Origin             Length             Attributes
RAM              0x0000000020000000 0x0000000000010000 xrw
RAM2             0x0000000010000000 0x0000000000004000 xrw
FLASH            0x0000000008000000 0x0000000000020000 xr
*default*        0x0000000000000000 0xffffffffffffffff

Linker script and memory map

LOAD /nix/store/wlyks4zmr4x2sj2nrg9xhhdmjyhqk7ql-gcc-arm-embedded-12.2.rel1/bin/../lib/gcc/arm-none-eabi/12.2.1/thumb/v7e-m+fp/hard/crti.o
LOAD /nix/store/wlyks4zmr4x2sj2nrg9xhhdmjyhqk7ql-gcc-arm-embedded-12.2.rel1/bin/../lib/gcc/arm-none-eabi/12.2.1/thumb/v7e-m+fp/hard/crtbegin.o
LOAD /nix/store/wlyks4zmr4x2sj2nrg9xhhdmjyhqk7ql-gcc-arm-embedded-12.2.rel1/bin/../lib/gcc/arm-none-eabi/12.2.1/../../../../arm-none-eabi/lib/thumb/v7e-m+fp/hard/crt0.o
LOAD /Users/jenniferli/Desktop/LHR/PS-MotorControllerInterfacePCB/Firmware/Build/main.o
LOAD /Users/jenniferli/Desktop/LHR/PS-MotorControllerInterfacePCB/Firmware/Build/stm32l4xx_hal.o
LOAD /Users/jenniferli/Desktop/LHR/PS-MotorControllerInterfacePCB/Firmware/Build/stm32l4xx_hal_adc.o
LOAD /Users/jenniferli/Desktop/LHR/PS-MotorControllerInterfacePCB/Firmware/Build/stm32l4xx_hal_adc_ex.o
LOAD /Users/jenniferli/Desktop/LHR/PS-MotorControllerInterfacePCB/Firmware/Build/stm32l4xx_hal_can.o
LOAD /Users/jenniferli/Desktop/LHR/PS-MotorControllerInterfacePCB/Firmware/Build/stm32l4xx_hal_comp.o
LOAD /Users/jenniferli/Desktop/LHR/PS-MotorControllerInterfacePCB/Firmware/Build/stm32l4xx_hal_cortex.o
LOAD /Users/jenniferli/Desktop/LHR/PS-MotorControllerInterfacePCB/Firmware/Build/stm32l4xx_hal_crc.o
LOAD /Users/jenniferli/Desktop/LHR/PS-MotorControllerInterfacePCB/Firmware/Build/stm32l4xx_hal_crc_ex.o
LOAD /Users/jenniferli/Desktop/LHR/PS-MotorControllerInterfacePCB/Firmware/Build/stm32l4xx_hal_cryp.o
LOAD /Users/jenniferli/Desktop/LHR/PS-MotorControllerInterfacePCB/Firmware/Build/stm32l4xx_hal_cryp_ex.o
LOAD /Users/jenniferli/Desktop/LHR/PS-MotorControllerInterfacePCB/Firmware/Build/stm32l4xx_hal_dac.o
LOAD /Users/jenniferli/Desktop/LHR/PS-MotorControllerInterfacePCB/Firmware/Build/stm32l4xx_hal_dac_ex.o
LOAD /Users/jenniferli/Desktop/LHR/PS-MotorControllerInterfacePCB/Firmware/Build/stm32l4xx_hal_dcmi.o
LOAD /Users/jenniferli/Desktop/LHR/PS-MotorControllerInterfacePCB/Firmware/Build/stm32l4xx_hal_dfsdm.o
LOAD /Users/jenniferli/Desktop/LHR/PS-MotorControllerInterfacePCB/Firmware/Build/stm32l4xx_hal_dfsdm_ex.o
LOAD /Users/jenniferli/Desktop/LHR/PS-MotorControllerInterfacePCB/Firmware/Build/stm32l4xx_hal_dma.o
LOAD /Users/jenniferli/Desktop/LHR/PS-MotorControllerInterfacePCB/Firmware/Build/stm32l4xx_hal_dma2d.o
LOAD /Users/jenniferli/Desktop/LHR/PS-MotorControllerInterfacePCB/Firmware/Build/stm32l4xx_hal_dma_ex.o
LOAD /Users/jenniferli/Desktop/LHR/PS-MotorControllerInterfacePCB/Firmware/Build/stm32l4xx_hal_dsi.o
LOAD /Users/jenniferli/Desktop/LHR/PS-MotorControllerInterfacePCB/Firmware/Build/stm32l4xx_hal_exti.o
LOAD /Users/jenniferli/Desktop/LHR/PS-MotorControllerInterfacePCB/Firmware/Build/stm32l4xx_hal_firewall.o
LOAD /Users/jenniferli/Desktop/LHR/PS-MotorControllerInterfacePCB/Firmware/Build/stm32l4xx_hal_flash.o
LOAD /Users/jenniferli/Desktop/LHR/PS-MotorControllerInterfacePCB/Firmware/Build/stm32l4xx_hal_flash_ex.o
LOAD /Users/jenniferli/Desktop/LHR/PS-MotorControllerInterfacePCB/Firmware/Build/stm32l4xx_hal_flash_ramfunc.o
LOAD /Users/jenniferli/Desktop/LHR/PS-MotorControllerInterfacePCB/Firmware/Build/stm32l4xx_hal_gfxmmu.o
LOAD /Users/jenniferli/Desktop/LHR/PS-MotorControllerInterfacePCB/Firmware/Build/stm32l4xx_hal_gpio.o
LOAD /Users/jenniferli/Desktop/LHR/PS-MotorControllerInterfacePCB/Firmware/Build/stm32l4xx_hal_hash.o
LOAD /Users/jenniferli/Desktop/LHR/PS-MotorControllerInterfacePCB/Firmware/Build/stm32l4xx_hal_hash_ex.o
LOAD /Users/jenniferli/Desktop/LHR/PS-MotorControllerInterfacePCB/Firmware/Build/stm32l4xx_hal_hcd.o
LOAD /Users/jenniferli/Desktop/LHR/PS-MotorControllerInterfacePCB/Firmware/Build/stm32l4xx_hal_i2c.o
LOAD /Users/jenniferli/Desktop/LHR/PS-MotorControllerInterfacePCB/Firmware/Build/stm32l4xx_hal_i2c_ex.o
LOAD /Users/jenniferli/Desktop/LHR/PS-MotorControllerInterfacePCB/Firmware/Build/stm32l4xx_hal_irda.o
LOAD /Users/jenniferli/Desktop/LHR/PS-MotorControllerInterfacePCB/Firmware/Build/stm32l4xx_hal_iwdg.o
LOAD /Users/jenniferli/Desktop/LHR/PS-MotorControllerInterfacePCB/Firmware/Build/stm32l4xx_hal_lcd.o
LOAD /Users/jenniferli/Desktop/LHR/PS-MotorControllerInterfacePCB/Firmware/Build/stm32l4xx_hal_lptim.o
LOAD /Users/jenniferli/Desktop/LHR/PS-MotorControllerInterfacePCB/Firmware/Build/stm32l4xx_hal_ltdc.o
LOAD /Users/jenniferli/Desktop/LHR/PS-MotorControllerInterfacePCB/Firmware/Build/stm32l4xx_hal_ltdc_ex.o
LOAD /Users/jenniferli/Desktop/LHR/PS-MotorControllerInterfacePCB/Firmware/Build/stm32l4xx_hal_mmc.o
LOAD /Users/jenniferli/Desktop/LHR/PS-MotorControllerInterfacePCB/Firmware/Build/stm32l4xx_hal_mmc_ex.o
LOAD /Users/jenniferli/Desktop/LHR/PS-MotorControllerInterfacePCB/Firmware/Build/stm32l4xx_hal_nand.o
LOAD /Users/jenniferli/Desktop/LHR/PS-MotorControllerInterfacePCB/Firmware/Build/stm32l4xx_hal_nor.o
LOAD /Users/jenniferli/Desktop/LHR/PS-MotorControllerInterfacePCB/Firmware/Build/stm32l4xx_hal_opamp.o
LOAD /Users/jenniferli/Desktop/LHR/PS-MotorControllerInterfacePCB/Firmware/Build/stm32l4xx_hal_opamp_ex.o
LOAD /Users/jenniferli/Desktop/LHR/PS-MotorControllerInterfacePCB/Firmware/Build/stm32l4xx_hal_ospi.o
LOAD /Users/jenniferli/Desktop/LHR/PS-MotorControllerInterfacePCB/Firmware/Build/stm32l4xx_hal_pcd.o
LOAD /Users/jenniferli/Desktop/LHR/PS-MotorControllerInterfacePCB/Firmware/Build/stm32l4xx_hal_pcd_ex.o
LOAD /Users/jenniferli/Desktop/LHR/PS-MotorControllerInterfacePCB/Firmware/Build/stm32l4xx_hal_pka.o
LOAD /Users/jenniferli/Desktop/LHR/PS-MotorControllerInterfacePCB/Firmware/Build/stm32l4xx_hal_pssi.o
LOAD /Users/jenniferli/Desktop/LHR/PS-MotorControllerInterfacePCB/Firmware/Build/stm32l4xx_hal_pwr.o
LOAD /Users/jenniferli/Desktop/LHR/PS-MotorControllerInterfacePCB/Firmware/Build/stm32l4xx_hal_pwr_ex.o
LOAD /Users/jenniferli/Desktop/LHR/PS-MotorControllerInterfacePCB/Firmware/Build/stm32l4xx_hal_qspi.o
LOAD /Users/jenniferli/Desktop/LHR/PS-MotorControllerInterfacePCB/Firmware/Build/stm32l4xx_hal_rcc.o
LOAD /Users/jenniferli/Desktop/LHR/PS-MotorControllerInterfacePCB/Firmware/Build/stm32l4xx_hal_rcc_ex.o
LOAD /Users/jenniferli/Desktop/LHR/PS-MotorControllerInterfacePCB/Firmware/Build/stm32l4xx_hal_rng.o
LOAD /Users/jenniferli/Desktop/LHR/PS-MotorControllerInterfacePCB/Firmware/Build/stm32l4xx_hal_rng_ex.o
LOAD /Users/jenniferli/Desktop/LHR/PS-MotorControllerInterfacePCB/Firmware/Build/stm32l4xx_hal_rtc.o
LOAD /Users/jenniferli/Desktop/LHR/PS-MotorControllerInterfacePCB/Firmware/Build/stm32l4xx_hal_rtc_ex.o
LOAD /Users/jenniferli/Desktop/LHR/PS-MotorControllerInterfacePCB/Firmware/Build/stm32l4xx_hal_sai.o
LOAD /Users/jenniferli/Desktop/LHR/PS-MotorControllerInterfacePCB/Firmware/Build/stm32l4xx_hal_sai_ex.o
LOAD /Users/jenniferli/Desktop/LHR/PS-MotorControllerInterfacePCB/Firmware/Build/stm32l4xx_hal_sd.o
LOAD /Users/jenniferli/Desktop/LHR/PS-MotorControllerInterfacePCB/Firmware/Build/stm32l4xx_hal_sd_ex.o
LOAD /Users/jenniferli/Desktop/LHR/PS-MotorControllerInterfacePCB/Firmware/Build/stm32l4xx_hal_smartcard.o
LOAD /Users/jenniferli/Desktop/LHR/PS-MotorControllerInterfacePCB/Firmware/Build/stm32l4xx_hal_smartcard_ex.o
LOAD /Users/jenniferli/Desktop/LHR/PS-MotorControllerInterfacePCB/Firmware/Build/stm32l4xx_hal_smbus.o
LOAD /Users/jenniferli/Desktop/LHR/PS-MotorControllerInterfacePCB/Firmware/Build/stm32l4xx_hal_smbus_ex.o
LOAD /Users/jenniferli/Desktop/LHR/PS-MotorControllerInterfacePCB/Firmware/Build/stm32l4xx_hal_spi.o
LOAD /Users/jenniferli/Desktop/LHR/PS-MotorControllerInterfacePCB/Firmware/Build/stm32l4xx_hal_spi_ex.o
LOAD /Users/jenniferli/Desktop/LHR/PS-MotorControllerInterfacePCB/Firmware/Build/stm32l4xx_hal_sram.o
LOAD /Users/jenniferli/Desktop/LHR/PS-MotorControllerInterfacePCB/Firmware/Build/stm32l4xx_hal_swpmi.o
LOAD /Users/jenniferli/Desktop/LHR/PS-MotorControllerInterfacePCB/Firmware/Build/stm32l4xx_hal_tim.o
LOAD /Users/jenniferli/Desktop/LHR/PS-MotorControllerInterfacePCB/Firmware/Build/stm32l4xx_hal_tim_ex.o
LOAD /Users/jenniferli/Desktop/LHR/PS-MotorControllerInterfacePCB/Firmware/Build/stm32l4xx_hal_tsc.o
LOAD /Users/jenniferli/Desktop/LHR/PS-MotorControllerInterfacePCB/Firmware/Build/stm32l4xx_hal_uart.o
LOAD /Users/jenniferli/Desktop/LHR/PS-MotorControllerInterfacePCB/Firmware/Build/stm32l4xx_hal_uart_ex.o
LOAD /Users/jenniferli/Desktop/LHR/PS-MotorControllerInterfacePCB/Firmware/Build/stm32l4xx_hal_usart.o
LOAD /Users/jenniferli/Desktop/LHR/PS-MotorControllerInterfacePCB/Firmware/Build/stm32l4xx_hal_usart_ex.o
LOAD /Users/jenniferli/Desktop/LHR/PS-MotorControllerInterfacePCB/Firmware/Build/stm32l4xx_hal_wwdg.o
LOAD /Users/jenniferli/Desktop/LHR/PS-MotorControllerInterfacePCB/Firmware/Build/stm32l4xx_ll_adc.o
LOAD /Users/jenniferli/Desktop/LHR/PS-MotorControllerInterfacePCB/Firmware/Build/stm32l4xx_ll_comp.o
LOAD /Users/jenniferli/Desktop/LHR/PS-MotorControllerInterfacePCB/Firmware/Build/stm32l4xx_ll_crc.o
LOAD /Users/jenniferli/Desktop/LHR/PS-MotorControllerInterfacePCB/Firmware/Build/stm32l4xx_ll_crs.o
LOAD /Users/jenniferli/Desktop/LHR/PS-MotorControllerInterfacePCB/Firmware/Build/stm32l4xx_ll_dac.o
LOAD /Users/jenniferli/Desktop/LHR/PS-MotorControllerInterfacePCB/Firmware/Build/stm32l4xx_ll_dma.o
LOAD /Users/jenniferli/Desktop/LHR/PS-MotorControllerInterfacePCB/Firmware/Build/stm32l4xx_ll_dma2d.o
LOAD /Users/jenniferli/Desktop/LHR/PS-MotorControllerInterfacePCB/Firmware/Build/stm32l4xx_ll_exti.o
LOAD /Users/jenniferli/Desktop/LHR/PS-MotorControllerInterfacePCB/Firmware/Build/stm32l4xx_ll_fmc.o
LOAD /Users/jenniferli/Desktop/LHR/PS-MotorControllerInterfacePCB/Firmware/Build/stm32l4xx_ll_gpio.o
LOAD /Users/jenniferli/Desktop/LHR/PS-MotorControllerInterfacePCB/Firmware/Build/stm32l4xx_ll_i2c.o
LOAD /Users/jenniferli/Desktop/LHR/PS-MotorControllerInterfacePCB/Firmware/Build/stm32l4xx_ll_lptim.o
LOAD /Users/jenniferli/Desktop/LHR/PS-MotorControllerInterfacePCB/Firmware/Build/stm32l4xx_ll_lpuart.o
LOAD /Users/jenniferli/Desktop/LHR/PS-MotorControllerInterfacePCB/Firmware/Build/stm32l4xx_ll_opamp.o
LOAD /Users/jenniferli/Desktop/LHR/PS-MotorControllerInterfacePCB/Firmware/Build/stm32l4xx_ll_pka.o
LOAD /Users/jenniferli/Desktop/LHR/PS-MotorControllerInterfacePCB/Firmware/Build/stm32l4xx_ll_pwr.o
LOAD /Users/jenniferli/Desktop/LHR/PS-MotorControllerInterfacePCB/Firmware/Build/stm32l4xx_ll_rcc.o
LOAD /Users/jenniferli/Desktop/LHR/PS-MotorControllerInterfacePCB/Firmware/Build/stm32l4xx_ll_rng.o
LOAD /Users/jenniferli/Desktop/LHR/PS-MotorControllerInterfacePCB/Firmware/Build/stm32l4xx_ll_rtc.o
LOAD /Users/jenniferli/Desktop/LHR/PS-MotorControllerInterfacePCB/Firmware/Build/stm32l4xx_ll_sdmmc.o
LOAD /Users/jenniferli/Desktop/LHR/PS-MotorControllerInterfacePCB/Firmware/Build/stm32l4xx_ll_spi.o
LOAD /Users/jenniferli/Desktop/LHR/PS-MotorControllerInterfacePCB/Firmware/Build/stm32l4xx_ll_swpmi.o
LOAD /Users/jenniferli/Desktop/LHR/PS-MotorControllerInterfacePCB/Firmware/Build/stm32l4xx_ll_tim.o
LOAD /Users/jenniferli/Desktop/LHR/PS-MotorControllerInterfacePCB/Firmware/Build/stm32l4xx_ll_usart.o
LOAD /Users/jenniferli/Desktop/LHR/PS-MotorControllerInterfacePCB/Firmware/Build/stm32l4xx_ll_usb.o
LOAD /Users/jenniferli/Desktop/LHR/PS-MotorControllerInterfacePCB/Firmware/Build/stm32l4xx_ll_utils.o
LOAD /Users/jenniferli/Desktop/LHR/PS-MotorControllerInterfacePCB/Firmware/Build/system_stm32l4xx.o
LOAD /Users/jenniferli/Desktop/LHR/PS-MotorControllerInterfacePCB/Firmware/Build/stm32l4xx_hal_init.o
LOAD /Users/jenniferli/Desktop/LHR/PS-MotorControllerInterfacePCB/Firmware/Build/stm32l4xx_hal_timebase_tim.o
LOAD /Users/jenniferli/Desktop/LHR/PS-MotorControllerInterfacePCB/Firmware/Build/croutine.o
LOAD /Users/jenniferli/Desktop/LHR/PS-MotorControllerInterfacePCB/Firmware/Build/event_groups.o
LOAD /Users/jenniferli/Desktop/LHR/PS-MotorControllerInterfacePCB/Firmware/Build/list.o
LOAD /Users/jenniferli/Desktop/LHR/PS-MotorControllerInterfacePCB/Firmware/Build/queue.o
LOAD /Users/jenniferli/Desktop/LHR/PS-MotorControllerInterfacePCB/Firmware/Build/stream_buffer.o
LOAD /Users/jenniferli/Desktop/LHR/PS-MotorControllerInterfacePCB/Firmware/Build/tasks.o
LOAD /Users/jenniferli/Desktop/LHR/PS-MotorControllerInterfacePCB/Firmware/Build/timers.o
LOAD /Users/jenniferli/Desktop/LHR/PS-MotorControllerInterfacePCB/Firmware/Build/port.o
LOAD /Users/jenniferli/Desktop/LHR/PS-MotorControllerInterfacePCB/Firmware/Build/freertos.o
LOAD /Users/jenniferli/Desktop/LHR/PS-MotorControllerInterfacePCB/Firmware/Build/syscalls.o
LOAD /Users/jenniferli/Desktop/LHR/PS-MotorControllerInterfacePCB/Firmware/Build/sysmem.o
LOAD /Users/jenniferli/Desktop/LHR/PS-MotorControllerInterfacePCB/Firmware/Build/SevenSegment.o
LOAD /Users/jenniferli/Desktop/LHR/PS-MotorControllerInterfacePCB/Firmware/Build/printf.o
LOAD /Users/jenniferli/Desktop/LHR/PS-MotorControllerInterfacePCB/Firmware/Build/UART.o
LOAD /Users/jenniferli/Desktop/LHR/PS-MotorControllerInterfacePCB/Firmware/Build/startup_stm32l431xx.o
LOAD /nix/store/wlyks4zmr4x2sj2nrg9xhhdmjyhqk7ql-gcc-arm-embedded-12.2.rel1/bin/../lib/gcc/arm-none-eabi/12.2.1/../../../../arm-none-eabi/lib/thumb/v7e-m+fp/hard/libc_nano.a
LOAD /nix/store/wlyks4zmr4x2sj2nrg9xhhdmjyhqk7ql-gcc-arm-embedded-12.2.rel1/bin/../lib/gcc/arm-none-eabi/12.2.1/../../../../arm-none-eabi/lib/thumb/v7e-m+fp/hard/librdimon_nano.a
LOAD /nix/store/wlyks4zmr4x2sj2nrg9xhhdmjyhqk7ql-gcc-arm-embedded-12.2.rel1/bin/../lib/gcc/arm-none-eabi/12.2.1/../../../../arm-none-eabi/lib/thumb/v7e-m+fp/hard/libc_nano.a
LOAD /nix/store/wlyks4zmr4x2sj2nrg9xhhdmjyhqk7ql-gcc-arm-embedded-12.2.rel1/bin/../lib/gcc/arm-none-eabi/12.2.1/../../../../arm-none-eabi/lib/thumb/v7e-m+fp/hard/libm.a
LOAD /nix/store/wlyks4zmr4x2sj2nrg9xhhdmjyhqk7ql-gcc-arm-embedded-12.2.rel1/bin/../lib/gcc/arm-none-eabi/12.2.1/../../../../arm-none-eabi/lib/thumb/v7e-m+fp/hard/libnosys.a
START GROUP
LOAD /nix/store/wlyks4zmr4x2sj2nrg9xhhdmjyhqk7ql-gcc-arm-embedded-12.2.rel1/bin/../lib/gcc/arm-none-eabi/12.2.1/thumb/v7e-m+fp/hard/libgcc.a
LOAD /nix/store/wlyks4zmr4x2sj2nrg9xhhdmjyhqk7ql-gcc-arm-embedded-12.2.rel1/bin/../lib/gcc/arm-none-eabi/12.2.1/../../../../arm-none-eabi/lib/thumb/v7e-m+fp/hard/libc_nano.a
END GROUP
START GROUP
LOAD /nix/store/wlyks4zmr4x2sj2nrg9xhhdmjyhqk7ql-gcc-arm-embedded-12.2.rel1/bin/../lib/gcc/arm-none-eabi/12.2.1/thumb/v7e-m+fp/hard/libgcc.a
LOAD /nix/store/wlyks4zmr4x2sj2nrg9xhhdmjyhqk7ql-gcc-arm-embedded-12.2.rel1/bin/../lib/gcc/arm-none-eabi/12.2.1/../../../../arm-none-eabi/lib/thumb/v7e-m+fp/hard/libc_nano.a
END GROUP
LOAD /nix/store/wlyks4zmr4x2sj2nrg9xhhdmjyhqk7ql-gcc-arm-embedded-12.2.rel1/bin/../lib/gcc/arm-none-eabi/12.2.1/thumb/v7e-m+fp/hard/crtend.o
LOAD /nix/store/wlyks4zmr4x2sj2nrg9xhhdmjyhqk7ql-gcc-arm-embedded-12.2.rel1/bin/../lib/gcc/arm-none-eabi/12.2.1/thumb/v7e-m+fp/hard/crtn.o
                0x0000000020010000                _estack = (ORIGIN (RAM) + LENGTH (RAM))
                0x0000000000000200                _Min_Heap_Size = 0x200
                0x0000000000000400                _Min_Stack_Size = 0x400

.isr_vector     0x0000000008000000      0x190
                0x0000000008000000                . = ALIGN (0x8)
 *(.isr_vector)
 .isr_vector    0x0000000008000000      0x18c /Users/jenniferli/Desktop/LHR/PS-MotorControllerInterfacePCB/Firmware/Build/startup_stm32l431xx.o
                0x0000000008000000                g_pfnVectors
                0x0000000008000190                . = ALIGN (0x8)
 *fill*         0x000000000800018c        0x4 

.text           0x0000000008000190     0x7300
                0x0000000008000190                . = ALIGN (0x8)
 *(.text)
 .text          0x0000000008000190       0xa0 /nix/store/wlyks4zmr4x2sj2nrg9xhhdmjyhqk7ql-gcc-arm-embedded-12.2.rel1/bin/../lib/gcc/arm-none-eabi/12.2.1/../../../../arm-none-eabi/lib/thumb/v7e-m+fp/hard/libc_nano.a(libc_a-memchr.o)
                0x0000000008000190                memchr
 .text          0x0000000008000230       0x10 /nix/store/wlyks4zmr4x2sj2nrg9xhhdmjyhqk7ql-gcc-arm-embedded-12.2.rel1/bin/../lib/gcc/arm-none-eabi/12.2.1/../../../../arm-none-eabi/lib/thumb/v7e-m+fp/hard/libc_nano.a(libc_a-strlen.o)
                0x0000000008000230                strlen
 .text          0x0000000008000240      0x378 /nix/store/wlyks4zmr4x2sj2nrg9xhhdmjyhqk7ql-gcc-arm-embedded-12.2.rel1/bin/../lib/gcc/arm-none-eabi/12.2.1/thumb/v7e-m+fp/hard/libgcc.a(_arm_addsubdf3.o)
                0x0000000008000240                __aeabi_drsub
                0x0000000008000248                __subdf3
                0x0000000008000248                __aeabi_dsub
                0x000000000800024c                __aeabi_dadd
                0x000000000800024c                __adddf3
                0x00000000080004c4                __aeabi_ui2d
                0x00000000080004c4                __floatunsidf
                0x00000000080004e4                __floatsidf
                0x00000000080004e4                __aeabi_i2d
                0x0000000008000508                __extendsfdf2
                0x0000000008000508                __aeabi_f2d
                0x000000000800054c                __aeabi_ul2d
                0x000000000800054c                __floatundidf
                0x000000000800055c                __aeabi_l2d
                0x000000000800055c                __floatdidf
 .text          0x00000000080005b8      0x424 /nix/store/wlyks4zmr4x2sj2nrg9xhhdmjyhqk7ql-gcc-arm-embedded-12.2.rel1/bin/../lib/gcc/arm-none-eabi/12.2.1/thumb/v7e-m+fp/hard/libgcc.a(_arm_muldivdf3.o)
                0x00000000080005b8                __aeabi_dmul
                0x00000000080005b8                __muldf3
                0x000000000800080c                __aeabi_ddiv
                0x000000000800080c                __divdf3
 .text          0x00000000080009dc      0x110 /nix/store/wlyks4zmr4x2sj2nrg9xhhdmjyhqk7ql-gcc-arm-embedded-12.2.rel1/bin/../lib/gcc/arm-none-eabi/12.2.1/thumb/v7e-m+fp/hard/libgcc.a(_arm_cmpdf2.o)
                0x00000000080009dc                __gedf2
                0x00000000080009dc                __gtdf2
                0x00000000080009e4                __ledf2
                0x00000000080009e4                __ltdf2
                0x00000000080009ec                __cmpdf2
                0x00000000080009ec                __eqdf2
                0x00000000080009ec                __nedf2
                0x0000000008000a68                __aeabi_cdrcmple
                0x0000000008000a78                __aeabi_cdcmple
                0x0000000008000a78                __aeabi_cdcmpeq
                0x0000000008000a88                __aeabi_dcmpeq
                0x0000000008000a9c                __aeabi_dcmplt
                0x0000000008000ab0                __aeabi_dcmple
                0x0000000008000ac4                __aeabi_dcmpge
                0x0000000008000ad8                __aeabi_dcmpgt
 .text          0x0000000008000aec       0x2c /nix/store/wlyks4zmr4x2sj2nrg9xhhdmjyhqk7ql-gcc-arm-embedded-12.2.rel1/bin/../lib/gcc/arm-none-eabi/12.2.1/thumb/v7e-m+fp/hard/libgcc.a(_arm_unorddf2.o)
                0x0000000008000aec                __aeabi_dcmpun
                0x0000000008000aec                __unorddf2
 .text          0x0000000008000b18       0x50 /nix/store/wlyks4zmr4x2sj2nrg9xhhdmjyhqk7ql-gcc-arm-embedded-12.2.rel1/bin/../lib/gcc/arm-none-eabi/12.2.1/thumb/v7e-m+fp/hard/libgcc.a(_arm_fixdfsi.o)
                0x0000000008000b18                __fixdfsi
                0x0000000008000b18                __aeabi_d2iz
 .text          0x0000000008000b68       0x30 /nix/store/wlyks4zmr4x2sj2nrg9xhhdmjyhqk7ql-gcc-arm-embedded-12.2.rel1/bin/../lib/gcc/arm-none-eabi/12.2.1/thumb/v7e-m+fp/hard/libgcc.a(_aeabi_uldivmod.o)
                0x0000000008000b68                __aeabi_uldivmod
 .text          0x0000000008000b98        0x4 /nix/store/wlyks4zmr4x2sj2nrg9xhhdmjyhqk7ql-gcc-arm-embedded-12.2.rel1/bin/../lib/gcc/arm-none-eabi/12.2.1/thumb/v7e-m+fp/hard/libgcc.a(_dvmd_tls.o)
                0x0000000008000b98                __aeabi_ldiv0
                0x0000000008000b98                __aeabi_idiv0
 *(.text*)
 .text.deregister_tm_clones
                0x0000000008000b9c       0x1c /nix/store/wlyks4zmr4x2sj2nrg9xhhdmjyhqk7ql-gcc-arm-embedded-12.2.rel1/bin/../lib/gcc/arm-none-eabi/12.2.1/thumb/v7e-m+fp/hard/crtbegin.o
 .text.register_tm_clones
                0x0000000008000bb8       0x24 /nix/store/wlyks4zmr4x2sj2nrg9xhhdmjyhqk7ql-gcc-arm-embedded-12.2.rel1/bin/../lib/gcc/arm-none-eabi/12.2.1/thumb/v7e-m+fp/hard/crtbegin.o
 .text.__do_global_dtors_aux
                0x0000000008000bdc       0x28 /nix/store/wlyks4zmr4x2sj2nrg9xhhdmjyhqk7ql-gcc-arm-embedded-12.2.rel1/bin/../lib/gcc/arm-none-eabi/12.2.1/thumb/v7e-m+fp/hard/crtbegin.o
 .text.frame_dummy
                0x0000000008000c04       0x24 /nix/store/wlyks4zmr4x2sj2nrg9xhhdmjyhqk7ql-gcc-arm-embedded-12.2.rel1/bin/../lib/gcc/arm-none-eabi/12.2.1/thumb/v7e-m+fp/hard/crtbegin.o
 .text.MX_GPIO_Init
                0x0000000008000c28       0x8c /Users/jenniferli/Desktop/LHR/PS-MotorControllerInterfacePCB/Firmware/Build/main.o
 .text.PWM_A_SetDuty
                0x0000000008000cb4       0x24 /Users/jenniferli/Desktop/LHR/PS-MotorControllerInterfacePCB/Firmware/Build/main.o
                0x0000000008000cb4                PWM_A_SetDuty
 .text.PWM_B_SetDuty
                0x0000000008000cd8       0x24 /Users/jenniferli/Desktop/LHR/PS-MotorControllerInterfacePCB/Firmware/Build/main.o
                0x0000000008000cd8                PWM_B_SetDuty
 .text.LED_On   0x0000000008000cfc        0xa /Users/jenniferli/Desktop/LHR/PS-MotorControllerInterfacePCB/Firmware/Build/main.o
                0x0000000008000cfc                LED_On
 .text.LED_Off  0x0000000008000d06        0xa /Users/jenniferli/Desktop/LHR/PS-MotorControllerInterfacePCB/Firmware/Build/main.o
                0x0000000008000d06                LED_Off
 .text.Error_Handler
                0x0000000008000d10        0x4 /Users/jenniferli/Desktop/LHR/PS-MotorControllerInterfacePCB/Firmware/Build/main.o
                0x0000000008000d10                Error_Handler
 .text.MX_TIM1_Init
                0x0000000008000d14       0x74 /Users/jenniferli/Desktop/LHR/PS-MotorControllerInterfacePCB/Firmware/Build/main.o
 .text.MX_TIM2_Init
                0x0000000008000d88       0xc8 /Users/jenniferli/Desktop/LHR/PS-MotorControllerInterfacePCB/Firmware/Build/main.o
 .text.MX_USART1_UART_Init
                0x0000000008000e50       0x38 /Users/jenniferli/Desktop/LHR/PS-MotorControllerInterfacePCB/Firmware/Build/main.o
 .text.SystemClock_Config
                0x0000000008000e88       0x66 /Users/jenniferli/Desktop/LHR/PS-MotorControllerInterfacePCB/Firmware/Build/main.o
                0x0000000008000e88                SystemClock_Config
 *fill*         0x0000000008000eee        0x2 
 .text.main     0x0000000008000ef0       0x5c /Users/jenniferli/Desktop/LHR/PS-MotorControllerInterfacePCB/Firmware/Build/main.o
                0x0000000008000ef0                main
 .text.HAL_Init
                0x0000000008000f4c       0x1e /Users/jenniferli/Desktop/LHR/PS-MotorControllerInterfacePCB/Firmware/Build/stm32l4xx_hal.o
                0x0000000008000f4c                HAL_Init
 *fill*         0x0000000008000f6a        0x2 
 .text.HAL_IncTick
                0x0000000008000f6c       0x18 /Users/jenniferli/Desktop/LHR/PS-MotorControllerInterfacePCB/Firmware/Build/stm32l4xx_hal.o
                0x0000000008000f6c                HAL_IncTick
 .text.HAL_GetTick
                0x0000000008000f84        0xc /Users/jenniferli/Desktop/LHR/PS-MotorControllerInterfacePCB/Firmware/Build/stm32l4xx_hal.o
                0x0000000008000f84                HAL_GetTick
 .text.HAL_Delay
                0x0000000008000f90       0x28 /Users/jenniferli/Desktop/LHR/PS-MotorControllerInterfacePCB/Firmware/Build/stm32l4xx_hal.o
                0x0000000008000f90                HAL_Delay
 .text.__NVIC_EnableIRQ
                0x0000000008000fb8       0x1c /Users/jenniferli/Desktop/LHR/PS-MotorControllerInterfacePCB/Firmware/Build/stm32l4xx_hal_cortex.o
 .text.__NVIC_SetPriority
                0x0000000008000fd4       0x28 /Users/jenniferli/Desktop/LHR/PS-MotorControllerInterfacePCB/Firmware/Build/stm32l4xx_hal_cortex.o
 .text.NVIC_EncodePriority
                0x0000000008000ffc       0x3e /Users/jenniferli/Desktop/LHR/PS-MotorControllerInterfacePCB/Firmware/Build/stm32l4xx_hal_cortex.o
 *fill*         0x000000000800103a        0x2 
 .text.HAL_NVIC_SetPriorityGrouping
                0x000000000800103c       0x24 /Users/jenniferli/Desktop/LHR/PS-MotorControllerInterfacePCB/Firmware/Build/stm32l4xx_hal_cortex.o
                0x000000000800103c                HAL_NVIC_SetPriorityGrouping
 .text.HAL_NVIC_SetPriority
                0x0000000008001060       0x20 /Users/jenniferli/Desktop/LHR/PS-MotorControllerInterfacePCB/Firmware/Build/stm32l4xx_hal_cortex.o
                0x0000000008001060                HAL_NVIC_SetPriority
 .text.HAL_NVIC_EnableIRQ
                0x0000000008001080        0x8 /Users/jenniferli/Desktop/LHR/PS-MotorControllerInterfacePCB/Firmware/Build/stm32l4xx_hal_cortex.o
                0x0000000008001080                HAL_NVIC_EnableIRQ
 .text.HAL_DMA_Abort
                0x0000000008001088       0x4a /Users/jenniferli/Desktop/LHR/PS-MotorControllerInterfacePCB/Firmware/Build/stm32l4xx_hal_dma.o
                0x0000000008001088                HAL_DMA_Abort
 .text.HAL_DMA_Abort_IT
                0x00000000080010d2       0x50 /Users/jenniferli/Desktop/LHR/PS-MotorControllerInterfacePCB/Firmware/Build/stm32l4xx_hal_dma.o
                0x00000000080010d2                HAL_DMA_Abort_IT
 *fill*         0x0000000008001122        0x2 
 .text.HAL_GPIO_Init
                0x0000000008001124      0x1c8 /Users/jenniferli/Desktop/LHR/PS-MotorControllerInterfacePCB/Firmware/Build/stm32l4xx_hal_gpio.o
                0x0000000008001124                HAL_GPIO_Init
 .text.HAL_GPIO_WritePin
                0x00000000080012ec        0xa /Users/jenniferli/Desktop/LHR/PS-MotorControllerInterfacePCB/Firmware/Build/stm32l4xx_hal_gpio.o
                0x00000000080012ec                HAL_GPIO_WritePin
 *fill*         0x00000000080012f6        0x2 
 .text.HAL_PWREx_GetVoltageRange
                0x00000000080012f8       0x10 /Users/jenniferli/Desktop/LHR/PS-MotorControllerInterfacePCB/Firmware/Build/stm32l4xx_hal_pwr_ex.o
                0x00000000080012f8                HAL_PWREx_GetVoltageRange
 .text.HAL_PWREx_ControlVoltageScaling
                0x0000000008001308       0x90 /Users/jenniferli/Desktop/LHR/PS-MotorControllerInterfacePCB/Firmware/Build/stm32l4xx_hal_pwr_ex.o
                0x0000000008001308                HAL_PWREx_ControlVoltageScaling
 .text.RCC_SetFlashLatencyFromMSIRange
                0x0000000008001398       0x90 /Users/jenniferli/Desktop/LHR/PS-MotorControllerInterfacePCB/Firmware/Build/stm32l4xx_hal_rcc.o
 .text.HAL_RCC_GetSysClockFreq
                0x0000000008001428       0xb4 /Users/jenniferli/Desktop/LHR/PS-MotorControllerInterfacePCB/Firmware/Build/stm32l4xx_hal_rcc.o
                0x0000000008001428                HAL_RCC_GetSysClockFreq
 .text.HAL_RCC_OscConfig
                0x00000000080014dc      0x66c /Users/jenniferli/Desktop/LHR/PS-MotorControllerInterfacePCB/Firmware/Build/stm32l4xx_hal_rcc.o
                0x00000000080014dc                HAL_RCC_OscConfig
 .text.HAL_RCC_ClockConfig
                0x0000000008001b48      0x188 /Users/jenniferli/Desktop/LHR/PS-MotorControllerInterfacePCB/Firmware/Build/stm32l4xx_hal_rcc.o
                0x0000000008001b48                HAL_RCC_ClockConfig
 .text.HAL_RCC_GetHCLKFreq
                0x0000000008001cd0        0xc /Users/jenniferli/Desktop/LHR/PS-MotorControllerInterfacePCB/Firmware/Build/stm32l4xx_hal_rcc.o
                0x0000000008001cd0                HAL_RCC_GetHCLKFreq
 .text.HAL_RCC_GetPCLK1Freq
                0x0000000008001cdc       0x24 /Users/jenniferli/Desktop/LHR/PS-MotorControllerInterfacePCB/Firmware/Build/stm32l4xx_hal_rcc.o
                0x0000000008001cdc                HAL_RCC_GetPCLK1Freq
 .text.HAL_RCC_GetPCLK2Freq
                0x0000000008001d00       0x24 /Users/jenniferli/Desktop/LHR/PS-MotorControllerInterfacePCB/Firmware/Build/stm32l4xx_hal_rcc.o
                0x0000000008001d00                HAL_RCC_GetPCLK2Freq
 .text.HAL_RCC_GetClockConfig
                0x0000000008001d24       0x3c /Users/jenniferli/Desktop/LHR/PS-MotorControllerInterfacePCB/Firmware/Build/stm32l4xx_hal_rcc.o
                0x0000000008001d24                HAL_RCC_GetClockConfig
 .text.TIM_OC1_SetConfig
                0x0000000008001d60       0x7c /Users/jenniferli/Desktop/LHR/PS-MotorControllerInterfacePCB/Firmware/Build/stm32l4xx_hal_tim.o
 .text.TIM_OC3_SetConfig
                0x0000000008001ddc       0x70 /Users/jenniferli/Desktop/LHR/PS-MotorControllerInterfacePCB/Firmware/Build/stm32l4xx_hal_tim.o
 .text.TIM_OC4_SetConfig
                0x0000000008001e4c       0x5c /Users/jenniferli/Desktop/LHR/PS-MotorControllerInterfacePCB/Firmware/Build/stm32l4xx_hal_tim.o
 .text.TIM_OC5_SetConfig
                0x0000000008001ea8       0x58 /Users/jenniferli/Desktop/LHR/PS-MotorControllerInterfacePCB/Firmware/Build/stm32l4xx_hal_tim.o
 .text.TIM_OC6_SetConfig
                0x0000000008001f00       0x5c /Users/jenniferli/Desktop/LHR/PS-MotorControllerInterfacePCB/Firmware/Build/stm32l4xx_hal_tim.o
 .text.TIM_TI2_SetConfig
                0x0000000008001f5c       0x36 /Users/jenniferli/Desktop/LHR/PS-MotorControllerInterfacePCB/Firmware/Build/stm32l4xx_hal_tim.o
 .text.TIM_TI3_SetConfig
                0x0000000008001f92       0x36 /Users/jenniferli/Desktop/LHR/PS-MotorControllerInterfacePCB/Firmware/Build/stm32l4xx_hal_tim.o
 .text.TIM_TI4_SetConfig
                0x0000000008001fc8       0x36 /Users/jenniferli/Desktop/LHR/PS-MotorControllerInterfacePCB/Firmware/Build/stm32l4xx_hal_tim.o
 .text.HAL_TIM_Base_MspInit
                0x0000000008001ffe        0x2 /Users/jenniferli/Desktop/LHR/PS-MotorControllerInterfacePCB/Firmware/Build/stm32l4xx_hal_tim.o
                0x0000000008001ffe                HAL_TIM_Base_MspInit
 .text.HAL_TIM_Base_Start_IT
                0x0000000008002000       0x6c /Users/jenniferli/Desktop/LHR/PS-MotorControllerInterfacePCB/Firmware/Build/stm32l4xx_hal_tim.o
                0x0000000008002000                HAL_TIM_Base_Start_IT
 .text.HAL_TIM_OC_MspInit
                0x000000000800206c        0x2 /Users/jenniferli/Desktop/LHR/PS-MotorControllerInterfacePCB/Firmware/Build/stm32l4xx_hal_tim.o
                0x000000000800206c                HAL_TIM_OC_MspInit
 .text.HAL_TIM_PWM_MspInit
                0x000000000800206e        0x2 /Users/jenniferli/Desktop/LHR/PS-MotorControllerInterfacePCB/Firmware/Build/stm32l4xx_hal_tim.o
                0x000000000800206e                HAL_TIM_PWM_MspInit
 .text.HAL_TIM_IC_MspInit
                0x0000000008002070        0x2 /Users/jenniferli/Desktop/LHR/PS-MotorControllerInterfacePCB/Firmware/Build/stm32l4xx_hal_tim.o
                0x0000000008002070                HAL_TIM_IC_MspInit
 .text.HAL_TIM_OC_DelayElapsedCallback
                0x0000000008002072        0x2 /Users/jenniferli/Desktop/LHR/PS-MotorControllerInterfacePCB/Firmware/Build/stm32l4xx_hal_tim.o
                0x0000000008002072                HAL_TIM_OC_DelayElapsedCallback
 .text.HAL_TIM_IC_CaptureCallback
                0x0000000008002074        0x2 /Users/jenniferli/Desktop/LHR/PS-MotorControllerInterfacePCB/Firmware/Build/stm32l4xx_hal_tim.o
                0x0000000008002074                HAL_TIM_IC_CaptureCallback
 .text.HAL_TIM_PWM_PulseFinishedCallback
                0x0000000008002076        0x2 /Users/jenniferli/Desktop/LHR/PS-MotorControllerInterfacePCB/Firmware/Build/stm32l4xx_hal_tim.o
                0x0000000008002076                HAL_TIM_PWM_PulseFinishedCallback
 .text.HAL_TIM_TriggerCallback
                0x0000000008002078        0x2 /Users/jenniferli/Desktop/LHR/PS-MotorControllerInterfacePCB/Firmware/Build/stm32l4xx_hal_tim.o
                0x0000000008002078                HAL_TIM_TriggerCallback
 .text.HAL_TIM_IRQHandler
                0x000000000800207a      0x17a /Users/jenniferli/Desktop/LHR/PS-MotorControllerInterfacePCB/Firmware/Build/stm32l4xx_hal_tim.o
                0x000000000800207a                HAL_TIM_IRQHandler
 .text.TIM_Base_SetConfig
                0x00000000080021f4       0x80 /Users/jenniferli/Desktop/LHR/PS-MotorControllerInterfacePCB/Firmware/Build/stm32l4xx_hal_tim.o
                0x00000000080021f4                TIM_Base_SetConfig
 .text.HAL_TIM_Base_Init
                0x0000000008002274       0x60 /Users/jenniferli/Desktop/LHR/PS-MotorControllerInterfacePCB/Firmware/Build/stm32l4xx_hal_tim.o
                0x0000000008002274                HAL_TIM_Base_Init
 .text.HAL_TIM_OC_Init
                0x00000000080022d4       0x60 /Users/jenniferli/Desktop/LHR/PS-MotorControllerInterfacePCB/Firmware/Build/stm32l4xx_hal_tim.o
                0x00000000080022d4                HAL_TIM_OC_Init
 .text.HAL_TIM_PWM_Init
                0x0000000008002334       0x60 /Users/jenniferli/Desktop/LHR/PS-MotorControllerInterfacePCB/Firmware/Build/stm32l4xx_hal_tim.o
                0x0000000008002334                HAL_TIM_PWM_Init
 .text.HAL_TIM_IC_Init
                0x0000000008002394       0x60 /Users/jenniferli/Desktop/LHR/PS-MotorControllerInterfacePCB/Firmware/Build/stm32l4xx_hal_tim.o
                0x0000000008002394                HAL_TIM_IC_Init
 .text.TIM_OC2_SetConfig
                0x00000000080023f4       0x74 /Users/jenniferli/Desktop/LHR/PS-MotorControllerInterfacePCB/Firmware/Build/stm32l4xx_hal_tim.o
                0x00000000080023f4                TIM_OC2_SetConfig
 .text.HAL_TIM_OC_ConfigChannel
                0x0000000008002468       0x7a /Users/jenniferli/Desktop/LHR/PS-MotorControllerInterfacePCB/Firmware/Build/stm32l4xx_hal_tim.o
                0x0000000008002468                HAL_TIM_OC_ConfigChannel
 .text.HAL_TIM_PWM_ConfigChannel
                0x00000000080024e2      0x13a /Users/jenniferli/Desktop/LHR/PS-MotorControllerInterfacePCB/Firmware/Build/stm32l4xx_hal_tim.o
                0x00000000080024e2                HAL_TIM_PWM_ConfigChannel
 .text.TIM_TI1_SetConfig
                0x000000000800261c       0x50 /Users/jenniferli/Desktop/LHR/PS-MotorControllerInterfacePCB/Firmware/Build/stm32l4xx_hal_tim.o
                0x000000000800261c                TIM_TI1_SetConfig
 .text.HAL_TIM_IC_ConfigChannel
                0x000000000800266c       0xc4 /Users/jenniferli/Desktop/LHR/PS-MotorControllerInterfacePCB/Firmware/Build/stm32l4xx_hal_tim.o
                0x000000000800266c                HAL_TIM_IC_ConfigChannel
 .text.TIM_CCxChannelCmd
                0x0000000008002730       0x1e /Users/jenniferli/Desktop/LHR/PS-MotorControllerInterfacePCB/Firmware/Build/stm32l4xx_hal_tim.o
                0x0000000008002730                TIM_CCxChannelCmd
 *fill*         0x000000000800274e        0x2 
 .text.HAL_TIM_PWM_Start
                0x0000000008002750      0x138 /Users/jenniferli/Desktop/LHR/PS-MotorControllerInterfacePCB/Firmware/Build/stm32l4xx_hal_tim.o
                0x0000000008002750                HAL_TIM_PWM_Start
 .text.HAL_TIMEx_MasterConfigSynchronization
                0x0000000008002888       0x70 /Users/jenniferli/Desktop/LHR/PS-MotorControllerInterfacePCB/Firmware/Build/stm32l4xx_hal_tim_ex.o
                0x0000000008002888                HAL_TIMEx_MasterConfigSynchronization
 .text.HAL_TIMEx_CommutCallback
                0x00000000080028f8        0x2 /Users/jenniferli/Desktop/LHR/PS-MotorControllerInterfacePCB/Firmware/Build/stm32l4xx_hal_tim_ex.o
                0x00000000080028f8                HAL_TIMEx_CommutCallback
 .text.HAL_TIMEx_BreakCallback
                0x00000000080028fa        0x2 /Users/jenniferli/Desktop/LHR/PS-MotorControllerInterfacePCB/Firmware/Build/stm32l4xx_hal_tim_ex.o
                0x00000000080028fa                HAL_TIMEx_BreakCallback
 .text.HAL_TIMEx_Break2Callback
                0x00000000080028fc        0x2 /Users/jenniferli/Desktop/LHR/PS-MotorControllerInterfacePCB/Firmware/Build/stm32l4xx_hal_tim_ex.o
                0x00000000080028fc                HAL_TIMEx_Break2Callback
 .text.UART_EndRxTransfer
                0x00000000080028fe       0x52 /Users/jenniferli/Desktop/LHR/PS-MotorControllerInterfacePCB/Firmware/Build/stm32l4xx_hal_uart.o
 .text.UART_TxISR_8BIT
                0x0000000008002950       0x54 /Users/jenniferli/Desktop/LHR/PS-MotorControllerInterfacePCB/Firmware/Build/stm32l4xx_hal_uart.o
 .text.UART_TxISR_16BIT
                0x00000000080029a4       0x58 /Users/jenniferli/Desktop/LHR/PS-MotorControllerInterfacePCB/Firmware/Build/stm32l4xx_hal_uart.o
 .text.HAL_UART_Transmit_IT
                0x00000000080029fc       0x64 /Users/jenniferli/Desktop/LHR/PS-MotorControllerInterfacePCB/Firmware/Build/stm32l4xx_hal_uart.o
                0x00000000080029fc                HAL_UART_Transmit_IT
 .text.UART_EndTransmit_IT
                0x0000000008002a60       0x22 /Users/jenniferli/Desktop/LHR/PS-MotorControllerInterfacePCB/Firmware/Build/stm32l4xx_hal_uart.o
 .text.HAL_UART_ErrorCallback
                0x0000000008002a82        0x2 /Users/jenniferli/Desktop/LHR/PS-MotorControllerInterfacePCB/Firmware/Build/stm32l4xx_hal_uart.o
                0x0000000008002a82                HAL_UART_ErrorCallback
 .text.UART_DMAAbortOnError
                0x0000000008002a84       0x14 /Users/jenniferli/Desktop/LHR/PS-MotorControllerInterfacePCB/Firmware/Build/stm32l4xx_hal_uart.o
 .text.HAL_UARTEx_RxEventCallback
                0x0000000008002a98        0x2 /Users/jenniferli/Desktop/LHR/PS-MotorControllerInterfacePCB/Firmware/Build/stm32l4xx_hal_uart.o
                0x0000000008002a98                HAL_UARTEx_RxEventCallback
 *fill*         0x0000000008002a9a        0x2 
 .text.HAL_UART_IRQHandler
                0x0000000008002a9c      0x308 /Users/jenniferli/Desktop/LHR/PS-MotorControllerInterfacePCB/Firmware/Build/stm32l4xx_hal_uart.o
                0x0000000008002a9c                HAL_UART_IRQHandler
 .text.HAL_UART_GetState
                0x0000000008002da4        0xa /Users/jenniferli/Desktop/LHR/PS-MotorControllerInterfacePCB/Firmware/Build/stm32l4xx_hal_uart.o
                0x0000000008002da4                HAL_UART_GetState
 *fill*         0x0000000008002dae        0x2 
 .text.UART_SetConfig
                0x0000000008002db0      0x2a0 /Users/jenniferli/Desktop/LHR/PS-MotorControllerInterfacePCB/Firmware/Build/stm32l4xx_hal_uart.o
                0x0000000008002db0                UART_SetConfig
 .text.UART_AdvFeatureConfig
                0x0000000008003050       0xca /Users/jenniferli/Desktop/LHR/PS-MotorControllerInterfacePCB/Firmware/Build/stm32l4xx_hal_uart.o
                0x0000000008003050                UART_AdvFeatureConfig
 .text.UART_WaitOnFlagUntilTimeout
                0x000000000800311a       0x9e /Users/jenniferli/Desktop/LHR/PS-MotorControllerInterfacePCB/Firmware/Build/stm32l4xx_hal_uart.o
                0x000000000800311a                UART_WaitOnFlagUntilTimeout
 .text.UART_CheckIdleState
                0x00000000080031b8       0xc6 /Users/jenniferli/Desktop/LHR/PS-MotorControllerInterfacePCB/Firmware/Build/stm32l4xx_hal_uart.o
                0x00000000080031b8                UART_CheckIdleState
 .text.HAL_UART_Init
                0x000000000800327e       0x62 /Users/jenniferli/Desktop/LHR/PS-MotorControllerInterfacePCB/Firmware/Build/stm32l4xx_hal_uart.o
                0x000000000800327e                HAL_UART_Init
 .text.HAL_UARTEx_WakeupCallback
                0x00000000080032e0        0x2 /Users/jenniferli/Desktop/LHR/PS-MotorControllerInterfacePCB/Firmware/Build/stm32l4xx_hal_uart_ex.o
                0x00000000080032e0                HAL_UARTEx_WakeupCallback
 *fill*         0x00000000080032e2        0x2 
 .text.SystemInit
                0x00000000080032e4       0x14 /Users/jenniferli/Desktop/LHR/PS-MotorControllerInterfacePCB/Firmware/Build/system_stm32l4xx.o
                0x00000000080032e4                SystemInit
 .text.HAL_MspInit
                0x00000000080032f8       0x40 /Users/jenniferli/Desktop/LHR/PS-MotorControllerInterfacePCB/Firmware/Build/stm32l4xx_hal_init.o
                0x00000000080032f8                HAL_MspInit
 .text.HAL_InitTick
                0x0000000008003338       0x94 /Users/jenniferli/Desktop/LHR/PS-MotorControllerInterfacePCB/Firmware/Build/stm32l4xx_hal_timebase_tim.o
                0x0000000008003338                HAL_InitTick
 .text.HAL_TIM_PeriodElapsedCallback
                0x00000000080033cc       0x18 /Users/jenniferli/Desktop/LHR/PS-MotorControllerInterfacePCB/Firmware/Build/stm32l4xx_hal_timebase_tim.o
                0x00000000080033cc                HAL_TIM_PeriodElapsedCallback
 .text.TIM1_UP_TIM16_IRQHandler
                0x00000000080033e4       0x10 /Users/jenniferli/Desktop/LHR/PS-MotorControllerInterfacePCB/Firmware/Build/stm32l4xx_hal_timebase_tim.o
                0x00000000080033e4                TIM1_UP_TIM16_IRQHandler
 .text.vListInsert
                0x00000000080033f4       0x32 /Users/jenniferli/Desktop/LHR/PS-MotorControllerInterfacePCB/Firmware/Build/list.o
                0x00000000080033f4                vListInsert
 .text.uxListRemove
                0x0000000008003426       0x24 /Users/jenniferli/Desktop/LHR/PS-MotorControllerInterfacePCB/Firmware/Build/list.o
                0x0000000008003426                uxListRemove
 .text.prvIsQueueFull
                0x000000000800344a       0x1e /Users/jenniferli/Desktop/LHR/PS-MotorControllerInterfacePCB/Firmware/Build/queue.o
 .text.prvIsQueueEmpty
                0x0000000008003468       0x1a /Users/jenniferli/Desktop/LHR/PS-MotorControllerInterfacePCB/Firmware/Build/queue.o
 .text.prvCopyDataToQueue
                0x0000000008003482       0x76 /Users/jenniferli/Desktop/LHR/PS-MotorControllerInterfacePCB/Firmware/Build/queue.o
 .text.prvCopyDataFromQueue
                0x00000000080034f8       0x24 /Users/jenniferli/Desktop/LHR/PS-MotorControllerInterfacePCB/Firmware/Build/queue.o
 .text.prvUnlockQueue
                0x000000000800351c       0x6e /Users/jenniferli/Desktop/LHR/PS-MotorControllerInterfacePCB/Firmware/Build/queue.o
 .text.xQueueGenericSend
                0x000000000800358a      0x188 /Users/jenniferli/Desktop/LHR/PS-MotorControllerInterfacePCB/Firmware/Build/queue.o
                0x000000000800358a                xQueueGenericSend
 .text.xQueueReceive
                0x0000000008003712      0x15e /Users/jenniferli/Desktop/LHR/PS-MotorControllerInterfacePCB/Firmware/Build/queue.o
                0x0000000008003712                xQueueReceive
 .text.xQueueReceiveFromISR
                0x0000000008003870       0xd2 /Users/jenniferli/Desktop/LHR/PS-MotorControllerInterfacePCB/Firmware/Build/queue.o
                0x0000000008003870                xQueueReceiveFromISR
 .text.uxQueueMessagesWaiting
                0x0000000008003942       0x26 /Users/jenniferli/Desktop/LHR/PS-MotorControllerInterfacePCB/Firmware/Build/queue.o
                0x0000000008003942                uxQueueMessagesWaiting
 .text.prvResetNextTaskUnblockTime
                0x0000000008003968       0x28 /Users/jenniferli/Desktop/LHR/PS-MotorControllerInterfacePCB/Firmware/Build/tasks.o
 .text.prvAddCurrentTaskToDelayedList
                0x0000000008003990       0xbc /Users/jenniferli/Desktop/LHR/PS-MotorControllerInterfacePCB/Firmware/Build/tasks.o
 .text.vTaskSuspendAll
                0x0000000008003a4c       0x10 /Users/jenniferli/Desktop/LHR/PS-MotorControllerInterfacePCB/Firmware/Build/tasks.o
                0x0000000008003a4c                vTaskSuspendAll
 .text.uxTaskGetNumberOfTasks
                0x0000000008003a5c        0xc /Users/jenniferli/Desktop/LHR/PS-MotorControllerInterfacePCB/Firmware/Build/tasks.o
                0x0000000008003a5c                uxTaskGetNumberOfTasks
 .text.xTaskIncrementTick
                0x0000000008003a68      0x178 /Users/jenniferli/Desktop/LHR/PS-MotorControllerInterfacePCB/Firmware/Build/tasks.o
                0x0000000008003a68                xTaskIncrementTick
 .text.xTaskResumeAll
                0x0000000008003be0      0x158 /Users/jenniferli/Desktop/LHR/PS-MotorControllerInterfacePCB/Firmware/Build/tasks.o
                0x0000000008003be0                xTaskResumeAll
 .text.vTaskSwitchContext
                0x0000000008003d38       0x98 /Users/jenniferli/Desktop/LHR/PS-MotorControllerInterfacePCB/Firmware/Build/tasks.o
                0x0000000008003d38                vTaskSwitchContext
 .text.vTaskPlaceOnEventList
                0x0000000008003dd0       0x30 /Users/jenniferli/Desktop/LHR/PS-MotorControllerInterfacePCB/Firmware/Build/tasks.o
                0x0000000008003dd0                vTaskPlaceOnEventList
 .text.xTaskRemoveFromEventList
                0x0000000008003e00       0xf8 /Users/jenniferli/Desktop/LHR/PS-MotorControllerInterfacePCB/Firmware/Build/tasks.o
                0x0000000008003e00                xTaskRemoveFromEventList
 .text.vTaskInternalSetTimeOutState
                0x0000000008003ef8       0x18 /Users/jenniferli/Desktop/LHR/PS-MotorControllerInterfacePCB/Firmware/Build/tasks.o
                0x0000000008003ef8                vTaskInternalSetTimeOutState
 .text.xTaskCheckForTimeOut
                0x0000000008003f10       0x88 /Users/jenniferli/Desktop/LHR/PS-MotorControllerInterfacePCB/Firmware/Build/tasks.o
                0x0000000008003f10                xTaskCheckForTimeOut
 .text.vTaskMissedYield
                0x0000000008003f98        0xc /Users/jenniferli/Desktop/LHR/PS-MotorControllerInterfacePCB/Firmware/Build/tasks.o
                0x0000000008003f98                vTaskMissedYield
 .text.xTaskGetSchedulerState
                0x0000000008003fa4       0x20 /Users/jenniferli/Desktop/LHR/PS-MotorControllerInterfacePCB/Firmware/Build/tasks.o
                0x0000000008003fa4                xTaskGetSchedulerState
 .text.xTaskPriorityDisinherit
                0x0000000008003fc4       0xc4 /Users/jenniferli/Desktop/LHR/PS-MotorControllerInterfacePCB/Firmware/Build/tasks.o
                0x0000000008003fc4                xTaskPriorityDisinherit
 *fill*         0x0000000008004088        0x8 
 .text.SVC_Handler
                0x0000000008004090       0x24 /Users/jenniferli/Desktop/LHR/PS-MotorControllerInterfacePCB/Firmware/Build/port.o
                0x0000000008004090                SVC_Handler
 *fill*         0x00000000080040b4        0xc 
 .text.PendSV_Handler
                0x00000000080040c0       0x64 /Users/jenniferli/Desktop/LHR/PS-MotorControllerInterfacePCB/Firmware/Build/port.o
                0x00000000080040c0                PendSV_Handler
 .text.vPortEnterCritical
                0x0000000008004124       0x44 /Users/jenniferli/Desktop/LHR/PS-MotorControllerInterfacePCB/Firmware/Build/port.o
                0x0000000008004124                vPortEnterCritical
 .text.vPortExitCritical
                0x0000000008004168       0x2c /Users/jenniferli/Desktop/LHR/PS-MotorControllerInterfacePCB/Firmware/Build/port.o
                0x0000000008004168                vPortExitCritical
 .text.SysTick_Handler
                0x0000000008004194       0x2c /Users/jenniferli/Desktop/LHR/PS-MotorControllerInterfacePCB/Firmware/Build/port.o
                0x0000000008004194                SysTick_Handler
 .text.vPortValidateInterruptPriority
                0x00000000080041c0       0x5c /Users/jenniferli/Desktop/LHR/PS-MotorControllerInterfacePCB/Firmware/Build/port.o
                0x00000000080041c0                vPortValidateInterruptPriority
 .text._getpid  0x000000000800421c        0x4 /Users/jenniferli/Desktop/LHR/PS-MotorControllerInterfacePCB/Firmware/Build/syscalls.o
                0x000000000800421c                _getpid
 .text._kill    0x0000000008004220       0x10 /Users/jenniferli/Desktop/LHR/PS-MotorControllerInterfacePCB/Firmware/Build/syscalls.o
                0x0000000008004220                _kill
 .text._exit    0x0000000008004230        0xc /Users/jenniferli/Desktop/LHR/PS-MotorControllerInterfacePCB/Firmware/Build/syscalls.o
                0x0000000008004230                _exit
 .text._read    0x000000000800423c       0x20 /Users/jenniferli/Desktop/LHR/PS-MotorControllerInterfacePCB/Firmware/Build/syscalls.o
                0x000000000800423c                _read
 .text._write   0x000000000800425c       0x1c /Users/jenniferli/Desktop/LHR/PS-MotorControllerInterfacePCB/Firmware/Build/syscalls.o
                0x000000000800425c                _write
 .text._close   0x0000000008004278        0x6 /Users/jenniferli/Desktop/LHR/PS-MotorControllerInterfacePCB/Firmware/Build/syscalls.o
                0x0000000008004278                _close
 .text._fstat   0x000000000800427e        0xa /Users/jenniferli/Desktop/LHR/PS-MotorControllerInterfacePCB/Firmware/Build/syscalls.o
                0x000000000800427e                _fstat
 .text._isatty  0x0000000008004288        0x4 /Users/jenniferli/Desktop/LHR/PS-MotorControllerInterfacePCB/Firmware/Build/syscalls.o
                0x0000000008004288                _isatty
 .text._lseek   0x000000000800428c        0x4 /Users/jenniferli/Desktop/LHR/PS-MotorControllerInterfacePCB/Firmware/Build/syscalls.o
                0x000000000800428c                _lseek
 .text._sbrk    0x0000000008004290       0x48 /Users/jenniferli/Desktop/LHR/PS-MotorControllerInterfacePCB/Firmware/Build/sysmem.o
                0x0000000008004290                _sbrk
 .text.__io_getchar
                0x00000000080042d8       0x38 /Users/jenniferli/Desktop/LHR/PS-MotorControllerInterfacePCB/Firmware/Build/printf.o
                0x00000000080042d8                __io_getchar
 .text.__io_putchar
                0x0000000008004310       0x34 /Users/jenniferli/Desktop/LHR/PS-MotorControllerInterfacePCB/Firmware/Build/printf.o
                0x0000000008004310                __io_putchar
 .text.is_uart_initialized
                0x0000000008004344        0xa /Users/jenniferli/Desktop/LHR/PS-MotorControllerInterfacePCB/Firmware/Build/UART.o
 *fill*         0x000000000800434e        0x2 
 .text.HAL_UART_MspGPIOInit
                0x0000000008004350       0xe0 /Users/jenniferli/Desktop/LHR/PS-MotorControllerInterfacePCB/Firmware/Build/UART.o
                0x0000000008004350                HAL_UART_MspGPIOInit
 .text.HAL_UART_MspInit
                0x0000000008004430       0x94 /Users/jenniferli/Desktop/LHR/PS-MotorControllerInterfacePCB/Firmware/Build/UART.o
                0x0000000008004430                HAL_UART_MspInit
 .text.uart_send
                0x00000000080044c4      0x10c /Users/jenniferli/Desktop/LHR/PS-MotorControllerInterfacePCB/Firmware/Build/UART.o
                0x00000000080044c4                uart_send
 .text.uart_recv
                0x00000000080045d0       0xb8 /Users/jenniferli/Desktop/LHR/PS-MotorControllerInterfacePCB/Firmware/Build/UART.o
                0x00000000080045d0                uart_recv
 .text.HAL_UART_TxCpltCallback
                0x0000000008004688       0xb8 /Users/jenniferli/Desktop/LHR/PS-MotorControllerInterfacePCB/Firmware/Build/UART.o
                0x0000000008004688                HAL_UART_TxCpltCallback
 .text.USART1_IRQHandler
                0x0000000008004740       0x10 /Users/jenniferli/Desktop/LHR/PS-MotorControllerInterfacePCB/Firmware/Build/UART.o
                0x0000000008004740                USART1_IRQHandler
 .text.USART2_IRQHandler
                0x0000000008004750       0x10 /Users/jenniferli/Desktop/LHR/PS-MotorControllerInterfacePCB/Firmware/Build/UART.o
                0x0000000008004750                USART2_IRQHandler
 .text.USART3_IRQHandler
                0x0000000008004760       0x10 /Users/jenniferli/Desktop/LHR/PS-MotorControllerInterfacePCB/Firmware/Build/UART.o
                0x0000000008004760                USART3_IRQHandler
 .text.Reset_Handler
                0x0000000008004770       0x50 /Users/jenniferli/Desktop/LHR/PS-MotorControllerInterfacePCB/Firmware/Build/startup_stm32l431xx.o
                0x0000000008004770                Reset_Handler
 .text.Default_Handler
                0x00000000080047c0        0x2 /Users/jenniferli/Desktop/LHR/PS-MotorControllerInterfacePCB/Firmware/Build/startup_stm32l431xx.o
                0x00000000080047c0                TIM1_BRK_TIM15_IRQHandler
                0x00000000080047c0                EXTI2_IRQHandler
                0x00000000080047c0                DebugMon_Handler
                0x00000000080047c0                TIM1_CC_IRQHandler
                0x00000000080047c0                TSC_IRQHandler
                0x00000000080047c0                HardFault_Handler
                0x00000000080047c0                TAMP_STAMP_IRQHandler
                0x00000000080047c0                NMI_Handler
                0x00000000080047c0                EXTI3_IRQHandler
                0x00000000080047c0                LPTIM2_IRQHandler
                0x00000000080047c0                I2C3_ER_IRQHandler
                0x00000000080047c0                EXTI0_IRQHandler
                0x00000000080047c0                I2C2_EV_IRQHandler
                0x00000000080047c0                CAN1_RX0_IRQHandler
                0x00000000080047c0                FPU_IRQHandler
                0x00000000080047c0                UsageFault_Handler
                0x00000000080047c0                SPI1_IRQHandler
                0x00000000080047c0                TIM6_DAC_IRQHandler
                0x00000000080047c0                DMA2_Channel2_IRQHandler
                0x00000000080047c0                DMA1_Channel4_IRQHandler
                0x00000000080047c0                ADC1_IRQHandler
                0x00000000080047c0                DMA1_Channel7_IRQHandler
                0x00000000080047c0                CAN1_RX1_IRQHandler
                0x00000000080047c0                DMA2_Channel1_IRQHandler
                0x00000000080047c0                QUADSPI_IRQHandler
                0x00000000080047c0                I2C1_EV_IRQHandler
                0x00000000080047c0                DMA1_Channel6_IRQHandler
                0x00000000080047c0                DMA2_Channel4_IRQHandler
                0x00000000080047c0                RCC_IRQHandler
                0x00000000080047c0                TIM1_TRG_COM_IRQHandler
                0x00000000080047c0                DMA1_Channel1_IRQHandler
                0x00000000080047c0                Default_Handler
                0x00000000080047c0                DMA2_Channel7_IRQHandler
                0x00000000080047c0                EXTI15_10_IRQHandler
                0x00000000080047c0                TIM7_IRQHandler
                0x00000000080047c0                SDMMC1_IRQHandler
                0x00000000080047c0                I2C3_EV_IRQHandler
                0x00000000080047c0                EXTI9_5_IRQHandler
                0x00000000080047c0                RTC_WKUP_IRQHandler
                0x00000000080047c0                PVD_PVM_IRQHandler
                0x00000000080047c0                SPI2_IRQHandler
                0x00000000080047c0                MemManage_Handler
                0x00000000080047c0                CAN1_TX_IRQHandler
                0x00000000080047c0                DMA2_Channel5_IRQHandler
                0x00000000080047c0                CRS_IRQHandler
                0x00000000080047c0                DMA1_Channel5_IRQHandler
                0x00000000080047c0                EXTI4_IRQHandler
                0x00000000080047c0                RNG_IRQHandler
                0x00000000080047c0                DMA1_Channel3_IRQHandler
                0x00000000080047c0                COMP_IRQHandler
                0x00000000080047c0                WWDG_IRQHandler
                0x00000000080047c0                LPUART1_IRQHandler
                0x00000000080047c0                DMA2_Channel6_IRQHandler
                0x00000000080047c0                TIM2_IRQHandler
                0x00000000080047c0                EXTI1_IRQHandler
                0x00000000080047c0                I2C2_ER_IRQHandler
                0x00000000080047c0                DMA1_Channel2_IRQHandler
                0x00000000080047c0                CAN1_SCE_IRQHandler
                0x00000000080047c0                FLASH_IRQHandler
                0x00000000080047c0                BusFault_Handler
                0x00000000080047c0                SPI3_IRQHandler
                0x00000000080047c0                I2C1_ER_IRQHandler
                0x00000000080047c0                SWPMI1_IRQHandler
                0x00000000080047c0                LPTIM1_IRQHandler
                0x00000000080047c0                SAI1_IRQHandler
                0x00000000080047c0                DMA2_Channel3_IRQHandler
                0x00000000080047c0                RTC_Alarm_IRQHandler
 .text.__cvt    0x00000000080047c2       0xd2 /nix/store/wlyks4zmr4x2sj2nrg9xhhdmjyhqk7ql-gcc-arm-embedded-12.2.rel1/bin/../lib/gcc/arm-none-eabi/12.2.1/../../../../arm-none-eabi/lib/thumb/v7e-m+fp/hard/libc_nano.a(libc_a-nano-vfprintf_float.o)
                0x00000000080047c2                __cvt
 .text.__exponent
                0x0000000008004894       0x74 /nix/store/wlyks4zmr4x2sj2nrg9xhhdmjyhqk7ql-gcc-arm-embedded-12.2.rel1/bin/../lib/gcc/arm-none-eabi/12.2.1/../../../../arm-none-eabi/lib/thumb/v7e-m+fp/hard/libc_nano.a(libc_a-nano-vfprintf_float.o)
                0x0000000008004894                __exponent
 .text._printf_float
                0x0000000008004908      0x464 /nix/store/wlyks4zmr4x2sj2nrg9xhhdmjyhqk7ql-gcc-arm-embedded-12.2.rel1/bin/../lib/gcc/arm-none-eabi/12.2.1/../../../../arm-none-eabi/lib/thumb/v7e-m+fp/hard/libc_nano.a(libc_a-nano-vfprintf_float.o)
                0x0000000008004908                _printf_float
 .text._printf_common
                0x0000000008004d6c       0xda /nix/store/wlyks4zmr4x2sj2nrg9xhhdmjyhqk7ql-gcc-arm-embedded-12.2.rel1/bin/../lib/gcc/arm-none-eabi/12.2.1/../../../../arm-none-eabi/lib/thumb/v7e-m+fp/hard/libc_nano.a(libc_a-nano-vfprintf_i.o)
                0x0000000008004d6c                _printf_common
 *fill*         0x0000000008004e46        0x2 
 .text._printf_i
                0x0000000008004e48      0x258 /nix/store/wlyks4zmr4x2sj2nrg9xhhdmjyhqk7ql-gcc-arm-embedded-12.2.rel1/bin/../lib/gcc/arm-none-eabi/12.2.1/../../../../arm-none-eabi/lib/thumb/v7e-m+fp/hard/libc_nano.a(libc_a-nano-vfprintf_i.o)
                0x0000000008004e48                _printf_i
 .text.std      0x00000000080050a0       0x6c /nix/store/wlyks4zmr4x2sj2nrg9xhhdmjyhqk7ql-gcc-arm-embedded-12.2.rel1/bin/../lib/gcc/arm-none-eabi/12.2.1/../../../../arm-none-eabi/lib/thumb/v7e-m+fp/hard/libc_nano.a(libc_a-findfp.o)
 .text.stdio_exit_handler
                0x000000000800510c       0x18 /nix/store/wlyks4zmr4x2sj2nrg9xhhdmjyhqk7ql-gcc-arm-embedded-12.2.rel1/bin/../lib/gcc/arm-none-eabi/12.2.1/../../../../arm-none-eabi/lib/thumb/v7e-m+fp/hard/libc_nano.a(libc_a-findfp.o)
 .text.cleanup_stdio
                0x0000000008005124       0x40 /nix/store/wlyks4zmr4x2sj2nrg9xhhdmjyhqk7ql-gcc-arm-embedded-12.2.rel1/bin/../lib/gcc/arm-none-eabi/12.2.1/../../../../arm-none-eabi/lib/thumb/v7e-m+fp/hard/libc_nano.a(libc_a-findfp.o)
 .text.global_stdio_init.part.0
                0x0000000008005164       0x3c /nix/store/wlyks4zmr4x2sj2nrg9xhhdmjyhqk7ql-gcc-arm-embedded-12.2.rel1/bin/../lib/gcc/arm-none-eabi/12.2.1/../../../../arm-none-eabi/lib/thumb/v7e-m+fp/hard/libc_nano.a(libc_a-findfp.o)
 .text.__sfp_lock_acquire
                0x00000000080051a0        0xc /nix/store/wlyks4zmr4x2sj2nrg9xhhdmjyhqk7ql-gcc-arm-embedded-12.2.rel1/bin/../lib/gcc/arm-none-eabi/12.2.1/../../../../arm-none-eabi/lib/thumb/v7e-m+fp/hard/libc_nano.a(libc_a-findfp.o)
                0x00000000080051a0                __sfp_lock_acquire
 .text.__sfp_lock_release
                0x00000000080051ac        0xc /nix/store/wlyks4zmr4x2sj2nrg9xhhdmjyhqk7ql-gcc-arm-embedded-12.2.rel1/bin/../lib/gcc/arm-none-eabi/12.2.1/../../../../arm-none-eabi/lib/thumb/v7e-m+fp/hard/libc_nano.a(libc_a-findfp.o)
                0x00000000080051ac                __sfp_lock_release
 .text.__sinit  0x00000000080051b8       0x30 /nix/store/wlyks4zmr4x2sj2nrg9xhhdmjyhqk7ql-gcc-arm-embedded-12.2.rel1/bin/../lib/gcc/arm-none-eabi/12.2.1/../../../../arm-none-eabi/lib/thumb/v7e-m+fp/hard/libc_nano.a(libc_a-findfp.o)
                0x00000000080051b8                __sinit
 .text._fwalk_sglue
                0x00000000080051e8       0x3c /nix/store/wlyks4zmr4x2sj2nrg9xhhdmjyhqk7ql-gcc-arm-embedded-12.2.rel1/bin/../lib/gcc/arm-none-eabi/12.2.1/../../../../arm-none-eabi/lib/thumb/v7e-m+fp/hard/libc_nano.a(libc_a-fwalk.o)
                0x00000000080051e8                _fwalk_sglue
 .text.memset   0x0000000008005224       0x10 /nix/store/wlyks4zmr4x2sj2nrg9xhhdmjyhqk7ql-gcc-arm-embedded-12.2.rel1/bin/../lib/gcc/arm-none-eabi/12.2.1/../../../../arm-none-eabi/lib/thumb/v7e-m+fp/hard/libc_nano.a(libc_a-memset.o)
                0x0000000008005224                memset
 .text._localeconv_r
                0x0000000008005234        0x8 /nix/store/wlyks4zmr4x2sj2nrg9xhhdmjyhqk7ql-gcc-arm-embedded-12.2.rel1/bin/../lib/gcc/arm-none-eabi/12.2.1/../../../../arm-none-eabi/lib/thumb/v7e-m+fp/hard/libc_nano.a(libc_a-localeconv.o)
                0x0000000008005234                _localeconv_r
 .text.__errno  0x000000000800523c        0xc /nix/store/wlyks4zmr4x2sj2nrg9xhhdmjyhqk7ql-gcc-arm-embedded-12.2.rel1/bin/../lib/gcc/arm-none-eabi/12.2.1/../../../../arm-none-eabi/lib/thumb/v7e-m+fp/hard/libc_nano.a(libc_a-errno.o)
                0x000000000800523c                __errno
 .text.__libc_init_array
                0x0000000008005248       0x48 /nix/store/wlyks4zmr4x2sj2nrg9xhhdmjyhqk7ql-gcc-arm-embedded-12.2.rel1/bin/../lib/gcc/arm-none-eabi/12.2.1/../../../../arm-none-eabi/lib/thumb/v7e-m+fp/hard/libc_nano.a(libc_a-init.o)
                0x0000000008005248                __libc_init_array
 .text.__retarget_lock_init_recursive
                0x0000000008005290        0x2 /nix/store/wlyks4zmr4x2sj2nrg9xhhdmjyhqk7ql-gcc-arm-embedded-12.2.rel1/bin/../lib/gcc/arm-none-eabi/12.2.1/../../../../arm-none-eabi/lib/thumb/v7e-m+fp/hard/libc_nano.a(libc_a-lock.o)
                0x0000000008005290                __retarget_lock_init_recursive
 .text.__retarget_lock_acquire_recursive
                0x0000000008005292        0x2 /nix/store/wlyks4zmr4x2sj2nrg9xhhdmjyhqk7ql-gcc-arm-embedded-12.2.rel1/bin/../lib/gcc/arm-none-eabi/12.2.1/../../../../arm-none-eabi/lib/thumb/v7e-m+fp/hard/libc_nano.a(libc_a-lock.o)
                0x0000000008005292                __retarget_lock_acquire_recursive
 .text.__retarget_lock_release_recursive
                0x0000000008005294        0x2 /nix/store/wlyks4zmr4x2sj2nrg9xhhdmjyhqk7ql-gcc-arm-embedded-12.2.rel1/bin/../lib/gcc/arm-none-eabi/12.2.1/../../../../arm-none-eabi/lib/thumb/v7e-m+fp/hard/libc_nano.a(libc_a-lock.o)
                0x0000000008005294                __retarget_lock_release_recursive
 .text.memcpy   0x0000000008005296       0x1c /nix/store/wlyks4zmr4x2sj2nrg9xhhdmjyhqk7ql-gcc-arm-embedded-12.2.rel1/bin/../lib/gcc/arm-none-eabi/12.2.1/../../../../arm-none-eabi/lib/thumb/v7e-m+fp/hard/libc_nano.a(libc_a-memcpy-stub.o)
                0x0000000008005296                memcpy
 .text.quorem   0x00000000080052b2      0x110 /nix/store/wlyks4zmr4x2sj2nrg9xhhdmjyhqk7ql-gcc-arm-embedded-12.2.rel1/bin/../lib/gcc/arm-none-eabi/12.2.1/../../../../arm-none-eabi/lib/thumb/v7e-m+fp/hard/libc_nano.a(libc_a-dtoa.o)
 *fill*         0x00000000080053c2        0x6 
 .text._dtoa_r  0x00000000080053c8      0xc58 /nix/store/wlyks4zmr4x2sj2nrg9xhhdmjyhqk7ql-gcc-arm-embedded-12.2.rel1/bin/../lib/gcc/arm-none-eabi/12.2.1/../../../../arm-none-eabi/lib/thumb/v7e-m+fp/hard/libc_nano.a(libc_a-dtoa.o)
                0x00000000080053c8                _dtoa_r
 .text.malloc   0x0000000008006020       0x10 /nix/store/wlyks4zmr4x2sj2nrg9xhhdmjyhqk7ql-gcc-arm-embedded-12.2.rel1/bin/../lib/gcc/arm-none-eabi/12.2.1/../../../../arm-none-eabi/lib/thumb/v7e-m+fp/hard/libc_nano.a(libc_a-malloc.o)
                0x0000000008006020                malloc
 .text.sbrk_aligned
                0x0000000008006030       0x44 /nix/store/wlyks4zmr4x2sj2nrg9xhhdmjyhqk7ql-gcc-arm-embedded-12.2.rel1/bin/../lib/gcc/arm-none-eabi/12.2.1/../../../../arm-none-eabi/lib/thumb/v7e-m+fp/hard/libc_nano.a(libc_a-mallocr.o)
 .text._malloc_r
                0x0000000008006074       0xf0 /nix/store/wlyks4zmr4x2sj2nrg9xhhdmjyhqk7ql-gcc-arm-embedded-12.2.rel1/bin/../lib/gcc/arm-none-eabi/12.2.1/../../../../arm-none-eabi/lib/thumb/v7e-m+fp/hard/libc_nano.a(libc_a-mallocr.o)
                0x0000000008006074                _malloc_r
 .text.__sflush_r
                0x0000000008006164      0x108 /nix/store/wlyks4zmr4x2sj2nrg9xhhdmjyhqk7ql-gcc-arm-embedded-12.2.rel1/bin/../lib/gcc/arm-none-eabi/12.2.1/../../../../arm-none-eabi/lib/thumb/v7e-m+fp/hard/libc_nano.a(libc_a-fflush.o)
                0x0000000008006164                __sflush_r
 .text._fflush_r
                0x000000000800626c       0x50 /nix/store/wlyks4zmr4x2sj2nrg9xhhdmjyhqk7ql-gcc-arm-embedded-12.2.rel1/bin/../lib/gcc/arm-none-eabi/12.2.1/../../../../arm-none-eabi/lib/thumb/v7e-m+fp/hard/libc_nano.a(libc_a-fflush.o)
                0x000000000800626c                _fflush_r
 .text.__malloc_lock
                0x00000000080062bc        0xc /nix/store/wlyks4zmr4x2sj2nrg9xhhdmjyhqk7ql-gcc-arm-embedded-12.2.rel1/bin/../lib/gcc/arm-none-eabi/12.2.1/../../../../arm-none-eabi/lib/thumb/v7e-m+fp/hard/libc_nano.a(libc_a-mlock.o)
                0x00000000080062bc                __malloc_lock
 .text.__malloc_unlock
                0x00000000080062c8        0xc /nix/store/wlyks4zmr4x2sj2nrg9xhhdmjyhqk7ql-gcc-arm-embedded-12.2.rel1/bin/../lib/gcc/arm-none-eabi/12.2.1/../../../../arm-none-eabi/lib/thumb/v7e-m+fp/hard/libc_nano.a(libc_a-mlock.o)
                0x00000000080062c8                __malloc_unlock
 .text._Balloc  0x00000000080062d4       0x80 /nix/store/wlyks4zmr4x2sj2nrg9xhhdmjyhqk7ql-gcc-arm-embedded-12.2.rel1/bin/../lib/gcc/arm-none-eabi/12.2.1/../../../../arm-none-eabi/lib/thumb/v7e-m+fp/hard/libc_nano.a(libc_a-mprec.o)
                0x00000000080062d4                _Balloc
 .text._Bfree   0x0000000008006354       0x44 /nix/store/wlyks4zmr4x2sj2nrg9xhhdmjyhqk7ql-gcc-arm-embedded-12.2.rel1/bin/../lib/gcc/arm-none-eabi/12.2.1/../../../../arm-none-eabi/lib/thumb/v7e-m+fp/hard/libc_nano.a(libc_a-mprec.o)
                0x0000000008006354                _Bfree
 .text.__multadd
                0x0000000008006398       0x8c /nix/store/wlyks4zmr4x2sj2nrg9xhhdmjyhqk7ql-gcc-arm-embedded-12.2.rel1/bin/../lib/gcc/arm-none-eabi/12.2.1/../../../../arm-none-eabi/lib/thumb/v7e-m+fp/hard/libc_nano.a(libc_a-mprec.o)
                0x0000000008006398                __multadd
 .text.__hi0bits
                0x0000000008006424       0x44 /nix/store/wlyks4zmr4x2sj2nrg9xhhdmjyhqk7ql-gcc-arm-embedded-12.2.rel1/bin/../lib/gcc/arm-none-eabi/12.2.1/../../../../arm-none-eabi/lib/thumb/v7e-m+fp/hard/libc_nano.a(libc_a-mprec.o)
                0x0000000008006424                __hi0bits
 .text.__lo0bits
                0x0000000008006468       0x5a /nix/store/wlyks4zmr4x2sj2nrg9xhhdmjyhqk7ql-gcc-arm-embedded-12.2.rel1/bin/../lib/gcc/arm-none-eabi/12.2.1/../../../../arm-none-eabi/lib/thumb/v7e-m+fp/hard/libc_nano.a(libc_a-mprec.o)
                0x0000000008006468                __lo0bits
 *fill*         0x00000000080064c2        0x2 
 .text.__i2b    0x00000000080064c4       0x2c /nix/store/wlyks4zmr4x2sj2nrg9xhhdmjyhqk7ql-gcc-arm-embedded-12.2.rel1/bin/../lib/gcc/arm-none-eabi/12.2.1/../../../../arm-none-eabi/lib/thumb/v7e-m+fp/hard/libc_nano.a(libc_a-mprec.o)
                0x00000000080064c4                __i2b
 .text.__multiply
                0x00000000080064f0      0x154 /nix/store/wlyks4zmr4x2sj2nrg9xhhdmjyhqk7ql-gcc-arm-embedded-12.2.rel1/bin/../lib/gcc/arm-none-eabi/12.2.1/../../../../arm-none-eabi/lib/thumb/v7e-m+fp/hard/libc_nano.a(libc_a-mprec.o)
                0x00000000080064f0                __multiply
 .text.__pow5mult
                0x0000000008006644       0xb4 /nix/store/wlyks4zmr4x2sj2nrg9xhhdmjyhqk7ql-gcc-arm-embedded-12.2.rel1/bin/../lib/gcc/arm-none-eabi/12.2.1/../../../../arm-none-eabi/lib/thumb/v7e-m+fp/hard/libc_nano.a(libc_a-mprec.o)
                0x0000000008006644                __pow5mult
 .text.__lshift
                0x00000000080066f8       0xd8 /nix/store/wlyks4zmr4x2sj2nrg9xhhdmjyhqk7ql-gcc-arm-embedded-12.2.rel1/bin/../lib/gcc/arm-none-eabi/12.2.1/../../../../arm-none-eabi/lib/thumb/v7e-m+fp/hard/libc_nano.a(libc_a-mprec.o)
                0x00000000080066f8                __lshift
 .text.__mcmp   0x00000000080067d0       0x36 /nix/store/wlyks4zmr4x2sj2nrg9xhhdmjyhqk7ql-gcc-arm-embedded-12.2.rel1/bin/../lib/gcc/arm-none-eabi/12.2.1/../../../../arm-none-eabi/lib/thumb/v7e-m+fp/hard/libc_nano.a(libc_a-mprec.o)
                0x00000000080067d0                __mcmp
 *fill*         0x0000000008006806        0x2 
 .text.__mdiff  0x0000000008006808      0x128 /nix/store/wlyks4zmr4x2sj2nrg9xhhdmjyhqk7ql-gcc-arm-embedded-12.2.rel1/bin/../lib/gcc/arm-none-eabi/12.2.1/../../../../arm-none-eabi/lib/thumb/v7e-m+fp/hard/libc_nano.a(libc_a-mprec.o)
                0x0000000008006808                __mdiff
 .text.__d2b    0x0000000008006930       0xb0 /nix/store/wlyks4zmr4x2sj2nrg9xhhdmjyhqk7ql-gcc-arm-embedded-12.2.rel1/bin/../lib/gcc/arm-none-eabi/12.2.1/../../../../arm-none-eabi/lib/thumb/v7e-m+fp/hard/libc_nano.a(libc_a-mprec.o)
                0x0000000008006930                __d2b
 .text.__sread  0x00000000080069e0       0x22 /nix/store/wlyks4zmr4x2sj2nrg9xhhdmjyhqk7ql-gcc-arm-embedded-12.2.rel1/bin/../lib/gcc/arm-none-eabi/12.2.1/../../../../arm-none-eabi/lib/thumb/v7e-m+fp/hard/libc_nano.a(libc_a-stdio.o)
                0x00000000080069e0                __sread
 .text.__swrite
                0x0000000008006a02       0x38 /nix/store/wlyks4zmr4x2sj2nrg9xhhdmjyhqk7ql-gcc-arm-embedded-12.2.rel1/bin/../lib/gcc/arm-none-eabi/12.2.1/../../../../arm-none-eabi/lib/thumb/v7e-m+fp/hard/libc_nano.a(libc_a-stdio.o)
                0x0000000008006a02                __swrite
 .text.__sseek  0x0000000008006a3a       0x24 /nix/store/wlyks4zmr4x2sj2nrg9xhhdmjyhqk7ql-gcc-arm-embedded-12.2.rel1/bin/../lib/gcc/arm-none-eabi/12.2.1/../../../../arm-none-eabi/lib/thumb/v7e-m+fp/hard/libc_nano.a(libc_a-stdio.o)
                0x0000000008006a3a                __sseek
 .text.__sclose
                0x0000000008006a5e        0x8 /nix/store/wlyks4zmr4x2sj2nrg9xhhdmjyhqk7ql-gcc-arm-embedded-12.2.rel1/bin/../lib/gcc/arm-none-eabi/12.2.1/../../../../arm-none-eabi/lib/thumb/v7e-m+fp/hard/libc_nano.a(libc_a-stdio.o)
                0x0000000008006a5e                __sclose
 *fill*         0x0000000008006a66        0x2 
 .text._close_r
                0x0000000008006a68       0x20 /nix/store/wlyks4zmr4x2sj2nrg9xhhdmjyhqk7ql-gcc-arm-embedded-12.2.rel1/bin/../lib/gcc/arm-none-eabi/12.2.1/../../../../arm-none-eabi/lib/thumb/v7e-m+fp/hard/libc_nano.a(libc_a-closer.o)
                0x0000000008006a68                _close_r
 .text._lseek_r
                0x0000000008006a88       0x24 /nix/store/wlyks4zmr4x2sj2nrg9xhhdmjyhqk7ql-gcc-arm-embedded-12.2.rel1/bin/../lib/gcc/arm-none-eabi/12.2.1/../../../../arm-none-eabi/lib/thumb/v7e-m+fp/hard/libc_nano.a(libc_a-lseekr.o)
                0x0000000008006a88                _lseek_r
 .text._read_r  0x0000000008006aac       0x24 /nix/store/wlyks4zmr4x2sj2nrg9xhhdmjyhqk7ql-gcc-arm-embedded-12.2.rel1/bin/../lib/gcc/arm-none-eabi/12.2.1/../../../../arm-none-eabi/lib/thumb/v7e-m+fp/hard/libc_nano.a(libc_a-readr.o)
                0x0000000008006aac                _read_r
 .text._sbrk_r  0x0000000008006ad0       0x20 /nix/store/wlyks4zmr4x2sj2nrg9xhhdmjyhqk7ql-gcc-arm-embedded-12.2.rel1/bin/../lib/gcc/arm-none-eabi/12.2.1/../../../../arm-none-eabi/lib/thumb/v7e-m+fp/hard/libc_nano.a(libc_a-sbrkr.o)
                0x0000000008006ad0                _sbrk_r
 .text._write_r
                0x0000000008006af0       0x24 /nix/store/wlyks4zmr4x2sj2nrg9xhhdmjyhqk7ql-gcc-arm-embedded-12.2.rel1/bin/../lib/gcc/arm-none-eabi/12.2.1/../../../../arm-none-eabi/lib/thumb/v7e-m+fp/hard/libc_nano.a(libc_a-writer.o)
                0x0000000008006af0                _write_r
 .text.__assert_func
                0x0000000008006b14       0x3c /nix/store/wlyks4zmr4x2sj2nrg9xhhdmjyhqk7ql-gcc-arm-embedded-12.2.rel1/bin/../lib/gcc/arm-none-eabi/12.2.1/../../../../arm-none-eabi/lib/thumb/v7e-m+fp/hard/libc_nano.a(libc_a-assert.o)
                0x0000000008006b14                __assert_func
 .text._calloc_r
                0x0000000008006b50       0x28 /nix/store/wlyks4zmr4x2sj2nrg9xhhdmjyhqk7ql-gcc-arm-embedded-12.2.rel1/bin/../lib/gcc/arm-none-eabi/12.2.1/../../../../arm-none-eabi/lib/thumb/v7e-m+fp/hard/libc_nano.a(libc_a-callocr.o)
                0x0000000008006b50                _calloc_r
 .text._free_r  0x0000000008006b78       0x94 /nix/store/wlyks4zmr4x2sj2nrg9xhhdmjyhqk7ql-gcc-arm-embedded-12.2.rel1/bin/../lib/gcc/arm-none-eabi/12.2.1/../../../../arm-none-eabi/lib/thumb/v7e-m+fp/hard/libc_nano.a(libc_a-freer.o)
                0x0000000008006b78                _free_r
 .text.__ascii_mbtowc
                0x0000000008006c0c       0x24 /nix/store/wlyks4zmr4x2sj2nrg9xhhdmjyhqk7ql-gcc-arm-embedded-12.2.rel1/bin/../lib/gcc/arm-none-eabi/12.2.1/../../../../arm-none-eabi/lib/thumb/v7e-m+fp/hard/libc_nano.a(libc_a-mbtowc_r.o)
                0x0000000008006c0c                __ascii_mbtowc
 .text.fprintf  0x0000000008006c30       0x24 /nix/store/wlyks4zmr4x2sj2nrg9xhhdmjyhqk7ql-gcc-arm-embedded-12.2.rel1/bin/../lib/gcc/arm-none-eabi/12.2.1/../../../../arm-none-eabi/lib/thumb/v7e-m+fp/hard/libc_nano.a(libc_a-fprintf.o)
                0x0000000008006c30                fprintf
                0x0000000008006c30                fiprintf
 .text.__ascii_wctomb
                0x0000000008006c54       0x1a /nix/store/wlyks4zmr4x2sj2nrg9xhhdmjyhqk7ql-gcc-arm-embedded-12.2.rel1/bin/../lib/gcc/arm-none-eabi/12.2.1/../../../../arm-none-eabi/lib/thumb/v7e-m+fp/hard/libc_nano.a(libc_a-wctomb_r.o)
                0x0000000008006c54                __ascii_wctomb
 .text.abort    0x0000000008006c6e        0xe /nix/store/wlyks4zmr4x2sj2nrg9xhhdmjyhqk7ql-gcc-arm-embedded-12.2.rel1/bin/../lib/gcc/arm-none-eabi/12.2.1/../../../../arm-none-eabi/lib/thumb/v7e-m+fp/hard/libc_nano.a(libc_a-abort.o)
                0x0000000008006c6e                abort
 .text.__sfputc_r
                0x0000000008006c7c       0x2e /nix/store/wlyks4zmr4x2sj2nrg9xhhdmjyhqk7ql-gcc-arm-embedded-12.2.rel1/bin/../lib/gcc/arm-none-eabi/12.2.1/../../../../arm-none-eabi/lib/thumb/v7e-m+fp/hard/libc_nano.a(libc_a-nano-vfprintf.o)
 .text.__sfputs_r
                0x0000000008006caa       0x24 /nix/store/wlyks4zmr4x2sj2nrg9xhhdmjyhqk7ql-gcc-arm-embedded-12.2.rel1/bin/../lib/gcc/arm-none-eabi/12.2.1/../../../../arm-none-eabi/lib/thumb/v7e-m+fp/hard/libc_nano.a(libc_a-nano-vfprintf.o)
                0x0000000008006caa                __sfputs_r
 *fill*         0x0000000008006cce        0x2 
 .text._vfprintf_r
                0x0000000008006cd0      0x230 /nix/store/wlyks4zmr4x2sj2nrg9xhhdmjyhqk7ql-gcc-arm-embedded-12.2.rel1/bin/../lib/gcc/arm-none-eabi/12.2.1/../../../../arm-none-eabi/lib/thumb/v7e-m+fp/hard/libc_nano.a(libc_a-nano-vfprintf.o)
                0x0000000008006cd0                _vfiprintf_r
                0x0000000008006cd0                _vfprintf_r
 .text.__swbuf_r
                0x0000000008006f00       0x7c /nix/store/wlyks4zmr4x2sj2nrg9xhhdmjyhqk7ql-gcc-arm-embedded-12.2.rel1/bin/../lib/gcc/arm-none-eabi/12.2.1/../../../../arm-none-eabi/lib/thumb/v7e-m+fp/hard/libc_nano.a(libc_a-wbuf.o)
                0x0000000008006f00                __swbuf_r
 .text.__swsetup_r
                0x0000000008006f7c       0xac /nix/store/wlyks4zmr4x2sj2nrg9xhhdmjyhqk7ql-gcc-arm-embedded-12.2.rel1/bin/../lib/gcc/arm-none-eabi/12.2.1/../../../../arm-none-eabi/lib/thumb/v7e-m+fp/hard/libc_nano.a(libc_a-wsetup.o)
                0x0000000008006f7c                __swsetup_r
 .text.__swhatbuf_r
                0x0000000008007028       0x4c /nix/store/wlyks4zmr4x2sj2nrg9xhhdmjyhqk7ql-gcc-arm-embedded-12.2.rel1/bin/../lib/gcc/arm-none-eabi/12.2.1/../../../../arm-none-eabi/lib/thumb/v7e-m+fp/hard/libc_nano.a(libc_a-makebuf.o)
                0x0000000008007028                __swhatbuf_r
 .text.__smakebuf_r
                0x0000000008007074       0x78 /nix/store/wlyks4zmr4x2sj2nrg9xhhdmjyhqk7ql-gcc-arm-embedded-12.2.rel1/bin/../lib/gcc/arm-none-eabi/12.2.1/../../../../arm-none-eabi/lib/thumb/v7e-m+fp/hard/libc_nano.a(libc_a-makebuf.o)
                0x0000000008007074                __smakebuf_r
 .text._fstat_r
                0x00000000080070ec       0x24 /nix/store/wlyks4zmr4x2sj2nrg9xhhdmjyhqk7ql-gcc-arm-embedded-12.2.rel1/bin/../lib/gcc/arm-none-eabi/12.2.1/../../../../arm-none-eabi/lib/thumb/v7e-m+fp/hard/libc_nano.a(libc_a-fstatr.o)
                0x00000000080070ec                _fstat_r
 .text._isatty_r
                0x0000000008007110       0x20 /nix/store/wlyks4zmr4x2sj2nrg9xhhdmjyhqk7ql-gcc-arm-embedded-12.2.rel1/bin/../lib/gcc/arm-none-eabi/12.2.1/../../../../arm-none-eabi/lib/thumb/v7e-m+fp/hard/libc_nano.a(libc_a-isattyr.o)
                0x0000000008007110                _isatty_r
 .text._raise_r
                0x0000000008007130       0x50 /nix/store/wlyks4zmr4x2sj2nrg9xhhdmjyhqk7ql-gcc-arm-embedded-12.2.rel1/bin/../lib/gcc/arm-none-eabi/12.2.1/../../../../arm-none-eabi/lib/thumb/v7e-m+fp/hard/libc_nano.a(libc_a-signal.o)
                0x0000000008007130                _raise_r
 .text.raise    0x0000000008007180       0x10 /nix/store/wlyks4zmr4x2sj2nrg9xhhdmjyhqk7ql-gcc-arm-embedded-12.2.rel1/bin/../lib/gcc/arm-none-eabi/12.2.1/../../../../arm-none-eabi/lib/thumb/v7e-m+fp/hard/libc_nano.a(libc_a-signal.o)
                0x0000000008007180                raise
 .text._kill_r  0x0000000008007190       0x24 /nix/store/wlyks4zmr4x2sj2nrg9xhhdmjyhqk7ql-gcc-arm-embedded-12.2.rel1/bin/../lib/gcc/arm-none-eabi/12.2.1/../../../../arm-none-eabi/lib/thumb/v7e-m+fp/hard/libc_nano.a(libc_a-signalr.o)
                0x0000000008007190                _kill_r
 .text._getpid_r
                0x00000000080071b4        0x4 /nix/store/wlyks4zmr4x2sj2nrg9xhhdmjyhqk7ql-gcc-arm-embedded-12.2.rel1/bin/../lib/gcc/arm-none-eabi/12.2.1/../../../../arm-none-eabi/lib/thumb/v7e-m+fp/hard/libc_nano.a(libc_a-signalr.o)
                0x00000000080071b4                _getpid_r
 .text.__udivmoddi4
                0x00000000080071b8      0x2bc /nix/store/wlyks4zmr4x2sj2nrg9xhhdmjyhqk7ql-gcc-arm-embedded-12.2.rel1/bin/../lib/gcc/arm-none-eabi/12.2.1/thumb/v7e-m+fp/hard/libgcc.a(_udivmoddi4.o)
                0x00000000080071b8                __udivmoddi4
 *(.glue_7)
 .glue_7        0x0000000008007474        0x0 linker stubs
 *(.glue_7t)
 .glue_7t       0x0000000008007474        0x0 linker stubs
 *(.eh_frame)
 .eh_frame      0x0000000008007474        0x0 /nix/store/wlyks4zmr4x2sj2nrg9xhhdmjyhqk7ql-gcc-arm-embedded-12.2.rel1/bin/../lib/gcc/arm-none-eabi/12.2.1/thumb/v7e-m+fp/hard/crtbegin.o
 *(.init)
 .init          0x0000000008007474        0x4 /nix/store/wlyks4zmr4x2sj2nrg9xhhdmjyhqk7ql-gcc-arm-embedded-12.2.rel1/bin/../lib/gcc/arm-none-eabi/12.2.1/thumb/v7e-m+fp/hard/crti.o
                0x0000000008007474                _init
 .init          0x0000000008007478        0x8 /nix/store/wlyks4zmr4x2sj2nrg9xhhdmjyhqk7ql-gcc-arm-embedded-12.2.rel1/bin/../lib/gcc/arm-none-eabi/12.2.1/thumb/v7e-m+fp/hard/crtn.o
 *(.fini)
 .fini          0x0000000008007480        0x4 /nix/store/wlyks4zmr4x2sj2nrg9xhhdmjyhqk7ql-gcc-arm-embedded-12.2.rel1/bin/../lib/gcc/arm-none-eabi/12.2.1/thumb/v7e-m+fp/hard/crti.o
                0x0000000008007480                _fini
 .fini          0x0000000008007484        0x8 /nix/store/wlyks4zmr4x2sj2nrg9xhhdmjyhqk7ql-gcc-arm-embedded-12.2.rel1/bin/../lib/gcc/arm-none-eabi/12.2.1/thumb/v7e-m+fp/hard/crtn.o
                0x0000000008007490                . = ALIGN (0x8)
 *fill*         0x000000000800748c        0x4 
                0x0000000008007490                _etext = .

.vfp11_veneer   0x0000000008007490        0x0
 .vfp11_veneer  0x0000000008007490        0x0 linker stubs

.v4_bx          0x0000000008007490        0x0
 .v4_bx         0x0000000008007490        0x0 linker stubs

.iplt           0x0000000008007490        0x0
 .iplt          0x0000000008007490        0x0 /nix/store/wlyks4zmr4x2sj2nrg9xhhdmjyhqk7ql-gcc-arm-embedded-12.2.rel1/bin/../lib/gcc/arm-none-eabi/12.2.1/thumb/v7e-m+fp/hard/crtbegin.o

.rodata         0x0000000008007490      0x3c8
                0x0000000008007490                . = ALIGN (0x8)
 *(.rodata)
 *(.rodata*)
 .rodata.MSIRangeTable
                0x0000000008007490       0x30 /Users/jenniferli/Desktop/LHR/PS-MotorControllerInterfacePCB/Firmware/Build/system_stm32l4xx.o
                0x0000000008007490                MSIRangeTable
 .rodata.APBPrescTable
                0x00000000080074c0        0x8 /Users/jenniferli/Desktop/LHR/PS-MotorControllerInterfacePCB/Firmware/Build/system_stm32l4xx.o
                0x00000000080074c0                APBPrescTable
 .rodata.AHBPrescTable
                0x00000000080074c8       0x10 /Users/jenniferli/Desktop/LHR/PS-MotorControllerInterfacePCB/Firmware/Build/system_stm32l4xx.o
                0x00000000080074c8                AHBPrescTable
 .rodata._printf_float.str1.1
                0x00000000080074d8       0x12 /nix/store/wlyks4zmr4x2sj2nrg9xhhdmjyhqk7ql-gcc-arm-embedded-12.2.rel1/bin/../lib/gcc/arm-none-eabi/12.2.1/../../../../arm-none-eabi/lib/thumb/v7e-m+fp/hard/libc_nano.a(libc_a-nano-vfprintf_float.o)
 .rodata._printf_i.str1.1
                0x00000000080074ea       0x22 /nix/store/wlyks4zmr4x2sj2nrg9xhhdmjyhqk7ql-gcc-arm-embedded-12.2.rel1/bin/../lib/gcc/arm-none-eabi/12.2.1/../../../../arm-none-eabi/lib/thumb/v7e-m+fp/hard/libc_nano.a(libc_a-nano-vfprintf_i.o)
 .rodata._dtoa_r.str1.1
                0x000000000800750c       0x96 /nix/store/wlyks4zmr4x2sj2nrg9xhhdmjyhqk7ql-gcc-arm-embedded-12.2.rel1/bin/../lib/gcc/arm-none-eabi/12.2.1/../../../../arm-none-eabi/lib/thumb/v7e-m+fp/hard/libc_nano.a(libc_a-dtoa.o)
                                         0x98 (size before relaxing)
 .rodata._Balloc.str1.1
                0x00000000080075a2       0x62 /nix/store/wlyks4zmr4x2sj2nrg9xhhdmjyhqk7ql-gcc-arm-embedded-12.2.rel1/bin/../lib/gcc/arm-none-eabi/12.2.1/../../../../arm-none-eabi/lib/thumb/v7e-m+fp/hard/libc_nano.a(libc_a-mprec.o)
                                         0x79 (size before relaxing)
 .rodata.__multadd.str1.1
                0x0000000008007604       0x11 /nix/store/wlyks4zmr4x2sj2nrg9xhhdmjyhqk7ql-gcc-arm-embedded-12.2.rel1/bin/../lib/gcc/arm-none-eabi/12.2.1/../../../../arm-none-eabi/lib/thumb/v7e-m+fp/hard/libc_nano.a(libc_a-mprec.o)
 .rodata.p05.0  0x0000000008007604        0xc /nix/store/wlyks4zmr4x2sj2nrg9xhhdmjyhqk7ql-gcc-arm-embedded-12.2.rel1/bin/../lib/gcc/arm-none-eabi/12.2.1/../../../../arm-none-eabi/lib/thumb/v7e-m+fp/hard/libc_nano.a(libc_a-mprec.o)
 .rodata.__mprec_bigtens
                0x0000000008007610       0x28 /nix/store/wlyks4zmr4x2sj2nrg9xhhdmjyhqk7ql-gcc-arm-embedded-12.2.rel1/bin/../lib/gcc/arm-none-eabi/12.2.1/../../../../arm-none-eabi/lib/thumb/v7e-m+fp/hard/libc_nano.a(libc_a-mprec.o)
                0x0000000008007610                __mprec_bigtens
 .rodata.__mprec_tens
                0x0000000008007638       0xc8 /nix/store/wlyks4zmr4x2sj2nrg9xhhdmjyhqk7ql-gcc-arm-embedded-12.2.rel1/bin/../lib/gcc/arm-none-eabi/12.2.1/../../../../arm-none-eabi/lib/thumb/v7e-m+fp/hard/libc_nano.a(libc_a-mprec.o)
                0x0000000008007638                __mprec_tens
 .rodata._setlocale_r.str1.1
                0x0000000008007700        0x8 /nix/store/wlyks4zmr4x2sj2nrg9xhhdmjyhqk7ql-gcc-arm-embedded-12.2.rel1/bin/../lib/gcc/arm-none-eabi/12.2.1/../../../../arm-none-eabi/lib/thumb/v7e-m+fp/hard/libc_nano.a(libc_a-locale.o)
                                          0x9 (size before relaxing)
 .rodata.str1.1
                0x0000000008007708        0x2 /nix/store/wlyks4zmr4x2sj2nrg9xhhdmjyhqk7ql-gcc-arm-embedded-12.2.rel1/bin/../lib/gcc/arm-none-eabi/12.2.1/../../../../arm-none-eabi/lib/thumb/v7e-m+fp/hard/libc_nano.a(libc_a-locale.o)
 .rodata._ctype_
                0x000000000800770a      0x101 /nix/store/wlyks4zmr4x2sj2nrg9xhhdmjyhqk7ql-gcc-arm-embedded-12.2.rel1/bin/../lib/gcc/arm-none-eabi/12.2.1/../../../../arm-none-eabi/lib/thumb/v7e-m+fp/hard/libc_nano.a(libc_a-ctype_.o)
                0x000000000800770a                _ctype_
 .rodata.__assert_func.str1.1
                0x000000000800780b       0x3c /nix/store/wlyks4zmr4x2sj2nrg9xhhdmjyhqk7ql-gcc-arm-embedded-12.2.rel1/bin/../lib/gcc/arm-none-eabi/12.2.1/../../../../arm-none-eabi/lib/thumb/v7e-m+fp/hard/libc_nano.a(libc_a-assert.o)
                                         0x3d (size before relaxing)
 .rodata._vfprintf_r.str1.1
                0x0000000008007847       0x11 /nix/store/wlyks4zmr4x2sj2nrg9xhhdmjyhqk7ql-gcc-arm-embedded-12.2.rel1/bin/../lib/gcc/arm-none-eabi/12.2.1/../../../../arm-none-eabi/lib/thumb/v7e-m+fp/hard/libc_nano.a(libc_a-nano-vfprintf.o)
                0x0000000008007858                . = ALIGN (0x8)

.ARM.extab      0x0000000008007858        0x0
                0x0000000008007858                . = ALIGN (0x8)
 *(.ARM.extab* .gnu.linkonce.armextab.*)
                0x0000000008007858                . = ALIGN (0x8)

.ARM            0x0000000008007858        0x8
                0x0000000008007858                . = ALIGN (0x8)
                0x0000000008007858                __exidx_start = .
 *(.ARM.exidx*)
 .ARM.exidx.text.__udivmoddi4
                0x0000000008007858        0x8 /nix/store/wlyks4zmr4x2sj2nrg9xhhdmjyhqk7ql-gcc-arm-embedded-12.2.rel1/bin/../lib/gcc/arm-none-eabi/12.2.1/thumb/v7e-m+fp/hard/libgcc.a(_udivmoddi4.o)
                0x0000000008007860                __exidx_end = .
                0x0000000008007860                . = ALIGN (0x8)

.rel.dyn        0x0000000008007860        0x0
 .rel.iplt      0x0000000008007860        0x0 /nix/store/wlyks4zmr4x2sj2nrg9xhhdmjyhqk7ql-gcc-arm-embedded-12.2.rel1/bin/../lib/gcc/arm-none-eabi/12.2.1/thumb/v7e-m+fp/hard/crtbegin.o

.preinit_array  0x0000000008007860        0x0
                0x0000000008007860                . = ALIGN (0x8)
                0x0000000008007860                PROVIDE (__preinit_array_start = .)
 *(.preinit_array*)
                0x0000000008007860                PROVIDE (__preinit_array_end = .)
                0x0000000008007860                . = ALIGN (0x8)

.init_array     0x0000000008007860        0x8
                0x0000000008007860                . = ALIGN (0x8)
                0x0000000008007860                PROVIDE (__init_array_start = .)
 *(SORT_BY_NAME(.init_array.*))
 *(.init_array*)
 .init_array    0x0000000008007860        0x4 /nix/store/wlyks4zmr4x2sj2nrg9xhhdmjyhqk7ql-gcc-arm-embedded-12.2.rel1/bin/../lib/gcc/arm-none-eabi/12.2.1/thumb/v7e-m+fp/hard/crtbegin.o
                0x0000000008007864                PROVIDE (__init_array_end = .)
                0x0000000008007868                . = ALIGN (0x8)
 *fill*         0x0000000008007864        0x4 

.fini_array     0x0000000008007868        0x8
                0x0000000008007868                . = ALIGN (0x8)
                [!provide]                        PROVIDE (__fini_array_start = .)
 *(SORT_BY_NAME(.fini_array.*))
 *(.fini_array*)
 .fini_array    0x0000000008007868        0x4 /nix/store/wlyks4zmr4x2sj2nrg9xhhdmjyhqk7ql-gcc-arm-embedded-12.2.rel1/bin/../lib/gcc/arm-none-eabi/12.2.1/thumb/v7e-m+fp/hard/crtbegin.o
                [!provide]                        PROVIDE (__fini_array_end = .)
                0x0000000008007870                . = ALIGN (0x8)
 *fill*         0x000000000800786c        0x4 
                0x0000000008007870                _sidata = LOADADDR (.data)

.data           0x0000000020000000      0x380 load address 0x0000000008007870
                0x0000000020000000                . = ALIGN (0x8)
                0x0000000020000000                _sdata = .
 *(.data)
 *(.data*)
 .data.uwTickFreq
                0x0000000020000000        0x1 /Users/jenniferli/Desktop/LHR/PS-MotorControllerInterfacePCB/Firmware/Build/stm32l4xx_hal.o
                0x0000000020000000                uwTickFreq
 *fill*         0x0000000020000001        0x3 
 .data.uwTickPrio
                0x0000000020000004        0x4 /Users/jenniferli/Desktop/LHR/PS-MotorControllerInterfacePCB/Firmware/Build/stm32l4xx_hal.o
                0x0000000020000004                uwTickPrio
 .data.SystemCoreClock
                0x0000000020000008        0x4 /Users/jenniferli/Desktop/LHR/PS-MotorControllerInterfacePCB/Firmware/Build/system_stm32l4xx.o
                0x0000000020000008                SystemCoreClock
 .data.uxCriticalNesting
                0x000000002000000c        0x4 /Users/jenniferli/Desktop/LHR/PS-MotorControllerInterfacePCB/Firmware/Build/port.o
 .data.husart3  0x0000000020000010        0x4 /Users/jenniferli/Desktop/LHR/PS-MotorControllerInterfacePCB/Firmware/Build/UART.o
                0x0000000020000010                husart3
 .data.husart3_
                0x0000000020000014       0x88 /Users/jenniferli/Desktop/LHR/PS-MotorControllerInterfacePCB/Firmware/Build/UART.o
 .data.husart2  0x000000002000009c        0x4 /Users/jenniferli/Desktop/LHR/PS-MotorControllerInterfacePCB/Firmware/Build/UART.o
                0x000000002000009c                husart2
 .data.husart2_
                0x00000000200000a0       0x88 /Users/jenniferli/Desktop/LHR/PS-MotorControllerInterfacePCB/Firmware/Build/UART.o
 .data.husart1  0x0000000020000128        0x4 /Users/jenniferli/Desktop/LHR/PS-MotorControllerInterfacePCB/Firmware/Build/UART.o
                0x0000000020000128                husart1
 .data.husart1_
                0x000000002000012c       0x88 /Users/jenniferli/Desktop/LHR/PS-MotorControllerInterfacePCB/Firmware/Build/UART.o
 .data.__sglue  0x00000000200001b4        0xc /nix/store/wlyks4zmr4x2sj2nrg9xhhdmjyhqk7ql-gcc-arm-embedded-12.2.rel1/bin/../lib/gcc/arm-none-eabi/12.2.1/../../../../arm-none-eabi/lib/thumb/v7e-m+fp/hard/libc_nano.a(libc_a-findfp.o)
                0x00000000200001b4                __sglue
 .data._impure_ptr
                0x00000000200001c0        0x4 /nix/store/wlyks4zmr4x2sj2nrg9xhhdmjyhqk7ql-gcc-arm-embedded-12.2.rel1/bin/../lib/gcc/arm-none-eabi/12.2.1/../../../../arm-none-eabi/lib/thumb/v7e-m+fp/hard/libc_nano.a(libc_a-impure.o)
                0x00000000200001c0                _impure_ptr
 .data._impure_data
                0x00000000200001c4       0x4c /nix/store/wlyks4zmr4x2sj2nrg9xhhdmjyhqk7ql-gcc-arm-embedded-12.2.rel1/bin/../lib/gcc/arm-none-eabi/12.2.1/../../../../arm-none-eabi/lib/thumb/v7e-m+fp/hard/libc_nano.a(libc_a-impure.o)
                0x00000000200001c4                _impure_data
 .data.__global_locale
                0x0000000020000210      0x16c /nix/store/wlyks4zmr4x2sj2nrg9xhhdmjyhqk7ql-gcc-arm-embedded-12.2.rel1/bin/../lib/gcc/arm-none-eabi/12.2.1/../../../../arm-none-eabi/lib/thumb/v7e-m+fp/hard/libc_nano.a(libc_a-locale.o)
                0x0000000020000210                __global_locale
                0x0000000020000380                . = ALIGN (0x8)
 *fill*         0x000000002000037c        0x4 
                0x0000000020000380                _edata = .

.tm_clone_table
                0x0000000020000380        0x0 load address 0x0000000008007bf0
 .tm_clone_table
                0x0000000020000380        0x0 /nix/store/wlyks4zmr4x2sj2nrg9xhhdmjyhqk7ql-gcc-arm-embedded-12.2.rel1/bin/../lib/gcc/arm-none-eabi/12.2.1/thumb/v7e-m+fp/hard/crtbegin.o
 .tm_clone_table
                0x0000000020000380        0x0 /nix/store/wlyks4zmr4x2sj2nrg9xhhdmjyhqk7ql-gcc-arm-embedded-12.2.rel1/bin/../lib/gcc/arm-none-eabi/12.2.1/thumb/v7e-m+fp/hard/crtend.o

.igot.plt       0x0000000020000380        0x0 load address 0x0000000008007bf0
 .igot.plt      0x0000000020000380        0x0 /nix/store/wlyks4zmr4x2sj2nrg9xhhdmjyhqk7ql-gcc-arm-embedded-12.2.rel1/bin/../lib/gcc/arm-none-eabi/12.2.1/thumb/v7e-m+fp/hard/crtbegin.o
                0x0000000020000380                . = ALIGN (0x4)

.bss            0x0000000020000380      0x3bc load address 0x0000000008007bf0
                0x0000000020000380                _sbss = .
                0x0000000020000380                __bss_start__ = _sbss
 *(.bss)
 *(.bss*)
 .bss.completed.1
                0x0000000020000380        0x1 /nix/store/wlyks4zmr4x2sj2nrg9xhhdmjyhqk7ql-gcc-arm-embedded-12.2.rel1/bin/../lib/gcc/arm-none-eabi/12.2.1/thumb/v7e-m+fp/hard/crtbegin.o
 *fill*         0x0000000020000381        0x3 
 .bss.object.0  0x0000000020000384       0x18 /nix/store/wlyks4zmr4x2sj2nrg9xhhdmjyhqk7ql-gcc-arm-embedded-12.2.rel1/bin/../lib/gcc/arm-none-eabi/12.2.1/thumb/v7e-m+fp/hard/crtbegin.o
 .bss.huart1    0x000000002000039c       0x88 /Users/jenniferli/Desktop/LHR/PS-MotorControllerInterfacePCB/Firmware/Build/main.o
                0x000000002000039c                huart1
 .bss.htim2     0x0000000020000424       0x4c /Users/jenniferli/Desktop/LHR/PS-MotorControllerInterfacePCB/Firmware/Build/main.o
                0x0000000020000424                htim2
 .bss.uwTick    0x0000000020000470        0x4 /Users/jenniferli/Desktop/LHR/PS-MotorControllerInterfacePCB/Firmware/Build/stm32l4xx_hal.o
                0x0000000020000470                uwTick
 .bss.htim1     0x0000000020000474       0x4c /Users/jenniferli/Desktop/LHR/PS-MotorControllerInterfacePCB/Firmware/Build/stm32l4xx_hal_timebase_tim.o
                0x0000000020000474                htim1
 .bss.uxSchedulerSuspended
                0x00000000200004c0        0x4 /Users/jenniferli/Desktop/LHR/PS-MotorControllerInterfacePCB/Firmware/Build/tasks.o
 .bss.xNextTaskUnblockTime
                0x00000000200004c4        0x4 /Users/jenniferli/Desktop/LHR/PS-MotorControllerInterfacePCB/Firmware/Build/tasks.o
 .bss.xNumOfOverflows
                0x00000000200004c8        0x4 /Users/jenniferli/Desktop/LHR/PS-MotorControllerInterfacePCB/Firmware/Build/tasks.o
 .bss.xYieldPendings