ARM GAS  /var/tmp//ccuH7trV.s 			page 1


   1              		.cpu cortex-m4
   2              		.arch armv7e-m
   3              		.fpu fpv4-sp-d16
   4              		.eabi_attribute 27, 1
   5              		.eabi_attribute 28, 1
   6              		.eabi_attribute 20, 1
   7              		.eabi_attribute 21, 1
   8              		.eabi_attribute 23, 3
   9              		.eabi_attribute 24, 1
  10              		.eabi_attribute 25, 1
  11              		.eabi_attribute 26, 1
  12              		.eabi_attribute 30, 1
  13              		.eabi_attribute 34, 1
  14              		.eabi_attribute 18, 4
  15              		.file	"syscalls.c"
  16              		.text
  17              	.Ltext0:
  18              		.cfi_sections	.debug_frame
  19              		.file 1 "common/Src/syscalls.c"
  20              		.section	.text._getpid,"ax",%progbits
  21              		.align	1
  22              		.global	_getpid
  23              		.syntax unified
  24              		.thumb
  25              		.thumb_func
  27              	_getpid:
  28              	.LFB318:
   1:common/Src/syscalls.c **** /**
   2:common/Src/syscalls.c ****  ******************************************************************************
   3:common/Src/syscalls.c ****  * @file      syscalls.c
   4:common/Src/syscalls.c ****  * @author    Auto-generated by STM32CubeMX
   5:common/Src/syscalls.c ****  * @brief     Minimal System calls file
   6:common/Src/syscalls.c ****  *
   7:common/Src/syscalls.c ****  *            For more information about which c-functions
   8:common/Src/syscalls.c ****  *            need which of these lowlevel functions
   9:common/Src/syscalls.c ****  *            please consult the Newlib libc-manual
  10:common/Src/syscalls.c ****  ******************************************************************************
  11:common/Src/syscalls.c ****  * @attention
  12:common/Src/syscalls.c ****  *
  13:common/Src/syscalls.c ****  * Copyright (c) 2020-2024 STMicroelectronics.
  14:common/Src/syscalls.c ****  * All rights reserved.
  15:common/Src/syscalls.c ****  *
  16:common/Src/syscalls.c ****  * This software is licensed under terms that can be found in the LICENSE file
  17:common/Src/syscalls.c ****  * in the root directory of this software component.
  18:common/Src/syscalls.c ****  * If no LICENSE file comes with this software, it is provided AS-IS.
  19:common/Src/syscalls.c ****  *
  20:common/Src/syscalls.c ****  ******************************************************************************
  21:common/Src/syscalls.c ****  */
  22:common/Src/syscalls.c **** 
  23:common/Src/syscalls.c **** /* Includes */
  24:common/Src/syscalls.c **** #include <errno.h>
  25:common/Src/syscalls.c **** #include <signal.h>
  26:common/Src/syscalls.c **** #include <stdio.h>
  27:common/Src/syscalls.c **** #include <stdlib.h>
  28:common/Src/syscalls.c **** #include <sys/stat.h>
  29:common/Src/syscalls.c **** #include <sys/time.h>
  30:common/Src/syscalls.c **** #include <sys/times.h>
ARM GAS  /var/tmp//ccuH7trV.s 			page 2


  31:common/Src/syscalls.c **** #include <time.h>
  32:common/Src/syscalls.c **** 
  33:common/Src/syscalls.c **** #include "UART.h"
  34:common/Src/syscalls.c **** #include "portmacro.h"
  35:common/Src/syscalls.c **** 
  36:common/Src/syscalls.c **** extern int __io_putchar(int ch) __attribute__((weak));
  37:common/Src/syscalls.c **** extern int __io_getchar(void) __attribute__((weak));
  38:common/Src/syscalls.c **** 
  39:common/Src/syscalls.c **** char *__env[1] = {0};
  40:common/Src/syscalls.c **** char **environ = __env;
  41:common/Src/syscalls.c **** 
  42:common/Src/syscalls.c **** int _getpid(void) { return 1; }
  29              		.loc 1 42 19 view -0
  30              		.cfi_startproc
  31              		@ args = 0, pretend = 0, frame = 0
  32              		@ frame_needed = 0, uses_anonymous_args = 0
  33              		@ link register save eliminated.
  34              		.loc 1 42 21 view .LVU1
  35              		.loc 1 42 31 is_stmt 0 view .LVU2
  36 0000 0120     		movs	r0, #1
  37 0002 7047     		bx	lr
  38              		.cfi_endproc
  39              	.LFE318:
  41              		.section	.text._kill,"ax",%progbits
  42              		.align	1
  43              		.global	_kill
  44              		.syntax unified
  45              		.thumb
  46              		.thumb_func
  48              	_kill:
  49              	.LVL0:
  50              	.LFB319:
  43:common/Src/syscalls.c **** 
  44:common/Src/syscalls.c **** int _kill(int pid, int sig) {
  51              		.loc 1 44 29 is_stmt 1 view -0
  52              		.cfi_startproc
  53              		@ args = 0, pretend = 0, frame = 0
  54              		@ frame_needed = 0, uses_anonymous_args = 0
  55              		.loc 1 44 29 is_stmt 0 view .LVU4
  56 0000 08B5     		push	{r3, lr}
  57              	.LCFI0:
  58              		.cfi_def_cfa_offset 8
  59              		.cfi_offset 3, -8
  60              		.cfi_offset 14, -4
  45:common/Src/syscalls.c ****   (void)pid;
  61              		.loc 1 45 3 is_stmt 1 view .LVU5
  46:common/Src/syscalls.c ****   (void)sig;
  62              		.loc 1 46 3 view .LVU6
  47:common/Src/syscalls.c ****   errno = EINVAL;
  63              		.loc 1 47 3 view .LVU7
  64 0002 FFF7FEFF 		bl	__errno
  65              	.LVL1:
  66              		.loc 1 47 9 is_stmt 0 view .LVU8
  67 0006 1623     		movs	r3, #22
  68 0008 0360     		str	r3, [r0]
  48:common/Src/syscalls.c ****   return -1;
  69              		.loc 1 48 3 is_stmt 1 view .LVU9
ARM GAS  /var/tmp//ccuH7trV.s 			page 3


  49:common/Src/syscalls.c **** }
  70              		.loc 1 49 1 is_stmt 0 view .LVU10
  71 000a 4FF0FF30 		mov	r0, #-1
  72 000e 08BD     		pop	{r3, pc}
  73              		.cfi_endproc
  74              	.LFE319:
  76              		.section	.text._exit,"ax",%progbits
  77              		.align	1
  78              		.global	_exit
  79              		.syntax unified
  80              		.thumb
  81              		.thumb_func
  83              	_exit:
  84              	.LVL2:
  85              	.LFB320:
  50:common/Src/syscalls.c **** 
  51:common/Src/syscalls.c **** void _exit(int status) {
  86              		.loc 1 51 24 is_stmt 1 view -0
  87              		.cfi_startproc
  88              		@ Volatile: function does not return.
  89              		@ args = 0, pretend = 0, frame = 0
  90              		@ frame_needed = 0, uses_anonymous_args = 0
  91              		.loc 1 51 24 is_stmt 0 view .LVU12
  92 0000 08B5     		push	{r3, lr}
  93              	.LCFI1:
  94              		.cfi_def_cfa_offset 8
  95              		.cfi_offset 3, -8
  96              		.cfi_offset 14, -4
  52:common/Src/syscalls.c ****   _kill(status, -1);
  97              		.loc 1 52 3 is_stmt 1 view .LVU13
  98 0002 4FF0FF31 		mov	r1, #-1
  99 0006 FFF7FEFF 		bl	_kill
 100              	.LVL3:
 101              	.L5:
  53:common/Src/syscalls.c ****   while (1) {
 102              		.loc 1 53 3 discriminator 1 view .LVU14
  54:common/Src/syscalls.c ****   } /* Make sure we hang here */
 103              		.loc 1 54 3 discriminator 1 view .LVU15
  53:common/Src/syscalls.c ****   while (1) {
 104              		.loc 1 53 9 discriminator 1 view .LVU16
 105 000a FEE7     		b	.L5
 106              		.cfi_endproc
 107              	.LFE320:
 109              		.section	.text._read,"ax",%progbits
 110              		.align	1
 111              		.weak	_read
 112              		.syntax unified
 113              		.thumb
 114              		.thumb_func
 116              	_read:
 117              	.LVL4:
 118              	.LFB321:
  55:common/Src/syscalls.c **** }
  56:common/Src/syscalls.c **** 
  57:common/Src/syscalls.c **** __weak int _read(int file, char *ptr, int len) {
 119              		.loc 1 57 48 view -0
 120              		.cfi_startproc
ARM GAS  /var/tmp//ccuH7trV.s 			page 4


 121              		@ args = 0, pretend = 0, frame = 0
 122              		@ frame_needed = 0, uses_anonymous_args = 0
 123              		.loc 1 57 48 is_stmt 0 view .LVU18
 124 0000 70B5     		push	{r4, r5, r6, lr}
 125              	.LCFI2:
 126              		.cfi_def_cfa_offset 16
 127              		.cfi_offset 4, -16
 128              		.cfi_offset 5, -12
 129              		.cfi_offset 6, -8
 130              		.cfi_offset 14, -4
 131 0002 0C46     		mov	r4, r1
 132 0004 1646     		mov	r6, r2
  58:common/Src/syscalls.c ****   (void)file;
 133              		.loc 1 58 3 is_stmt 1 view .LVU19
  59:common/Src/syscalls.c ****   int DataIdx;
 134              		.loc 1 59 3 view .LVU20
  60:common/Src/syscalls.c **** 
  61:common/Src/syscalls.c ****   for (DataIdx = 0; DataIdx < len; DataIdx++) {
 135              		.loc 1 61 3 view .LVU21
 136              	.LVL5:
 137              		.loc 1 61 16 is_stmt 0 view .LVU22
 138 0006 0025     		movs	r5, #0
 139              		.loc 1 61 3 view .LVU23
 140 0008 06E0     		b	.L8
 141              	.LVL6:
 142              	.L9:
  62:common/Src/syscalls.c ****     *ptr++ = __io_getchar();
 143              		.loc 1 62 5 is_stmt 1 discriminator 3 view .LVU24
 144              		.loc 1 62 14 is_stmt 0 discriminator 3 view .LVU25
 145 000a FFF7FEFF 		bl	__io_getchar
 146              	.LVL7:
 147              		.loc 1 62 9 discriminator 3 view .LVU26
 148 000e 2146     		mov	r1, r4
 149              	.LVL8:
 150              		.loc 1 62 12 discriminator 3 view .LVU27
 151 0010 01F8010B 		strb	r0, [r1], #1
 152              	.LVL9:
  61:common/Src/syscalls.c ****     *ptr++ = __io_getchar();
 153              		.loc 1 61 43 is_stmt 1 discriminator 3 view .LVU28
 154 0014 0135     		adds	r5, r5, #1
 155              	.LVL10:
 156              		.loc 1 62 9 is_stmt 0 discriminator 3 view .LVU29
 157 0016 0C46     		mov	r4, r1
 158              	.LVL11:
 159              	.L8:
  61:common/Src/syscalls.c ****     *ptr++ = __io_getchar();
 160              		.loc 1 61 29 is_stmt 1 discriminator 1 view .LVU30
 161 0018 B542     		cmp	r5, r6
 162 001a F6DB     		blt	.L9
  63:common/Src/syscalls.c ****   }
  64:common/Src/syscalls.c **** 
  65:common/Src/syscalls.c ****   return len;
 163              		.loc 1 65 3 view .LVU31
  66:common/Src/syscalls.c **** }
 164              		.loc 1 66 1 is_stmt 0 view .LVU32
 165 001c 3046     		mov	r0, r6
 166 001e 70BD     		pop	{r4, r5, r6, pc}
ARM GAS  /var/tmp//ccuH7trV.s 			page 5


 167              		.loc 1 66 1 view .LVU33
 168              		.cfi_endproc
 169              	.LFE321:
 171              		.section	.text._write,"ax",%progbits
 172              		.align	1
 173              		.weak	_write
 174              		.syntax unified
 175              		.thumb
 176              		.thumb_func
 178              	_write:
 179              	.LVL12:
 180              	.LFB322:
  67:common/Src/syscalls.c **** 
  68:common/Src/syscalls.c **** __weak int _write(int file, char *ptr, int len) {
 181              		.loc 1 68 49 is_stmt 1 view -0
 182              		.cfi_startproc
 183              		@ args = 0, pretend = 0, frame = 0
 184              		@ frame_needed = 0, uses_anonymous_args = 0
 185              		.loc 1 68 49 is_stmt 0 view .LVU35
 186 0000 70B5     		push	{r4, r5, r6, lr}
 187              	.LCFI3:
 188              		.cfi_def_cfa_offset 16
 189              		.cfi_offset 4, -16
 190              		.cfi_offset 5, -12
 191              		.cfi_offset 6, -8
 192              		.cfi_offset 14, -4
 193 0002 0C46     		mov	r4, r1
 194 0004 1646     		mov	r6, r2
  69:common/Src/syscalls.c ****   (void)file;
 195              		.loc 1 69 3 is_stmt 1 view .LVU36
  70:common/Src/syscalls.c ****   int DataIdx;
 196              		.loc 1 70 3 view .LVU37
  71:common/Src/syscalls.c **** 
  72:common/Src/syscalls.c ****   for (DataIdx = 0; DataIdx < len; DataIdx++) {
 197              		.loc 1 72 3 view .LVU38
 198              	.LVL13:
 199              		.loc 1 72 16 is_stmt 0 view .LVU39
 200 0006 0025     		movs	r5, #0
 201              		.loc 1 72 3 view .LVU40
 202 0008 04E0     		b	.L12
 203              	.LVL14:
 204              	.L13:
  73:common/Src/syscalls.c ****     __io_putchar(*ptr++);
 205              		.loc 1 73 5 is_stmt 1 discriminator 3 view .LVU41
 206              		.loc 1 73 5 is_stmt 0 discriminator 3 view .LVU42
 207 000a 14F8010B 		ldrb	r0, [r4], #1	@ zero_extendqisi2
 208              	.LVL15:
 209              		.loc 1 73 5 discriminator 3 view .LVU43
 210 000e FFF7FEFF 		bl	__io_putchar
 211              	.LVL16:
  72:common/Src/syscalls.c ****     __io_putchar(*ptr++);
 212              		.loc 1 72 43 is_stmt 1 discriminator 3 view .LVU44
 213 0012 0135     		adds	r5, r5, #1
 214              	.LVL17:
 215              	.L12:
  72:common/Src/syscalls.c ****     __io_putchar(*ptr++);
 216              		.loc 1 72 29 discriminator 1 view .LVU45
ARM GAS  /var/tmp//ccuH7trV.s 			page 6


 217 0014 B542     		cmp	r5, r6
 218 0016 F8DB     		blt	.L13
  74:common/Src/syscalls.c ****   }
  75:common/Src/syscalls.c ****   return len;
 219              		.loc 1 75 3 view .LVU46
  76:common/Src/syscalls.c **** }
 220              		.loc 1 76 1 is_stmt 0 view .LVU47
 221 0018 3046     		mov	r0, r6
 222 001a 70BD     		pop	{r4, r5, r6, pc}
 223              		.loc 1 76 1 view .LVU48
 224              		.cfi_endproc
 225              	.LFE322:
 227              		.section	.text._close,"ax",%progbits
 228              		.align	1
 229              		.global	_close
 230              		.syntax unified
 231              		.thumb
 232              		.thumb_func
 234              	_close:
 235              	.LVL18:
 236              	.LFB323:
  77:common/Src/syscalls.c **** 
  78:common/Src/syscalls.c **** int _close(int file) {
 237              		.loc 1 78 22 is_stmt 1 view -0
 238              		.cfi_startproc
 239              		@ args = 0, pretend = 0, frame = 0
 240              		@ frame_needed = 0, uses_anonymous_args = 0
 241              		@ link register save eliminated.
  79:common/Src/syscalls.c ****   (void)file;
 242              		.loc 1 79 3 view .LVU50
  80:common/Src/syscalls.c ****   return -1;
 243              		.loc 1 80 3 view .LVU51
  81:common/Src/syscalls.c **** }
 244              		.loc 1 81 1 is_stmt 0 view .LVU52
 245 0000 4FF0FF30 		mov	r0, #-1
 246              	.LVL19:
 247              		.loc 1 81 1 view .LVU53
 248 0004 7047     		bx	lr
 249              		.cfi_endproc
 250              	.LFE323:
 252              		.section	.text._fstat,"ax",%progbits
 253              		.align	1
 254              		.global	_fstat
 255              		.syntax unified
 256              		.thumb
 257              		.thumb_func
 259              	_fstat:
 260              	.LVL20:
 261              	.LFB324:
  82:common/Src/syscalls.c **** 
  83:common/Src/syscalls.c **** int _fstat(int file, struct stat *st) {
 262              		.loc 1 83 39 is_stmt 1 view -0
 263              		.cfi_startproc
 264              		@ args = 0, pretend = 0, frame = 0
 265              		@ frame_needed = 0, uses_anonymous_args = 0
 266              		@ link register save eliminated.
  84:common/Src/syscalls.c ****   (void)file;
ARM GAS  /var/tmp//ccuH7trV.s 			page 7


 267              		.loc 1 84 3 view .LVU55
  85:common/Src/syscalls.c ****   st->st_mode = S_IFCHR;
 268              		.loc 1 85 3 view .LVU56
 269              		.loc 1 85 15 is_stmt 0 view .LVU57
 270 0000 4FF40053 		mov	r3, #8192
 271 0004 4B60     		str	r3, [r1, #4]
  86:common/Src/syscalls.c ****   return 0;
 272              		.loc 1 86 3 is_stmt 1 view .LVU58
  87:common/Src/syscalls.c **** }
 273              		.loc 1 87 1 is_stmt 0 view .LVU59
 274 0006 0020     		movs	r0, #0
 275              	.LVL21:
 276              		.loc 1 87 1 view .LVU60
 277 0008 7047     		bx	lr
 278              		.cfi_endproc
 279              	.LFE324:
 281              		.section	.text._isatty,"ax",%progbits
 282              		.align	1
 283              		.global	_isatty
 284              		.syntax unified
 285              		.thumb
 286              		.thumb_func
 288              	_isatty:
 289              	.LVL22:
 290              	.LFB325:
  88:common/Src/syscalls.c **** 
  89:common/Src/syscalls.c **** int _isatty(int file) {
 291              		.loc 1 89 23 is_stmt 1 view -0
 292              		.cfi_startproc
 293              		@ args = 0, pretend = 0, frame = 0
 294              		@ frame_needed = 0, uses_anonymous_args = 0
 295              		@ link register save eliminated.
  90:common/Src/syscalls.c ****   (void)file;
 296              		.loc 1 90 3 view .LVU62
  91:common/Src/syscalls.c ****   return 1;
 297              		.loc 1 91 3 view .LVU63
  92:common/Src/syscalls.c **** }
 298              		.loc 1 92 1 is_stmt 0 view .LVU64
 299 0000 0120     		movs	r0, #1
 300              	.LVL23:
 301              		.loc 1 92 1 view .LVU65
 302 0002 7047     		bx	lr
 303              		.cfi_endproc
 304              	.LFE325:
 306              		.section	.text._lseek,"ax",%progbits
 307              		.align	1
 308              		.global	_lseek
 309              		.syntax unified
 310              		.thumb
 311              		.thumb_func
 313              	_lseek:
 314              	.LVL24:
 315              	.LFB326:
  93:common/Src/syscalls.c **** 
  94:common/Src/syscalls.c **** int _lseek(int file, int ptr, int dir) {
 316              		.loc 1 94 40 is_stmt 1 view -0
 317              		.cfi_startproc
ARM GAS  /var/tmp//ccuH7trV.s 			page 8


 318              		@ args = 0, pretend = 0, frame = 0
 319              		@ frame_needed = 0, uses_anonymous_args = 0
 320              		@ link register save eliminated.
  95:common/Src/syscalls.c ****   (void)file;
 321              		.loc 1 95 3 view .LVU67
  96:common/Src/syscalls.c ****   (void)ptr;
 322              		.loc 1 96 3 view .LVU68
  97:common/Src/syscalls.c ****   (void)dir;
 323              		.loc 1 97 3 view .LVU69
  98:common/Src/syscalls.c ****   return 0;
 324              		.loc 1 98 3 view .LVU70
  99:common/Src/syscalls.c **** }
 325              		.loc 1 99 1 is_stmt 0 view .LVU71
 326 0000 0020     		movs	r0, #0
 327              	.LVL25:
 328              		.loc 1 99 1 view .LVU72
 329 0002 7047     		bx	lr
 330              		.cfi_endproc
 331              	.LFE326:
 333              		.section	.text._open,"ax",%progbits
 334              		.align	1
 335              		.global	_open
 336              		.syntax unified
 337              		.thumb
 338              		.thumb_func
 340              	_open:
 341              	.LVL26:
 342              	.LFB327:
 100:common/Src/syscalls.c **** 
 101:common/Src/syscalls.c **** int _open(char *path, int flags, ...) {
 343              		.loc 1 101 39 is_stmt 1 view -0
 344              		.cfi_startproc
 345              		@ args = 4, pretend = 12, frame = 0
 346              		@ frame_needed = 0, uses_anonymous_args = 1
 347              		@ link register save eliminated.
 348              		.loc 1 101 39 is_stmt 0 view .LVU74
 349 0000 0EB4     		push	{r1, r2, r3}
 350              	.LCFI4:
 351              		.cfi_def_cfa_offset 12
 352              		.cfi_offset 1, -12
 353              		.cfi_offset 2, -8
 354              		.cfi_offset 3, -4
 102:common/Src/syscalls.c ****   (void)path;
 355              		.loc 1 102 3 is_stmt 1 view .LVU75
 103:common/Src/syscalls.c ****   (void)flags;
 356              		.loc 1 103 3 view .LVU76
 104:common/Src/syscalls.c ****   /* Pretend like we always fail */
 105:common/Src/syscalls.c ****   return -1;
 357              		.loc 1 105 3 view .LVU77
 106:common/Src/syscalls.c **** }
 358              		.loc 1 106 1 is_stmt 0 view .LVU78
 359 0002 4FF0FF30 		mov	r0, #-1
 360              	.LVL27:
 361              		.loc 1 106 1 view .LVU79
 362 0006 03B0     		add	sp, sp, #12
 363              	.LCFI5:
 364              		.cfi_restore 3
ARM GAS  /var/tmp//ccuH7trV.s 			page 9


 365              		.cfi_restore 2
 366              		.cfi_restore 1
 367              		.cfi_def_cfa_offset 0
 368 0008 7047     		bx	lr
 369              		.cfi_endproc
 370              	.LFE327:
 372              		.section	.text._wait,"ax",%progbits
 373              		.align	1
 374              		.global	_wait
 375              		.syntax unified
 376              		.thumb
 377              		.thumb_func
 379              	_wait:
 380              	.LVL28:
 381              	.LFB328:
 107:common/Src/syscalls.c **** 
 108:common/Src/syscalls.c **** int _wait(int *status) {
 382              		.loc 1 108 24 is_stmt 1 view -0
 383              		.cfi_startproc
 384              		@ args = 0, pretend = 0, frame = 0
 385              		@ frame_needed = 0, uses_anonymous_args = 0
 386              		.loc 1 108 24 is_stmt 0 view .LVU81
 387 0000 08B5     		push	{r3, lr}
 388              	.LCFI6:
 389              		.cfi_def_cfa_offset 8
 390              		.cfi_offset 3, -8
 391              		.cfi_offset 14, -4
 109:common/Src/syscalls.c ****   (void)status;
 392              		.loc 1 109 3 is_stmt 1 view .LVU82
 110:common/Src/syscalls.c ****   errno = ECHILD;
 393              		.loc 1 110 3 view .LVU83
 394 0002 FFF7FEFF 		bl	__errno
 395              	.LVL29:
 396              		.loc 1 110 9 is_stmt 0 view .LVU84
 397 0006 0A23     		movs	r3, #10
 398 0008 0360     		str	r3, [r0]
 111:common/Src/syscalls.c ****   return -1;
 399              		.loc 1 111 3 is_stmt 1 view .LVU85
 112:common/Src/syscalls.c **** }
 400              		.loc 1 112 1 is_stmt 0 view .LVU86
 401 000a 4FF0FF30 		mov	r0, #-1
 402 000e 08BD     		pop	{r3, pc}
 403              		.cfi_endproc
 404              	.LFE328:
 406              		.section	.text._unlink,"ax",%progbits
 407              		.align	1
 408              		.global	_unlink
 409              		.syntax unified
 410              		.thumb
 411              		.thumb_func
 413              	_unlink:
 414              	.LVL30:
 415              	.LFB329:
 113:common/Src/syscalls.c **** 
 114:common/Src/syscalls.c **** int _unlink(char *name) {
 416              		.loc 1 114 25 is_stmt 1 view -0
 417              		.cfi_startproc
ARM GAS  /var/tmp//ccuH7trV.s 			page 10


 418              		@ args = 0, pretend = 0, frame = 0
 419              		@ frame_needed = 0, uses_anonymous_args = 0
 420              		.loc 1 114 25 is_stmt 0 view .LVU88
 421 0000 08B5     		push	{r3, lr}
 422              	.LCFI7:
 423              		.cfi_def_cfa_offset 8
 424              		.cfi_offset 3, -8
 425              		.cfi_offset 14, -4
 115:common/Src/syscalls.c ****   (void)name;
 426              		.loc 1 115 3 is_stmt 1 view .LVU89
 116:common/Src/syscalls.c ****   errno = ENOENT;
 427              		.loc 1 116 3 view .LVU90
 428 0002 FFF7FEFF 		bl	__errno
 429              	.LVL31:
 430              		.loc 1 116 9 is_stmt 0 view .LVU91
 431 0006 0223     		movs	r3, #2
 432 0008 0360     		str	r3, [r0]
 117:common/Src/syscalls.c ****   return -1;
 433              		.loc 1 117 3 is_stmt 1 view .LVU92
 118:common/Src/syscalls.c **** }
 434              		.loc 1 118 1 is_stmt 0 view .LVU93
 435 000a 4FF0FF30 		mov	r0, #-1
 436 000e 08BD     		pop	{r3, pc}
 437              		.cfi_endproc
 438              	.LFE329:
 440              		.section	.text._times,"ax",%progbits
 441              		.align	1
 442              		.global	_times
 443              		.syntax unified
 444              		.thumb
 445              		.thumb_func
 447              	_times:
 448              	.LVL32:
 449              	.LFB330:
 119:common/Src/syscalls.c **** 
 120:common/Src/syscalls.c **** int _times(struct tms *buf) {
 450              		.loc 1 120 29 is_stmt 1 view -0
 451              		.cfi_startproc
 452              		@ args = 0, pretend = 0, frame = 0
 453              		@ frame_needed = 0, uses_anonymous_args = 0
 454              		@ link register save eliminated.
 121:common/Src/syscalls.c ****   (void)buf;
 455              		.loc 1 121 3 view .LVU95
 122:common/Src/syscalls.c ****   return -1;
 456              		.loc 1 122 3 view .LVU96
 123:common/Src/syscalls.c **** }
 457              		.loc 1 123 1 is_stmt 0 view .LVU97
 458 0000 4FF0FF30 		mov	r0, #-1
 459              	.LVL33:
 460              		.loc 1 123 1 view .LVU98
 461 0004 7047     		bx	lr
 462              		.cfi_endproc
 463              	.LFE330:
 465              		.section	.text._stat,"ax",%progbits
 466              		.align	1
 467              		.global	_stat
 468              		.syntax unified
ARM GAS  /var/tmp//ccuH7trV.s 			page 11


 469              		.thumb
 470              		.thumb_func
 472              	_stat:
 473              	.LVL34:
 474              	.LFB331:
 124:common/Src/syscalls.c **** 
 125:common/Src/syscalls.c **** int _stat(char *file, struct stat *st) {
 475              		.loc 1 125 40 is_stmt 1 view -0
 476              		.cfi_startproc
 477              		@ args = 0, pretend = 0, frame = 0
 478              		@ frame_needed = 0, uses_anonymous_args = 0
 479              		@ link register save eliminated.
 126:common/Src/syscalls.c ****   (void)file;
 480              		.loc 1 126 3 view .LVU100
 127:common/Src/syscalls.c ****   st->st_mode = S_IFCHR;
 481              		.loc 1 127 3 view .LVU101
 482              		.loc 1 127 15 is_stmt 0 view .LVU102
 483 0000 4FF40053 		mov	r3, #8192
 484 0004 4B60     		str	r3, [r1, #4]
 128:common/Src/syscalls.c ****   return 0;
 485              		.loc 1 128 3 is_stmt 1 view .LVU103
 129:common/Src/syscalls.c **** }
 486              		.loc 1 129 1 is_stmt 0 view .LVU104
 487 0006 0020     		movs	r0, #0
 488              	.LVL35:
 489              		.loc 1 129 1 view .LVU105
 490 0008 7047     		bx	lr
 491              		.cfi_endproc
 492              	.LFE331:
 494              		.section	.text._link,"ax",%progbits
 495              		.align	1
 496              		.global	_link
 497              		.syntax unified
 498              		.thumb
 499              		.thumb_func
 501              	_link:
 502              	.LVL36:
 503              	.LFB332:
 130:common/Src/syscalls.c **** 
 131:common/Src/syscalls.c **** int _link(char *old, char *new) {
 504              		.loc 1 131 33 is_stmt 1 view -0
 505              		.cfi_startproc
 506              		@ args = 0, pretend = 0, frame = 0
 507              		@ frame_needed = 0, uses_anonymous_args = 0
 508              		.loc 1 131 33 is_stmt 0 view .LVU107
 509 0000 08B5     		push	{r3, lr}
 510              	.LCFI8:
 511              		.cfi_def_cfa_offset 8
 512              		.cfi_offset 3, -8
 513              		.cfi_offset 14, -4
 132:common/Src/syscalls.c ****   (void)old;
 514              		.loc 1 132 3 is_stmt 1 view .LVU108
 133:common/Src/syscalls.c ****   (void)new;
 515              		.loc 1 133 3 view .LVU109
 134:common/Src/syscalls.c ****   errno = EMLINK;
 516              		.loc 1 134 3 view .LVU110
 517 0002 FFF7FEFF 		bl	__errno
ARM GAS  /var/tmp//ccuH7trV.s 			page 12


 518              	.LVL37:
 519              		.loc 1 134 9 is_stmt 0 view .LVU111
 520 0006 1F23     		movs	r3, #31
 521 0008 0360     		str	r3, [r0]
 135:common/Src/syscalls.c ****   return -1;
 522              		.loc 1 135 3 is_stmt 1 view .LVU112
 136:common/Src/syscalls.c **** }
 523              		.loc 1 136 1 is_stmt 0 view .LVU113
 524 000a 4FF0FF30 		mov	r0, #-1
 525 000e 08BD     		pop	{r3, pc}
 526              		.cfi_endproc
 527              	.LFE332:
 529              		.section	.text._fork,"ax",%progbits
 530              		.align	1
 531              		.global	_fork
 532              		.syntax unified
 533              		.thumb
 534              		.thumb_func
 536              	_fork:
 537              	.LFB333:
 137:common/Src/syscalls.c **** 
 138:common/Src/syscalls.c **** int _fork(void) {
 538              		.loc 1 138 17 is_stmt 1 view -0
 539              		.cfi_startproc
 540              		@ args = 0, pretend = 0, frame = 0
 541              		@ frame_needed = 0, uses_anonymous_args = 0
 542 0000 08B5     		push	{r3, lr}
 543              	.LCFI9:
 544              		.cfi_def_cfa_offset 8
 545              		.cfi_offset 3, -8
 546              		.cfi_offset 14, -4
 139:common/Src/syscalls.c ****   errno = EAGAIN;
 547              		.loc 1 139 3 view .LVU115
 548 0002 FFF7FEFF 		bl	__errno
 549              	.LVL38:
 550              		.loc 1 139 9 is_stmt 0 view .LVU116
 551 0006 0B23     		movs	r3, #11
 552 0008 0360     		str	r3, [r0]
 140:common/Src/syscalls.c ****   return -1;
 553              		.loc 1 140 3 is_stmt 1 view .LVU117
 141:common/Src/syscalls.c **** }
 554              		.loc 1 141 1 is_stmt 0 view .LVU118
 555 000a 4FF0FF30 		mov	r0, #-1
 556 000e 08BD     		pop	{r3, pc}
 557              		.cfi_endproc
 558              	.LFE333:
 560              		.section	.text._execve,"ax",%progbits
 561              		.align	1
 562              		.global	_execve
 563              		.syntax unified
 564              		.thumb
 565              		.thumb_func
 567              	_execve:
 568              	.LVL39:
 569              	.LFB334:
 142:common/Src/syscalls.c **** 
 143:common/Src/syscalls.c **** int _execve(char *name, char **argv, char **env) {
ARM GAS  /var/tmp//ccuH7trV.s 			page 13


 570              		.loc 1 143 50 is_stmt 1 view -0
 571              		.cfi_startproc
 572              		@ args = 0, pretend = 0, frame = 0
 573              		@ frame_needed = 0, uses_anonymous_args = 0
 574              		.loc 1 143 50 is_stmt 0 view .LVU120
 575 0000 08B5     		push	{r3, lr}
 576              	.LCFI10:
 577              		.cfi_def_cfa_offset 8
 578              		.cfi_offset 3, -8
 579              		.cfi_offset 14, -4
 144:common/Src/syscalls.c ****   (void)name;
 580              		.loc 1 144 3 is_stmt 1 view .LVU121
 145:common/Src/syscalls.c ****   (void)argv;
 581              		.loc 1 145 3 view .LVU122
 146:common/Src/syscalls.c ****   (void)env;
 582              		.loc 1 146 3 view .LVU123
 147:common/Src/syscalls.c ****   errno = ENOMEM;
 583              		.loc 1 147 3 view .LVU124
 584 0002 FFF7FEFF 		bl	__errno
 585              	.LVL40:
 586              		.loc 1 147 9 is_stmt 0 view .LVU125
 587 0006 0C23     		movs	r3, #12
 588 0008 0360     		str	r3, [r0]
 148:common/Src/syscalls.c ****   return -1;
 589              		.loc 1 148 3 is_stmt 1 view .LVU126
 149:common/Src/syscalls.c **** }
 590              		.loc 1 149 1 is_stmt 0 view .LVU127
 591 000a 4FF0FF30 		mov	r0, #-1
 592 000e 08BD     		pop	{r3, pc}
 593              		.cfi_endproc
 594              	.LFE334:
 596              		.global	environ
 597              		.section	.data.environ,"aw"
 598              		.align	2
 601              	environ:
 602 0000 00000000 		.word	__env
 603              		.global	__env
 604              		.section	.bss.__env,"aw",%nobits
 605              		.align	2
 608              	__env:
 609 0000 00000000 		.space	4
 610              		.weak	__io_putchar
 611              		.weak	__io_getchar
 612              		.text
 613              	.Letext0:
 614              		.file 2 "/nix/store/wlyks4zmr4x2sj2nrg9xhhdmjyhqk7ql-gcc-arm-embedded-12.2.rel1/arm-none-eabi/incl
 615              		.file 3 "/nix/store/wlyks4zmr4x2sj2nrg9xhhdmjyhqk7ql-gcc-arm-embedded-12.2.rel1/arm-none-eabi/incl
 616              		.file 4 "/nix/store/wlyks4zmr4x2sj2nrg9xhhdmjyhqk7ql-gcc-arm-embedded-12.2.rel1/arm-none-eabi/incl
 617              		.file 5 "/nix/store/wlyks4zmr4x2sj2nrg9xhhdmjyhqk7ql-gcc-arm-embedded-12.2.rel1/arm-none-eabi/incl
 618              		.file 6 "/nix/store/wlyks4zmr4x2sj2nrg9xhhdmjyhqk7ql-gcc-arm-embedded-12.2.rel1/arm-none-eabi/incl
 619              		.file 7 "/nix/store/wlyks4zmr4x2sj2nrg9xhhdmjyhqk7ql-gcc-arm-embedded-12.2.rel1/arm-none-eabi/incl
 620              		.file 8 "/nix/store/wlyks4zmr4x2sj2nrg9xhhdmjyhqk7ql-gcc-arm-embedded-12.2.rel1/arm-none-eabi/incl
 621              		.file 9 "/nix/store/wlyks4zmr4x2sj2nrg9xhhdmjyhqk7ql-gcc-arm-embedded-12.2.rel1/arm-none-eabi/incl
 622              		.file 10 "/nix/store/wlyks4zmr4x2sj2nrg9xhhdmjyhqk7ql-gcc-arm-embedded-12.2.rel1/arm-none-eabi/inc
ARM GAS  /var/tmp//ccuH7trV.s 			page 14


DEFINED SYMBOLS
                            *ABS*:0000000000000000 syscalls.c
/var/tmp//ccuH7trV.s:21     .text._getpid:0000000000000000 $t
/var/tmp//ccuH7trV.s:27     .text._getpid:0000000000000000 _getpid
/var/tmp//ccuH7trV.s:42     .text._kill:0000000000000000 $t
/var/tmp//ccuH7trV.s:48     .text._kill:0000000000000000 _kill
/var/tmp//ccuH7trV.s:77     .text._exit:0000000000000000 $t
/var/tmp//ccuH7trV.s:83     .text._exit:0000000000000000 _exit
/var/tmp//ccuH7trV.s:110    .text._read:0000000000000000 $t
/var/tmp//ccuH7trV.s:116    .text._read:0000000000000000 _read
/var/tmp//ccuH7trV.s:172    .text._write:0000000000000000 $t
/var/tmp//ccuH7trV.s:178    .text._write:0000000000000000 _write
/var/tmp//ccuH7trV.s:228    .text._close:0000000000000000 $t
/var/tmp//ccuH7trV.s:234    .text._close:0000000000000000 _close
/var/tmp//ccuH7trV.s:253    .text._fstat:0000000000000000 $t
/var/tmp//ccuH7trV.s:259    .text._fstat:0000000000000000 _fstat
/var/tmp//ccuH7trV.s:282    .text._isatty:0000000000000000 $t
/var/tmp//ccuH7trV.s:288    .text._isatty:0000000000000000 _isatty
/var/tmp//ccuH7trV.s:307    .text._lseek:0000000000000000 $t
/var/tmp//ccuH7trV.s:313    .text._lseek:0000000000000000 _lseek
/var/tmp//ccuH7trV.s:334    .text._open:0000000000000000 $t
/var/tmp//ccuH7trV.s:340    .text._open:0000000000000000 _open
/var/tmp//ccuH7trV.s:373    .text._wait:0000000000000000 $t
/var/tmp//ccuH7trV.s:379    .text._wait:0000000000000000 _wait
/var/tmp//ccuH7trV.s:407    .text._unlink:0000000000000000 $t
/var/tmp//ccuH7trV.s:413    .text._unlink:0000000000000000 _unlink
/var/tmp//ccuH7trV.s:441    .text._times:0000000000000000 $t
/var/tmp//ccuH7trV.s:447    .text._times:0000000000000000 _times
/var/tmp//ccuH7trV.s:466    .text._stat:0000000000000000 $t
/var/tmp//ccuH7trV.s:472    .text._stat:0000000000000000 _stat
/var/tmp//ccuH7trV.s:495    .text._link:0000000000000000 $t
/var/tmp//ccuH7trV.s:501    .text._link:0000000000000000 _link
/var/tmp//ccuH7trV.s:530    .text._fork:0000000000000000 $t
/var/tmp//ccuH7trV.s:536    .text._fork:0000000000000000 _fork
/var/tmp//ccuH7trV.s:561    .text._execve:0000000000000000 $t
/var/tmp//ccuH7trV.s:567    .text._execve:0000000000000000 _execve
/var/tmp//ccuH7trV.s:601    .data.environ:0000000000000000 environ
/var/tmp//ccuH7trV.s:598    .data.environ:0000000000000000 $d
/var/tmp//ccuH7trV.s:608    .bss.__env:0000000000000000 __env
/var/tmp//ccuH7trV.s:605    .bss.__env:0000000000000000 $d

UNDEFINED SYMBOLS
__errno
__io_getchar
__io_putchar
